#
# There is insufficient memory for the Java Runtime Environment to continue.
# Native memory allocation (malloc) failed to allocate 32752 bytes. Error detail: Chunk::new
# Possible reasons:
#   The system is out of physical RAM or swap space
#   This process is running with CompressedOops enabled, and the Java Heap may be blocking the growth of the native heap
# Possible solutions:
#   Reduce memory load on the system
#   Increase physical memory or swap space
#   Check if swap backing store is full
#   Decrease Java heap size (-Xmx/-Xms)
#   Decrease number of Java threads
#   Decrease Java thread stack sizes (-Xss)
#   Set larger code cache with -XX:ReservedCodeCacheSize=
#   JVM is running with Unscaled Compressed Oops mode in which the Java heap is
#     placed in the first 4GB address space. The Java Heap base address is the
#     maximum limit for the native heap growth. Please use -XX:HeapBaseMinAddress
#     to set the Java Heap base and to place the Java Heap above 4GB virtual address.
# This output file may be truncated or incomplete.
#
#  Out of Memory Error (arena.cpp:186), pid=16628, tid=28456
#
# JRE version: Java(TM) SE Runtime Environment (25.0+37) (build 25+37-LTS-3491)
# Java VM: Java HotSpot(TM) 64-Bit Server VM (25+37-LTS-3491, mixed mode, sharing, tiered, compressed oops, compressed class ptrs, parallel gc, windows-amd64)
# No core dump will be written. Minidumps are not enabled by default on client versions of Windows
#

---------------  S U M M A R Y ------------

Command Line: -Djdk.xml.maxGeneralEntitySizeLimit=0 -Djdk.xml.totalEntitySizeLimit=0 --add-modules=ALL-SYSTEM --add-opens=java.base/java.util=ALL-UNNAMED --add-opens=java.base/java.lang=ALL-UNNAMED --add-opens=java.base/sun.nio.fs=ALL-UNNAMED -Declipse.application=org.eclipse.jdt.ls.core.id1 -Dosgi.bundles.defaultStartLevel=4 -Declipse.product=org.eclipse.jdt.ls.core.product -Djava.import.generatesMetadataFilesAtProjectRoot=false -DDetectVMInstallationsJob.disabled=true -Dfile.encoding=utf8 -XX:+UseParallelGC -XX:GCTimeRatio=4 -XX:AdaptiveSizePolicyWeight=90 -Dsun.zip.disableMemoryMapping=true -Xmx2G -Xms100m -Xlog:disable -javaagent:c:\Users\Utilisateur\.vscode\extensions\redhat.java-1.55.0-win32-x64\lombok\lombok-1.18.39-4050.jar -XX:+HeapDumpOnOutOfMemoryError -XX:HeapDumpPath=c:\Users\Utilisateur\AppData\Roaming\Code\User\workspaceStorage\efa023533799aa9835102fb3971c23da\redhat.java -Daether.dependencyCollector.impl=bf c:\Users\Utilisateur\.vscode\extensions\redhat.java-1.55.0-win32-x64\server\plugins\org.eclipse.equinox.launcher_1.7.200.v20260619-2039.jar -configuration c:\Users\Utilisateur\AppData\Roaming\Code\User\globalStorage\redhat.java\1.55.0\config_win -data c:\Users\Utilisateur\AppData\Roaming\Code\User\workspaceStorage\efa023533799aa9835102fb3971c23da\redhat.java\jdt_ws --pipe=\\.\pipe\lsp-63e52ad414a57e86c8da7e3ca15681ea-sock

Host: Intel(R) Core(TM) i5-8365U CPU @ 1.60GHz, 8 cores, 15G,  Windows 11 , 64 bit Build 26100 (10.0.26100.8737)
Time: Thu Jul 16 14:56:12 2026 Afr. centrale Ouest elapsed time: 23.468158 seconds (0d 0h 0m 23s)

---------------  T H R E A D  ---------------

Current thread (0x0000024b4575c4a0):  JavaThread "C2 CompilerThread1" daemon [_thread_in_native, id=28456, stack(0x000000cfc0b00000,0x000000cfc0c00000) (1024K)]


Current CompileTask:
C2:23468 7848       4       jdk.internal.classfile.impl.StackMapGenerator::processBlock (2767 bytes)

Stack: [0x000000cfc0b00000,0x000000cfc0c00000]
Native frames: (J=compiled Java code, j=interpreted, Vv=VM code, C=native code)
V  [jvm.dll+0x7a6a39]  (no source info available)
V  [jvm.dll+0x7727ed]  (no source info available)
V  [jvm.dll+0x965f33]  (no source info available)
V  [jvm.dll+0x968531]  (no source info available)
V  [jvm.dll+0x968c33]  (no source info available)
V  [jvm.dll+0x2fc756]  (no source info available)
V  [jvm.dll+0x111b26]  (no source info available)
V  [jvm.dll+0x111e4e]  (no source info available)
V  [jvm.dll+0x71e635]  (no source info available)
V  [jvm.dll+0x71e7fb]  (no source info available)
V  [jvm.dll+0x724beb]  (no source info available)
V  [jvm.dll+0x725c69]  (no source info available)
V  [jvm.dll+0x723f28]  (no source info available)
V  [jvm.dll+0x2c0745]  (no source info available)
V  [jvm.dll+0x2bfa8f]  (no source info available)
V  [jvm.dll+0x237b60]  (no source info available)
V  [jvm.dll+0x2cfb56]  (no source info available)
V  [jvm.dll+0x2cddd5]  (no source info available)
V  [jvm.dll+0x48e671]  (no source info available)
V  [jvm.dll+0x90681d]  (no source info available)
V  [jvm.dll+0x7a5015]  (no source info available)
C  [ucrtbase.dll+0x2cd30]  (no source info available)
C  [KERNEL32.DLL+0x2e957]  (no source info available)
C  [ntdll.dll+0xaad6c]  (no source info available)

Lock stack of current Java thread (top to bottom):


---------------  P R O C E S S  ---------------

Threads class SMR info:
_java_thread_list=0x0000024b47df3860, length=51, elements={
0x0000024b22ad6190, 0x0000024b22b6e490, 0x0000024b22b713a0, 0x0000024b22b72190,
0x0000024b22b72bf0, 0x0000024b22b73650, 0x0000024b22b74f70, 0x0000024b22ae8bb0,
0x0000024b22ae93c0, 0x0000024b403409d0, 0x0000024b406dbe60, 0x0000024b40df93e0,
0x0000024b4526ae50, 0x0000024b4526c5c0, 0x0000024b45269eb0, 0x0000024b4526e500,
0x0000024b45270c10, 0x0000024b4503fb90, 0x0000024b450422a0, 0x0000024b45041300,
0x0000024b45046120, 0x0000024b450468f0, 0x0000024b404e9880, 0x0000024b404e90b0,
0x0000024b404e8110, 0x0000024b404e7940, 0x0000024b404eb7c0, 0x0000024b404ecf30,
0x0000024b404ebf90, 0x0000024b404ec760, 0x0000024b404eded0, 0x0000024b47eafe30,
0x0000024b47ead720, 0x0000024b47eb2d10, 0x0000024b40a67f30, 0x0000024b4526f4a0,
0x0000024b45a96720, 0x0000024b45a94010, 0x0000024b45a94fb0, 0x0000024b45a97e90,
0x0000024b45a98e30, 0x0000024b45a98660, 0x0000024b45a96ef0, 0x0000024b47205e20,
0x0000024b47202f40, 0x0000024b47203710, 0x0000024b47206dc0, 0x0000024b47207d60,
0x0000024b47208d00, 0x0000024b4575c4a0, 0x0000024b45768620
}

Java Threads: ( => current thread )
  0x0000024b22ad6190 JavaThread "main"                              [_thread_blocked, id=5724, stack(0x000000cfbf300000,0x000000cfbf400000) (1024K)]
  0x0000024b22b6e490 JavaThread "Reference Handler"          daemon [_thread_blocked, id=9276, stack(0x000000cfbf700000,0x000000cfbf800000) (1024K)]
  0x0000024b22b713a0 JavaThread "Finalizer"                  daemon [_thread_blocked, id=21644, stack(0x000000cfbf800000,0x000000cfbf900000) (1024K)]
  0x0000024b22b72190 JavaThread "Signal Dispatcher"          daemon [_thread_blocked, id=28380, stack(0x000000cfbf900000,0x000000cfbfa00000) (1024K)]
  0x0000024b22b72bf0 JavaThread "Attach Listener"            daemon [_thread_blocked, id=10308, stack(0x000000cfbfa00000,0x000000cfbfb00000) (1024K)]
  0x0000024b22b73650 JavaThread "Service Thread"             daemon [_thread_blocked, id=25976, stack(0x000000cfbfb00000,0x000000cfbfc00000) (1024K)]
  0x0000024b22b74f70 JavaThread "Monitor Deflation Thread"   daemon [_thread_blocked, id=24600, stack(0x000000cfbfc00000,0x000000cfbfd00000) (1024K)]
  0x0000024b22ae8bb0 JavaThread "C2 CompilerThread0"         daemon [_thread_in_native, id=19304, stack(0x000000cfbfd00000,0x000000cfbfe00000) (1024K)]
  0x0000024b22ae93c0 JavaThread "C1 CompilerThread0"         daemon [_thread_blocked, id=30828, stack(0x000000cfbfe00000,0x000000cfbff00000) (1024K)]
  0x0000024b403409d0 JavaThread "Common-Cleaner"             daemon [_thread_blocked, id=31644, stack(0x000000cfbff00000,0x000000cfc0000000) (1024K)]
  0x0000024b406dbe60 JavaThread "Notification Thread"        daemon [_thread_blocked, id=25084, stack(0x000000cfc0000000,0x000000cfc0100000) (1024K)]
  0x0000024b40df93e0 JavaThread "Active Thread: Equinox Container: 65aec292-28e1-495c-8198-ac716474fba1"        [_thread_blocked, id=19552, stack(0x000000cfc0100000,0x000000cfc0200000) (1024K)]
  0x0000024b4526ae50 JavaThread "Framework Event Dispatcher: Equinox Container: 65aec292-28e1-495c-8198-ac716474fba1" daemon [_thread_blocked, id=20656, stack(0x000000cfc0200000,0x000000cfc0300000) (1024K)]
  0x0000024b4526c5c0 JavaThread "Start Level: Equinox Container: 65aec292-28e1-495c-8198-ac716474fba1" daemon [_thread_blocked, id=24364, stack(0x000000cfc0700000,0x000000cfc0800000) (1024K)]
  0x0000024b45269eb0 JavaThread "Bundle File Closer"         daemon [_thread_blocked, id=27556, stack(0x000000cfc0900000,0x000000cfc0a00000) (1024K)]
  0x0000024b4526e500 JavaThread "SCR Component Actor"        daemon [_thread_blocked, id=31104, stack(0x000000cfc0800000,0x000000cfc0900000) (1024K)]
  0x0000024b45270c10 JavaThread "Worker-JM"                         [_thread_blocked, id=24076, stack(0x000000cfc0c00000,0x000000cfc0d00000) (1024K)]
  0x0000024b4503fb90 JavaThread "JNA Cleaner"                daemon [_thread_blocked, id=28744, stack(0x000000cfc0f00000,0x000000cfc1000000) (1024K)]
  0x0000024b450422a0 JavaThread "Worker-0"                          [_thread_blocked, id=21148, stack(0x000000cfc1000000,0x000000cfc1100000) (1024K)]
  0x0000024b45041300 JavaThread "Worker-1"                          [_thread_blocked, id=23540, stack(0x000000cfc1100000,0x000000cfc1200000) (1024K)]
  0x0000024b45046120 JavaThread "Worker-2"                          [_thread_blocked, id=21636, stack(0x000000cfc1300000,0x000000cfc1400000) (1024K)]
  0x0000024b450468f0 JavaThread "Java indexing"              daemon [_thread_blocked, id=18176, stack(0x000000cfc1400000,0x000000cfc1500000) (1024K)]
  0x0000024b404e9880 JavaThread "Worker-3: Initialize workspace"        [_thread_in_Java, id=32480, stack(0x000000cfc1700000,0x000000cfc1800000) (1024K)]
  0x0000024b404e90b0 JavaThread "Worker-4"                          [_thread_blocked, id=31864, stack(0x000000cfc1800000,0x000000cfc1900000) (1024K)]
  0x0000024b404e8110 JavaThread "InnocuousThread-1"          daemon [_thread_in_native, id=22224, stack(0x000000cfc1900000,0x000000cfc1a00000) (1024K)]
  0x0000024b404e7940 JavaThread "InnocuousThread-2"          daemon [_thread_in_native, id=25912, stack(0x000000cfc1a00000,0x000000cfc1b00000) (1024K)]
  0x0000024b404eb7c0 JavaThread "InnocuousThread-3"          daemon [_thread_in_native, id=12616, stack(0x000000cfc1b00000,0x000000cfc1c00000) (1024K)]
  0x0000024b404ecf30 JavaThread "InnocuousThread-4"          daemon [_thread_in_native, id=32020, stack(0x000000cfc1c00000,0x000000cfc1d00000) (1024K)]
  0x0000024b404ebf90 JavaThread "InnocuousThread-5"          daemon [_thread_in_native, id=29208, stack(0x000000cfc1d00000,0x000000cfc1e00000) (1024K)]
  0x0000024b404ec760 JavaThread "InnocuousThread-6"          daemon [_thread_in_native, id=11616, stack(0x000000cfc1e00000,0x000000cfc1f00000) (1024K)]
  0x0000024b404eded0 JavaThread "InnocuousThread-7"          daemon [_thread_in_native, id=22668, stack(0x000000cfc1f00000,0x000000cfc2000000) (1024K)]
  0x0000024b47eafe30 JavaThread "InnocuousThread-8"          daemon [_thread_in_native, id=22856, stack(0x000000cfc2000000,0x000000cfc2100000) (1024K)]
  0x0000024b47ead720 JavaThread "InnocuousThread-9"          daemon [_thread_in_native, id=30920, stack(0x000000cfc2100000,0x000000cfc2200000) (1024K)]
  0x0000024b47eb2d10 JavaThread "pool-2-thread-1"                   [_thread_blocked, id=31764, stack(0x000000cfc2200000,0x000000cfc2300000) (1024K)]
  0x0000024b40a67f30 JavaThread "WorkspaceEventsHandler"            [_thread_blocked, id=32248, stack(0x000000cfc2300000,0x000000cfc2400000) (1024K)]
  0x0000024b4526f4a0 JavaThread "pool-1-thread-1"                   [_thread_blocked, id=25340, stack(0x000000cfc2400000,0x000000cfc2500000) (1024K)]
  0x0000024b45a96720 JavaThread "PatternSearchJob-worker-1"  daemon [_thread_blocked, id=2288, stack(0x000000cfc2500000,0x000000cfc2600000) (1024K)]
  0x0000024b45a94010 JavaThread "PatternSearchJob-worker-2"  daemon [_thread_blocked, id=30352, stack(0x000000cfc2600000,0x000000cfc2700000) (1024K)]
  0x0000024b45a94fb0 JavaThread "PatternSearchJob-worker-3"  daemon [_thread_blocked, id=25124, stack(0x000000cfc2700000,0x000000cfc2800000) (1024K)]
  0x0000024b45a97e90 JavaThread "PatternSearchJob-worker-4"  daemon [_thread_blocked, id=17736, stack(0x000000cfc2800000,0x000000cfc2900000) (1024K)]
  0x0000024b45a98e30 JavaThread "PatternSearchJob-worker-5"  daemon [_thread_blocked, id=30976, stack(0x000000cfc2900000,0x000000cfc2a00000) (1024K)]
  0x0000024b45a98660 JavaThread "PatternSearchJob-worker-6"  daemon [_thread_blocked, id=30120, stack(0x000000cfc2a00000,0x000000cfc2b00000) (1024K)]
  0x0000024b45a96ef0 JavaThread "PatternSearchJob-worker-7"  daemon [_thread_blocked, id=27324, stack(0x000000cfc2b00000,0x000000cfc2c00000) (1024K)]
  0x0000024b47205e20 JavaThread "ForkJoinPool.commonPool-worker-1" daemon [_thread_blocked, id=30364, stack(0x000000cfc1200000,0x000000cfc1300000) (1024K)]
  0x0000024b47202f40 JavaThread "ForkJoinPool.commonPool-worker-2" daemon [_thread_blocked, id=23076, stack(0x000000cfc2c00000,0x000000cfc2d00000) (1024K)]
  0x0000024b47203710 JavaThread "ForkJoinPool.commonPool-worker-3" daemon [_thread_blocked, id=23776, stack(0x000000cfc2d00000,0x000000cfc2e00000) (1024K)]
  0x0000024b47206dc0 JavaThread "ForkJoinPool.commonPool-worker-4" daemon [_thread_blocked, id=22024, stack(0x000000cfc2e00000,0x000000cfc2f00000) (1024K)]
  0x0000024b47207d60 JavaThread "ForkJoinPool.commonPool-worker-5" daemon [_thread_blocked, id=29428, stack(0x000000cfc2f00000,0x000000cfc3000000) (1024K)]
  0x0000024b47208d00 JavaThread "ForkJoinPool.commonPool-worker-6" daemon [_thread_blocked, id=29328, stack(0x000000cfc3000000,0x000000cfc3100000) (1024K)]
=>0x0000024b4575c4a0 JavaThread "C2 CompilerThread1"         daemon [_thread_in_native, id=28456, stack(0x000000cfc0b00000,0x000000cfc0c00000) (1024K)]
  0x0000024b45768620 JavaThread "C2 CompilerThread2"         daemon [_thread_in_native, id=29144, stack(0x000000cfc3100000,0x000000cfc3200000) (1024K)]
Total: 51

Other Threads:
  0x0000024b22b5a790 VMThread "VM Thread"                           [id=29636, stack(0x000000cfbf600000,0x000000cfbf700000) (1024K)]
  0x0000024b3e7bc880 WatcherThread "VM Periodic Task Thread"        [id=8228, stack(0x000000cfbf500000,0x000000cfbf600000) (1024K)]
  0x0000024b22af4f30 WorkerThread "GC Thread#0"                     [id=20884, stack(0x000000cfbf400000,0x000000cfbf500000) (1024K)]
  0x0000024b40a92070 WorkerThread "GC Thread#1"                     [id=32132, stack(0x000000cfc0300000,0x000000cfc0400000) (1024K)]
  0x0000024b40a8f9a0 WorkerThread "GC Thread#2"                     [id=13724, stack(0x000000cfc0400000,0x000000cfc0500000) (1024K)]
  0x0000024b40a924c0 WorkerThread "GC Thread#3"                     [id=22404, stack(0x000000cfc0500000,0x000000cfc0600000) (1024K)]
  0x0000024b40a90f30 WorkerThread "GC Thread#4"                     [id=29780, stack(0x000000cfc0600000,0x000000cfc0700000) (1024K)]
  0x0000024b40bf58a0 WorkerThread "GC Thread#5"                     [id=28108, stack(0x000000cfc0a00000,0x000000cfc0b00000) (1024K)]
  0x0000024b40bf2090 WorkerThread "GC Thread#6"                     [id=8468, stack(0x000000cfc0d00000,0x000000cfc0e00000) (1024K)]
  0x0000024b40bf6590 WorkerThread "GC Thread#7"                     [id=15000, stack(0x000000cfc0e00000,0x000000cfc0f00000) (1024K)]
Total: 10

Threads with active compile tasks:
C2 CompilerThread0  23716 7960   !   4       java.nio.file.FileTreeWalker::next (131 bytes)
C1 CompilerThread0  23716 8111       3       jdk.internal.jimage.ImageReader$SharedImageReader::visitLocation (73 bytes)
C2 CompilerThread1  23716 7848       4       jdk.internal.classfile.impl.StackMapGenerator::processBlock (2767 bytes)
C2 CompilerThread2  23717 7959   !   4       java.nio.file.FileTreeWalker::visit (176 bytes)
Total: 4

VM state: not at safepoint (normal execution)

VM Mutex/Monitor currently owned by a thread: None

Heap address: 0x0000000080000000, size: 2048 MB, Compressed Oops mode: 32-bit

CDS archive(s) mapped at: [0x000000002f000000-0x000000002fdd0000-0x000000002fdd0000), size 14483456, SharedBaseAddress: 0x000000002f000000, ArchiveRelocationMode: 1.
Compressed class space mapped at: 0x0000000030000000-0x0000000070000000, reserved size: 1073741824
UseCompressedClassPointers 1, UseCompactObjectHeaders 0
Narrow klass pointer bits 32, Max shift 3
Narrow klass base: 0x000000002f000000, Narrow klass shift: 0
Encoding Range: [0x000000002f000000 - 0x000000012f000000), (4294967296 bytes)
Klass Range:    [0x000000002f010000 - 0x0000000070000000), (1090453504 bytes)
Klass ID Range:  [65536 - 1090519033) (1090453497)
Protection zone: [0x000000002f000000 - 0x000000002f010000), (65536 bytes)

GC Precious Log:
 CardTable entry size: 512
 CPUs: 8 total, 8 available
 Memory: 16158M
 Large Page Support: Disabled
 NUMA Support: Disabled
 Compressed Oops: Enabled (32-bit)
 Alignments: Space 512K, Generation 512K, Heap 2M
 Heap Min Capacity: 100M
 Heap Initial Capacity: 100M
 Heap Max Capacity: 2G
 Pre-touch: Disabled
 Parallel Workers: 8

Heap:
 PSYoungGen      total 30208K, used 6367K [0x00000000d5580000, 0x00000000d7680000, 0x0000000100000000)
  eden space 29696K, 20% used [0x00000000d5580000,0x00000000d5b4e908,0x00000000d7280000)
  from space 512K, 96% used [0x00000000d7600000,0x00000000d767c030,0x00000000d7680000)
  to   space 2048K, 0% used [0x00000000d7280000,0x00000000d7280000,0x00000000d7480000)
 ParOldGen       total 68608K, used 34868K [0x0000000080000000, 0x0000000084300000, 0x00000000d5580000)
  object space 68608K, 50% used [0x0000000080000000,0x000000008220d178,0x0000000084300000)

Card table byte_map: [0x0000024b3c000000,0x0000024b3c400000] _byte_map_base: 0x0000024b3bc00000

Marking Bits: (ParMarkBitMap*) 0x00007ff8216ae9c0
 Begin Bits: [0x0000024b3c6b0000, 0x0000024b3e6b0000)

Polling page: 0x0000024b22f40000

Metaspace:
Metaspace        used 48225K, committed 49408K, reserved 1114112K
 class space     used 4254K, committed 4736K, reserved 1048576K

Usage:
  Non-class:     42.94 MB used.
      Class:      4.15 MB used.
       Both:     47.10 MB used.

Virtual space:
  Non-class space:       64.00 MB reserved,      43.62 MB ( 68%) committed,  1 nodes.
      Class space:        1.00 GB reserved,       4.62 MB ( <1%) committed,  1 nodes.
             Both:        1.06 GB reserved,      48.25 MB (  4%) committed. 

Chunk freelists:
   Non-Class:  4.16 MB
       Class:  11.22 MB
        Both:  15.38 MB

MaxMetaspaceSize: unlimited
CompressedClassSpaceSize: 1.00 GB
Initial GC threshold: 21.00 MB
Current GC threshold: 58.38 MB
CDS: on
 - commit_granule_bytes: 65536.
 - commit_granule_words: 8192.
 - virtual_space_node_default_size: 8388608.
 - enlarge_chunks_in_place: 1.
UseCompressedClassPointers 1, UseCompactObjectHeaders 0
Narrow klass pointer bits 32, Max shift 3
Narrow klass base: 0x000000002f000000, Narrow klass shift: 0
Encoding Range: [0x000000002f000000 - 0x000000012f000000), (4294967296 bytes)
Klass Range:    [0x000000002f010000 - 0x0000000070000000), (1090453504 bytes)
Klass ID Range:  [65536 - 1090519033) (1090453497)
Protection zone: [0x000000002f000000 - 0x000000002f010000), (65536 bytes)


Internal statistics:

num_allocs_failed_limit: 8.
num_arena_births: 658.
num_arena_deaths: 14.
num_vsnodes_births: 2.
num_vsnodes_deaths: 0.
num_space_committed: 772.
num_space_uncommitted: 0.
num_chunks_returned_to_freelist: 22.
num_chunks_taken_from_freelist: 2764.
num_chunk_merges: 13.
num_chunk_splits: 1731.
num_chunks_enlarged: 1045.
num_inconsistent_stats: 0.

CodeHeap 'non-profiled nmethods': size=120064Kb used=2465Kb max_used=2465Kb free=117598Kb
 bounds [0x0000024b348d0000, 0x0000024b34b40000, 0x0000024b3be10000]
CodeHeap 'profiled nmethods': size=120000Kb used=11784Kb max_used=11784Kb free=108215Kb
 bounds [0x0000024b2ce10000, 0x0000024b2d9a0000, 0x0000024b34340000]
CodeHeap 'non-nmethods': size=5696Kb used=1454Kb max_used=1538Kb free=4242Kb
 bounds [0x0000024b34340000, 0x0000024b345b0000, 0x0000024b348d0000]
CodeCache: size=245760Kb, used=15703Kb, max_used=15787Kb, free=230055Kb
 total_blobs=7972, nmethods=7280, adapters=596, full_count=0
Compilation: enabled, stopped_count=0, restarted_count=0

Compilation events (20 events):
Event: 23.461 Thread 0x0000024b22ae93c0 nmethod 7974 0x0000024b2d954688 code [0x0000024b2d954780, 0x0000024b2d954d60]
Event: 23.461 Thread 0x0000024b22ae93c0 7977       3       java.nio.file.Files::readAttributes (11 bytes)
Event: 23.462 Thread 0x0000024b22ae93c0 nmethod 7977 0x0000024b2d954d88 code [0x0000024b2d954e80, 0x0000024b2d955238]
Event: 23.462 Thread 0x0000024b22ae93c0 7973       3       java.util.stream.SpinedBuffer::clear (88 bytes)
Event: 23.462 Thread 0x0000024b22ae93c0 nmethod 7973 0x0000024b2d955288 code [0x0000024b2d955380, 0x0000024b2d955910]
Event: 23.462 Thread 0x0000024b22ae93c0 7978       3       java.util.Spliterators$1Adapter::accept (11 bytes)
Event: 23.463 Thread 0x0000024b22ae93c0 nmethod 7978 0x0000024b2d955988 code [0x0000024b2d955a80, 0x0000024b2d955ba8]
Event: 23.463 Thread 0x0000024b22ae93c0 7970       3       java.util.stream.StreamSpliterators$WrappingSpliterator::tryAdvance (36 bytes)
Event: 23.463 Thread 0x0000024b22ae93c0 nmethod 7970 0x0000024b2d955c88 code [0x0000024b2d955d80, 0x0000024b2d956330]
Event: 23.463 Thread 0x0000024b22ae93c0 7971       3       java.util.stream.StreamSpliterators$AbstractWrappingSpliterator::doAdvance (106 bytes)
Event: 23.464 Thread 0x0000024b22ae93c0 nmethod 7971 0x0000024b2d956388 code [0x0000024b2d956480, 0x0000024b2d956eb8]
Event: 23.464 Thread 0x0000024b22ae93c0 7969       1       jdk.internal.jrtfs.JrtFileSystem::isOpen (5 bytes)
Event: 23.465 Thread 0x0000024b22ae93c0 nmethod 7969 0x0000024b34b35608 code [0x0000024b34b35700, 0x0000024b34b357c8]
Event: 23.465 Thread 0x0000024b22ae93c0 7975       1       jdk.internal.jrtfs.JrtPath::getFileSystem (5 bytes)
Event: 23.465 Thread 0x0000024b22ae93c0 nmethod 7975 0x0000024b34b35908 code [0x0000024b34b35a00, 0x0000024b34b35ac8]
Event: 23.465 Thread 0x0000024b22ae93c0 7976       1       jdk.internal.jrtfs.JrtFileSystem::provider (5 bytes)
Event: 23.465 Thread 0x0000024b22ae93c0 nmethod 7976 0x0000024b34b35c08 code [0x0000024b34b35d00, 0x0000024b34b35dc8]
Event: 23.465 Thread 0x0000024b22ae93c0 7967       1       jdk.internal.jrtfs.JrtPath::toString (5 bytes)
Event: 23.465 Thread 0x0000024b22ae93c0 nmethod 7967 0x0000024b34b35f08 code [0x0000024b34b36000, 0x0000024b34b360c8]
Event: 23.465 Thread 0x0000024b22ae93c0 7979       3       java.util.Spliterators$1Adapter::next (39 bytes)

GC Heap Usage History (20 events):
Event: 10.975 {heap Before GC invocations=10 (full 1):
 PSYoungGen      total 31232K, used 28581K [0x00000000d5580000, 0x00000000d7680000, 0x0000000100000000)
  eden space 27648K, 100% used [0x00000000d5580000,0x00000000d7080000,0x00000000d7080000)
  from space 3584K, 26% used [0x00000000d7300000,0x00000000d73e9688,0x00000000d7680000)
  to   space 2560K, 0% used [0x00000000d7080000,0x00000000d7080000,0x00000000d7300000)
 ParOldGen       total 68608K, used 14196K [0x0000000080000000, 0x0000000084300000, 0x00000000d558000Event: 10.978 {heap After GC invocations=10 (full 1):
 PSYoungGen      total 30208K, used 1967K [0x00000000d5580000, 0x00000000d7680000, 0x0000000100000000)
  eden space 27648K, 0% used [0x00000000d5580000,0x00000000d5580000,0x00000000d7080000)
  from space 2560K, 76% used [0x00000000d7080000,0x00000000d726bf08,0x00000000d7300000)
  to   space 2560K, 0% used [0x00000000d7400000,0x00000000d7400000,0x00000000d7680000)
 ParOldGen       total 68608K, used 14986K [0x0000000080000000, 0x0000000084300000, 0x00000000d5580000)
 Event: 11.519 {heap Before GC invocations=11 (full 1):
 PSYoungGen      total 30208K, used 29614K [0x00000000d5580000, 0x00000000d7680000, 0x0000000100000000)
  eden space 27648K, 99% used [0x00000000d5580000,0x00000000d707fa60,0x00000000d7080000)
  from space 2560K, 76% used [0x00000000d7080000,0x00000000d726bf08,0x00000000d7300000)
  to   space 2560K, 0% used [0x00000000d7400000,0x00000000d7400000,0x00000000d7680000)
 ParOldGen       total 68608K, used 14986K [0x0000000080000000, 0x0000000084300000, 0x00000000d5580000Event: 11.522 {heap After GC invocations=11 (full 1):
 PSYoungGen      total 31232K, used 2435K [0x00000000d5580000, 0x00000000d7680000, 0x0000000100000000)
  eden space 28672K, 0% used [0x00000000d5580000,0x00000000d5580000,0x00000000d7180000)
  from space 2560K, 95% used [0x00000000d7400000,0x00000000d7660d18,0x00000000d7680000)
  to   space 2560K, 0% used [0x00000000d7180000,0x00000000d7180000,0x00000000d7400000)
 ParOldGen       total 68608K, used 15695K [0x0000000080000000, 0x0000000084300000, 0x00000000d5580000)
 Event: 12.006 {heap Before GC invocations=12 (full 1):
 PSYoungGen      total 31232K, used 31107K [0x00000000d5580000, 0x00000000d7680000, 0x0000000100000000)
  eden space 28672K, 100% used [0x00000000d5580000,0x00000000d7180000,0x00000000d7180000)
  from space 2560K, 95% used [0x00000000d7400000,0x00000000d7660d18,0x00000000d7680000)
  to   space 2560K, 0% used [0x00000000d7180000,0x00000000d7180000,0x00000000d7400000)
 ParOldGen       total 68608K, used 15695K [0x0000000080000000, 0x0000000084300000, 0x00000000d558000Event: 12.013 {heap After GC invocations=12 (full 1):
 PSYoungGen      total 31232K, used 1229K [0x00000000d5580000, 0x00000000d7680000, 0x0000000100000000)
  eden space 28672K, 0% used [0x00000000d5580000,0x00000000d5580000,0x00000000d7180000)
  from space 2560K, 48% used [0x00000000d7180000,0x00000000d72b3508,0x00000000d7400000)
  to   space 2048K, 0% used [0x00000000d7480000,0x00000000d7480000,0x00000000d7680000)
 ParOldGen       total 68608K, used 17932K [0x0000000080000000, 0x0000000084300000, 0x00000000d5580000)
 Event: 12.235 {heap Before GC invocations=13 (full 2):
 PSYoungGen      total 31232K, used 22413K [0x00000000d5580000, 0x00000000d7680000, 0x0000000100000000)
  eden space 28672K, 73% used [0x00000000d5580000,0x00000000d6a30068,0x00000000d7180000)
  from space 2560K, 48% used [0x00000000d7180000,0x00000000d72b3508,0x00000000d7400000)
  to   space 2048K, 0% used [0x00000000d7480000,0x00000000d7480000,0x00000000d7680000)
 ParOldGen       total 68608K, used 17932K [0x0000000080000000, 0x0000000084300000, 0x00000000d5580000Event: 12.286 {heap After GC invocations=13 (full 2):
 PSYoungGen      total 31232K, used 0K [0x00000000d5580000, 0x00000000d7680000, 0x0000000100000000)
  eden space 28672K, 0% used [0x00000000d5580000,0x00000000d5580000,0x00000000d7180000)
  from space 2560K, 0% used [0x00000000d7180000,0x00000000d7180000,0x00000000d7400000)
  to   space 2048K, 0% used [0x00000000d7480000,0x00000000d7480000,0x00000000d7680000)
 ParOldGen       total 68608K, used 20317K [0x0000000080000000, 0x0000000084300000, 0x00000000d5580000)
  objEvent: 12.638 {heap Before GC invocations=14 (full 2):
 PSYoungGen      total 31232K, used 28672K [0x00000000d5580000, 0x00000000d7680000, 0x0000000100000000)
  eden space 28672K, 100% used [0x00000000d5580000,0x00000000d7180000,0x00000000d7180000)
  from space 2560K, 0% used [0x00000000d7180000,0x00000000d7180000,0x00000000d7400000)
  to   space 2048K, 0% used [0x00000000d7480000,0x00000000d7480000,0x00000000d7680000)
 ParOldGen       total 68608K, used 20317K [0x0000000080000000, 0x0000000084300000, 0x00000000d5580000Event: 12.643 {heap After GC invocations=14 (full 2):
 PSYoungGen      total 30208K, used 2032K [0x00000000d5580000, 0x00000000d7800000, 0x0000000100000000)
  eden space 28160K, 0% used [0x00000000d5580000,0x00000000d5580000,0x00000000d7100000)
  from space 2048K, 99% used [0x00000000d7480000,0x00000000d767c010,0x00000000d7680000)
  to   space 3584K, 0% used [0x00000000d7100000,0x00000000d7100000,0x00000000d7480000)
 ParOldGen       total 68608K, used 21085K [0x0000000080000000, 0x0000000084300000, 0x00000000d5580000)
 Event: 13.131 {heap Before GC invocations=15 (full 2):
 PSYoungGen      total 30208K, used 30192K [0x00000000d5580000, 0x00000000d7800000, 0x0000000100000000)
  eden space 28160K, 100% used [0x00000000d5580000,0x00000000d7100000,0x00000000d7100000)
  from space 2048K, 99% used [0x00000000d7480000,0x00000000d767c010,0x00000000d7680000)
  to   space 3584K, 0% used [0x00000000d7100000,0x00000000d7100000,0x00000000d7480000)
 ParOldGen       total 68608K, used 21085K [0x0000000080000000, 0x0000000084300000, 0x00000000d558000Event: 13.138 {heap After GC invocations=15 (full 2):
 PSYoungGen      total 31232K, used 3573K [0x00000000d5580000, 0x00000000d7e80000, 0x0000000100000000)
  eden space 27648K, 0% used [0x00000000d5580000,0x00000000d5580000,0x00000000d7080000)
  from space 3584K, 99% used [0x00000000d7100000,0x00000000d747d498,0x00000000d7480000)
  to   space 7168K, 0% used [0x00000000d7780000,0x00000000d7780000,0x00000000d7e80000)
 ParOldGen       total 68608K, used 23934K [0x0000000080000000, 0x0000000084300000, 0x00000000d5580000)
 Event: 13.937 {heap Before GC invocations=16 (full 2):
 PSYoungGen      total 31232K, used 31221K [0x00000000d5580000, 0x00000000d7e80000, 0x0000000100000000)
  eden space 27648K, 100% used [0x00000000d5580000,0x00000000d7080000,0x00000000d7080000)
  from space 3584K, 99% used [0x00000000d7100000,0x00000000d747d498,0x00000000d7480000)
  to   space 7168K, 0% used [0x00000000d7780000,0x00000000d7780000,0x00000000d7e80000)
 ParOldGen       total 68608K, used 23934K [0x0000000080000000, 0x0000000084300000, 0x00000000d558000Event: 13.946 {heap After GC invocations=16 (full 2):
 PSYoungGen      total 32256K, used 4960K [0x00000000d5580000, 0x00000000d7c80000, 0x0000000100000000)
  eden space 27136K, 0% used [0x00000000d5580000,0x00000000d5580000,0x00000000d7000000)
  from space 5120K, 96% used [0x00000000d7780000,0x00000000d7c58000,0x00000000d7c80000)
  to   space 5632K, 0% used [0x00000000d7180000,0x00000000d7180000,0x00000000d7700000)
 ParOldGen       total 68608K, used 26974K [0x0000000080000000, 0x0000000084300000, 0x00000000d5580000)
 Event: 17.699 {heap Before GC invocations=17 (full 2):
 PSYoungGen      total 32256K, used 32096K [0x00000000d5580000, 0x00000000d7c80000, 0x0000000100000000)
  eden space 27136K, 100% used [0x00000000d5580000,0x00000000d7000000,0x00000000d7000000)
  from space 5120K, 96% used [0x00000000d7780000,0x00000000d7c58000,0x00000000d7c80000)
  to   space 5632K, 0% used [0x00000000d7180000,0x00000000d7180000,0x00000000d7700000)
 ParOldGen       total 68608K, used 26974K [0x0000000080000000, 0x0000000084300000, 0x00000000d558000Event: 17.711 {heap After GC invocations=17 (full 2):
 PSYoungGen      total 30720K, used 1915K [0x00000000d5580000, 0x00000000d7800000, 0x0000000100000000)
  eden space 28672K, 0% used [0x00000000d5580000,0x00000000d5580000,0x00000000d7180000)
  from space 2048K, 93% used [0x00000000d7180000,0x00000000d735ee90,0x00000000d7380000)
  to   space 3584K, 0% used [0x00000000d7480000,0x00000000d7480000,0x00000000d7800000)
 ParOldGen       total 68608K, used 31767K [0x0000000080000000, 0x0000000084300000, 0x00000000d5580000)
 Event: 19.864 {heap Before GC invocations=18 (full 2):
 PSYoungGen      total 30720K, used 30587K [0x00000000d5580000, 0x00000000d7800000, 0x0000000100000000)
  eden space 28672K, 100% used [0x00000000d5580000,0x00000000d7180000,0x00000000d7180000)
  from space 2048K, 93% used [0x00000000d7180000,0x00000000d735ee90,0x00000000d7380000)
  to   space 3584K, 0% used [0x00000000d7480000,0x00000000d7480000,0x00000000d7800000)
 ParOldGen       total 68608K, used 31767K [0x0000000080000000, 0x0000000084300000, 0x00000000d558000Event: 19.867 {heap After GC invocations=18 (full 2):
 PSYoungGen      total 32256K, used 320K [0x00000000d5580000, 0x00000000d7680000, 0x0000000100000000)
  eden space 30208K, 0% used [0x00000000d5580000,0x00000000d5580000,0x00000000d7300000)
  from space 2048K, 15% used [0x00000000d7480000,0x00000000d74d0000,0x00000000d7680000)
  to   space 1536K, 0% used [0x00000000d7300000,0x00000000d7300000,0x00000000d7480000)
 ParOldGen       total 68608K, used 33470K [0x0000000080000000, 0x0000000084300000, 0x00000000d5580000)
  Event: 22.404 {heap Before GC invocations=19 (full 2):
 PSYoungGen      total 32256K, used 30528K [0x00000000d5580000, 0x00000000d7680000, 0x0000000100000000)
  eden space 30208K, 100% used [0x00000000d5580000,0x00000000d7300000,0x00000000d7300000)
  from space 2048K, 15% used [0x00000000d7480000,0x00000000d74d0000,0x00000000d7680000)
  to   space 1536K, 0% used [0x00000000d7300000,0x00000000d7300000,0x00000000d7480000)
 ParOldGen       total 68608K, used 33470K [0x0000000080000000, 0x0000000084300000, 0x00000000d558000Event: 22.406 {heap After GC invocations=19 (full 2):
 PSYoungGen      total 31744K, used 256K [0x00000000d5580000, 0x00000000d7680000, 0x0000000100000000)
  eden space 30208K, 0% used [0x00000000d5580000,0x00000000d5580000,0x00000000d7300000)
  from space 1536K, 16% used [0x00000000d7300000,0x00000000d7340000,0x00000000d7480000)
  to   space 512K, 0% used [0x00000000d7600000,0x00000000d7600000,0x00000000d7680000)
 ParOldGen       total 68608K, used 33629K [0x0000000080000000, 0x0000000084300000, 0x00000000d5580000)
  o
Metaspace Usage History (20 events):
Event: 10.975 {metaspace Before GC invocations=10 (full 1):
 Metaspace       used 26716K, committed 27456K, reserved 1114112K
  class space    used 2110K, committed 2432K, reserved 1048576K
}
Event: 10.978 {metaspace After GC invocations=10 (full 1):
 Metaspace       used 26716K, committed 27456K, reserved 1114112K
  class space    used 2110K, committed 2432K, reserved 1048576K
}
Event: 11.519 {metaspace Before GC invocations=11 (full 1):
 Metaspace       used 29283K, committed 30144K, reserved 1114112K
  class space    used 2315K, committed 2688K, reserved 1048576K
}
Event: 11.522 {metaspace After GC invocations=11 (full 1):
 Metaspace       used 29283K, committed 30144K, reserved 1114112K
  class space    used 2315K, committed 2688K, reserved 1048576K
}
Event: 12.006 {metaspace Before GC invocations=12 (full 1):
 Metaspace       used 32526K, committed 33408K, reserved 1114112K
  class space    used 2640K, committed 3008K, reserved 1048576K
}
Event: 12.013 {metaspace After GC invocations=12 (full 1):
 Metaspace       used 32526K, committed 33408K, reserved 1114112K
  class space    used 2640K, committed 3008K, reserved 1048576K
}
Event: 12.236 {metaspace Before GC invocations=13 (full 2):
 Metaspace       used 34893K, committed 35840K, reserved 1114112K
  class space    used 2851K, committed 3264K, reserved 1048576K
}
Event: 12.286 {metaspace After GC invocations=13 (full 2):
 Metaspace       used 34893K, committed 35840K, reserved 1114112K
  class space    used 2851K, committed 3264K, reserved 1048576K
}
Event: 12.638 {metaspace Before GC invocations=14 (full 2):
 Metaspace       used 37355K, committed 38272K, reserved 1114112K
  class space    used 3118K, committed 3520K, reserved 1048576K
}
Event: 12.643 {metaspace After GC invocations=14 (full 2):
 Metaspace       used 37355K, committed 38272K, reserved 1114112K
  class space    used 3118K, committed 3520K, reserved 1048576K
}
Event: 13.131 {metaspace Before GC invocations=15 (full 2):
 Metaspace       used 40072K, committed 41024K, reserved 1114112K
  class space    used 3371K, committed 3776K, reserved 1048576K
}
Event: 13.138 {metaspace After GC invocations=15 (full 2):
 Metaspace       used 40072K, committed 41024K, reserved 1114112K
  class space    used 3371K, committed 3776K, reserved 1048576K
}
Event: 13.937 {metaspace Before GC invocations=16 (full 2):
 Metaspace       used 42481K, committed 43456K, reserved 1114112K
  class space    used 3652K, committed 4032K, reserved 1048576K
}
Event: 13.946 {metaspace After GC invocations=16 (full 2):
 Metaspace       used 42481K, committed 43456K, reserved 1114112K
  class space    used 3652K, committed 4032K, reserved 1048576K
}
Event: 17.699 {metaspace Before GC invocations=17 (full 2):
 Metaspace       used 45550K, committed 46592K, reserved 1114112K
  class space    used 4022K, committed 4480K, reserved 1048576K
}
Event: 17.711 {metaspace After GC invocations=17 (full 2):
 Metaspace       used 45550K, committed 46592K, reserved 1114112K
  class space    used 4022K, committed 4480K, reserved 1048576K
}
Event: 19.864 {metaspace Before GC invocations=18 (full 2):
 Metaspace       used 45997K, committed 47040K, reserved 1114112K
  class space    used 4059K, committed 4480K, reserved 1048576K
}
Event: 19.867 {metaspace After GC invocations=18 (full 2):
 Metaspace       used 45997K, committed 47040K, reserved 1114112K
  class space    used 4059K, committed 4480K, reserved 1048576K
}
Event: 22.404 {metaspace Before GC invocations=19 (full 2):
 Metaspace       used 46190K, committed 47232K, reserved 1114112K
  class space    used 4076K, committed 4544K, reserved 1048576K
}
Event: 22.406 {metaspace After GC invocations=19 (full 2):
 Metaspace       used 46190K, committed 47232K, reserved 1114112K
  class space    used 4076K, committed 4544K, reserved 1048576K
}

Dll operation events (10 events):
Event: 0.042 Loaded shared library C:\Program Files\Java\jdk-25\bin\java.dll
Event: 0.384 Loaded shared library C:\Program Files\Java\jdk-25\bin\zip.dll
Event: 0.429 Loaded shared library C:\Program Files\Java\jdk-25\bin\instrument.dll
Event: 0.447 Loaded shared library C:\Program Files\Java\jdk-25\bin\net.dll
Event: 0.457 Loaded shared library C:\Program Files\Java\jdk-25\bin\nio.dll
Event: 0.470 Loaded shared library C:\Program Files\Java\jdk-25\bin\zip.dll
Event: 0.534 Loaded shared library C:\Program Files\Java\jdk-25\bin\jimage.dll
Event: 0.812 Loaded shared library C:\Program Files\Java\jdk-25\bin\verify.dll
Event: 4.133 Loaded shared library C:\Users\Utilisateur\AppData\Roaming\Code\User\globalStorage\redhat.java\1.55.0\config_win\org.eclipse.equinox.launcher\org.eclipse.equinox.launcher.win32.win32.x86_64_1.3.100.v20260613-0559\eclipse_11924.dll
Event: 8.721 Loaded shared library C:\Users\Utilisateur\AppData\Local\Temp\jna-1082121059\jna7567364894619421079.dll

Deoptimization events (20 events):
Event: 23.151 Thread 0x0000024b404e9880 Uncommon trap: trap_request=0xffffffc6 fr.pc=0x0000024b34ac5144 relative=0x0000000000000344
Event: 23.151 Thread 0x0000024b404e9880 Uncommon trap: reason=bimorphic_or_optimized_type_check action=maybe_recompile pc=0x0000024b34ac5144 method=jdk.internal.classfile.impl.AbstractPoolEntry.maybeClone(Ljava/lang/classfile/constantpool/ConstantPoolBuilder;Ljava/lang/classfile/constantpool/Po
Event: 23.151 Thread 0x0000024b404e9880 DEOPT PACKING pc=0x0000024b34ac5144 sp=0x000000cfc17fd5c0
Event: 23.151 Thread 0x0000024b404e9880 DEOPT UNPACKING pc=0x0000024b343c0e82 sp=0x000000cfc17fd4a0 mode 2
Event: 23.152 Thread 0x0000024b404e9880 Uncommon trap: trap_request=0xffffffc6 fr.pc=0x0000024b34b13b8c relative=0x000000000000018c
Event: 23.152 Thread 0x0000024b404e9880 Uncommon trap: reason=bimorphic_or_optimized_type_check action=maybe_recompile pc=0x0000024b34b13b8c method=org.eclipse.core.runtime.SubMonitor$RootInfo.isCanceled()Z @ 4 c2
Event: 23.152 Thread 0x0000024b404e9880 DEOPT PACKING pc=0x0000024b34b13b8c sp=0x000000cfc17fefa0
Event: 23.152 Thread 0x0000024b45270c10 Uncommon trap: trap_request=0xffffffc6 fr.pc=0x0000024b34b13b8c relative=0x000000000000018c
Event: 23.152 Thread 0x0000024b404e9880 DEOPT UNPACKING pc=0x0000024b343c0e82 sp=0x000000cfc17feee0 mode 2
Event: 23.152 Thread 0x0000024b45270c10 Uncommon trap: reason=bimorphic_or_optimized_type_check action=maybe_recompile pc=0x0000024b34b13b8c method=org.eclipse.core.runtime.SubMonitor$RootInfo.isCanceled()Z @ 4 c2
Event: 23.152 Thread 0x0000024b45270c10 DEOPT PACKING pc=0x0000024b34b13b8c sp=0x000000cfc0cff560
Event: 23.152 Thread 0x0000024b45270c10 DEOPT UNPACKING pc=0x0000024b343c0e82 sp=0x000000cfc0cff4a0 mode 2
Event: 23.277 Thread 0x0000024b47202f40 Uncommon trap: trap_request=0xffffff45 fr.pc=0x0000024b34af0df8 relative=0x0000000000000678
Event: 23.277 Thread 0x0000024b47202f40 Uncommon trap: reason=unstable_if action=reinterpret pc=0x0000024b34af0df8 method=sun.nio.fs.WindowsNativeDispatcher.asNativeBuffer(Ljava/lang/String;)Lsun/nio/fs/NativeBuffer; @ 52 c2
Event: 23.277 Thread 0x0000024b47202f40 DEOPT PACKING pc=0x0000024b34af0df8 sp=0x000000cfc2cfd710
Event: 23.277 Thread 0x0000024b47202f40 DEOPT UNPACKING pc=0x0000024b343c0e82 sp=0x000000cfc2cfd6d0 mode 2
Event: 23.282 Thread 0x0000024b47202f40 Uncommon trap: trap_request=0xfffffff4 fr.pc=0x0000024b34a99984 relative=0x0000000000000404
Event: 23.282 Thread 0x0000024b47202f40 Uncommon trap: reason=null_check action=make_not_entrant pc=0x0000024b34a99984 method=sun.invoke.util.VerifyType.isNullConversion(Ljava/lang/Class;Ljava/lang/Class;Z)Z @ 67 c2
Event: 23.282 Thread 0x0000024b47202f40 DEOPT PACKING pc=0x0000024b34a99984 sp=0x000000cfc2cfd130
Event: 23.282 Thread 0x0000024b47202f40 DEOPT UNPACKING pc=0x0000024b343c0e82 sp=0x000000cfc2cfd0b0 mode 2

Classes loaded (20 events):
Event: 23.278 Loading class jdk/internal/misc/ExtendedMapMode
Event: 23.278 Loading class jdk/internal/misc/ExtendedMapMode done
Event: 23.280 Loading class sun/nio/ch/FileChannelImpl$DefaultUnmapper
Event: 23.280 Loading class sun/nio/ch/FileChannelImpl$Unmapper
Event: 23.280 Loading class jdk/internal/access/foreign/UnmapperProxy
Event: 23.280 Loading class jdk/internal/access/foreign/UnmapperProxy done
Event: 23.280 Loading class sun/nio/ch/FileChannelImpl$Unmapper done
Event: 23.280 Loading class sun/nio/ch/FileChannelImpl$DefaultUnmapper done
Event: 23.303 Loading class java/nio/file/ClosedDirectoryStreamException
Event: 23.303 Loading class java/nio/file/ClosedDirectoryStreamException done
Event: 23.304 Loading class jdk/internal/jrtfs/JrtFileSystem
Event: 23.305 Loading class jdk/internal/jrtfs/JrtFileSystem done
Event: 23.305 Loading class jdk/internal/jrtfs/JrtPath
Event: 23.310 Loading class jdk/internal/jrtfs/JrtPath done
Event: 23.310 Loading class jdk/internal/jimage/ImageReader$Node
Event: 23.311 Loading class jdk/internal/jimage/ImageReader$Node done
Event: 23.330 Loading class java/nio/ByteBufferAsIntBufferL
Event: 23.330 Loading class java/nio/ByteBufferAsIntBufferL done
Event: 23.337 Loading class jdk/internal/jimage/ImageReader$Directory
Event: 23.337 Loading class jdk/internal/jimage/ImageReader$Directory done

Classes unloaded (7 events):
Event: 10.164 Thread 0x0000024b22b5a790 Unloading class 0x0000000030183c00 'java/lang/invoke/LambdaForm$MH+0x0000000030183c00'
Event: 10.164 Thread 0x0000024b22b5a790 Unloading class 0x0000000030183800 'java/lang/invoke/LambdaForm$MH+0x0000000030183800'
Event: 10.164 Thread 0x0000024b22b5a790 Unloading class 0x0000000030183400 'java/lang/invoke/LambdaForm$MH+0x0000000030183400'
Event: 10.164 Thread 0x0000024b22b5a790 Unloading class 0x0000000030183000 'java/lang/invoke/LambdaForm$MH+0x0000000030183000'
Event: 10.164 Thread 0x0000024b22b5a790 Unloading class 0x0000000030182c00 'java/lang/invoke/LambdaForm$BMH+0x0000000030182c00'
Event: 10.164 Thread 0x0000024b22b5a790 Unloading class 0x0000000030182800 'java/lang/invoke/LambdaForm$DMH+0x0000000030182800'
Event: 10.164 Thread 0x0000024b22b5a790 Unloading class 0x0000000030181000 'java/lang/invoke/LambdaForm$DMH+0x0000000030181000'

Classes redefined (0 events):
No events

Internal exceptions (20 events):
Event: 22.626 Thread 0x0000024b45046120 Exception <a 'sun/nio/fs/WindowsException'{0x00000000d5745260}> (0x00000000d5745260) 
thrown [s\open\src\hotspot\share\prims\jni.cpp, line 516]
Event: 22.628 Thread 0x0000024b45046120 Exception <a 'sun/nio/fs/WindowsException'{0x00000000d5749660}> (0x00000000d5749660) 
thrown [s\open\src\hotspot\share\prims\jni.cpp, line 516]
Event: 22.630 Thread 0x0000024b45046120 Exception <a 'sun/nio/fs/WindowsException'{0x00000000d574c5f8}> (0x00000000d574c5f8) 
thrown [s\open\src\hotspot\share\prims\jni.cpp, line 516]
Event: 22.705 Thread 0x0000024b4526f4a0 Exception <a 'sun/nio/fs/WindowsException'{0x00000000d58e7198}> (0x00000000d58e7198) 
thrown [s\open\src\hotspot\share\prims\jni.cpp, line 516]
Event: 22.707 Thread 0x0000024b4526f4a0 Exception <a 'sun/nio/fs/WindowsException'{0x00000000d58e77c8}> (0x00000000d58e77c8) 
thrown [s\open\src\hotspot\share\prims\jni.cpp, line 516]
Event: 22.711 Thread 0x0000024b4526f4a0 Exception <a 'sun/nio/fs/WindowsException'{0x00000000d5905918}> (0x00000000d5905918) 
thrown [s\open\src\hotspot\share\prims\jni.cpp, line 516]
Event: 22.712 Thread 0x0000024b4526f4a0 Exception <a 'sun/nio/fs/WindowsException'{0x00000000d5905f48}> (0x00000000d5905f48) 
thrown [s\open\src\hotspot\share\prims\jni.cpp, line 516]
Event: 22.717 Thread 0x0000024b4526f4a0 Exception <a 'java/lang/IncompatibleClassChangeError'{0x00000000d5948ed0}: Found class java.lang.Object, but interface was expected> (0x00000000d5948ed0) 
thrown [s\open\src\hotspot\share\interpreter\linkResolver.cpp, line 871]
Event: 23.067 Thread 0x0000024b47202f40 Exception <a 'java/lang/NoSuchMethodError'{0x00000000d5ded260}: 'java.lang.Object java.lang.invoke.DirectMethodHandle$Holder.invokeStaticInit(java.lang.Object, java.lang.Object, java.lang.Object)'> (0x00000000d5ded260) 
thrown [s\open\src\hotspot\share\interpreter\linkResolver.cpp, line 804]
Event: 23.120 Thread 0x0000024b404e9880 Exception <a 'java/io/FileNotFoundException'{0x00000000d61959d0}> (0x00000000d61959d0) 
thrown [s\open\src\hotspot\share\prims\jni.cpp, line 516]
Event: 23.120 Thread 0x0000024b404e9880 Exception <a 'java/io/FileNotFoundException'{0x00000000d61c4578}> (0x00000000d61c4578) 
thrown [s\open\src\hotspot\share\prims\jni.cpp, line 516]
Event: 23.121 Thread 0x0000024b404e9880 Exception <a 'java/io/FileNotFoundException'{0x00000000d61c54f0}> (0x00000000d61c54f0) 
thrown [s\open\src\hotspot\share\prims\jni.cpp, line 516]
Event: 23.145 Thread 0x0000024b45a96720 Implicit null exception at 0x0000024b34a6b5b4 to 0x0000024b34a6c54c
Event: 23.147 Thread 0x0000024b404e9880 Exception <a 'java/lang/NoSuchMethodError'{0x00000000d645ed28}: 'int java.lang.invoke.DirectMethodHandle$Holder.invokeVirtual(java.lang.Object, java.lang.Object)'> (0x00000000d645ed28) 
thrown [s\open\src\hotspot\share\interpreter\linkResolver.cpp, line 804]
Event: 23.219 Thread 0x0000024b404e9880 Exception <a 'sun/nio/fs/WindowsException'{0x00000000d6676258}> (0x00000000d6676258) 
thrown [s\open\src\hotspot\share\prims\jni.cpp, line 516]
Event: 23.219 Thread 0x0000024b404e9880 Exception <a 'sun/nio/fs/WindowsException'{0x00000000d6685470}> (0x00000000d6685470) 
thrown [s\open\src\hotspot\share\prims\jni.cpp, line 516]
Event: 23.221 Thread 0x0000024b404e9880 Exception <a 'sun/nio/fs/WindowsException'{0x00000000d6686150}> (0x00000000d6686150) 
thrown [s\open\src\hotspot\share\prims\jni.cpp, line 516]
Event: 23.221 Thread 0x0000024b404e9880 Exception <a 'sun/nio/fs/WindowsException'{0x00000000d6686780}> (0x00000000d6686780) 
thrown [s\open\src\hotspot\share\prims\jni.cpp, line 516]
Event: 23.282 Thread 0x0000024b47202f40 Implicit null exception at 0x0000024b34a995f2 to 0x0000024b34a99970
Event: 23.284 Thread 0x0000024b47202f40 Exception <a 'java/lang/NoSuchMethodError'{0x00000000d679bb90}: 'java.lang.Object java.lang.invoke.DelegatingMethodHandle$Holder.reinvoke_L(java.lang.Object, int, long, java.lang.Object, java.lang.Object, int, java.lang.Object)'> (0x00000000d679bb90) 
thrown [s\open\src\hotspot\share\interpreter\linkResolver.cpp, line 804]

VM Operations (20 events):
Event: 23.193 Executing non-safepoint VM operation: HandshakeAllThreads (Deoptimize)
Event: 23.193 Executing non-safepoint VM operation: HandshakeAllThreads (Deoptimize) done
Event: 23.217 Executing non-safepoint VM operation: HandshakeAllThreads (Deoptimize)
Event: 23.217 Executing non-safepoint VM operation: HandshakeAllThreads (Deoptimize) done
Event: 23.224 Executing non-safepoint VM operation: HandshakeAllThreads (Deoptimize)
Event: 23.224 Executing non-safepoint VM operation: HandshakeAllThreads (Deoptimize) done
Event: 23.228 Executing non-safepoint VM operation: HandshakeAllThreads (Deoptimize)
Event: 23.228 Executing non-safepoint VM operation: HandshakeAllThreads (Deoptimize) done
Event: 23.253 Executing non-safepoint VM operation: HandshakeAllThreads (Deoptimize)
Event: 23.253 Executing non-safepoint VM operation: HandshakeAllThreads (Deoptimize) done
Event: 23.259 Executing non-safepoint VM operation: HandshakeAllThreads (Deoptimize)
Event: 23.259 Executing non-safepoint VM operation: HandshakeAllThreads (Deoptimize) done
Event: 23.302 Executing non-safepoint VM operation: HandshakeAllThreads (Deoptimize)
Event: 23.303 Executing non-safepoint VM operation: HandshakeAllThreads (Deoptimize) done
Event: 23.333 Executing non-safepoint VM operation: HandshakeAllThreads (Deoptimize)
Event: 23.333 Executing non-safepoint VM operation: HandshakeAllThreads (Deoptimize) done
Event: 23.336 Executing non-safepoint VM operation: HandshakeAllThreads (Deoptimize)
Event: 23.336 Executing non-safepoint VM operation: HandshakeAllThreads (Deoptimize) done
Event: 23.443 Executing non-safepoint VM operation: HandshakeAllThreads (Deoptimize)
Event: 23.443 Executing non-safepoint VM operation: HandshakeAllThreads (Deoptimize) done

Memory protections (0 events):
No events

Nmethod flushes (20 events):
Event: 12.266 Thread 0x0000024b22b5a790 flushing  nmethod 0x0000024b2d3b6408
Event: 12.266 Thread 0x0000024b22b5a790 flushing  nmethod 0x0000024b2d3b7208
Event: 12.266 Thread 0x0000024b22b5a790 flushing  nmethod 0x0000024b2d3b7808
Event: 12.266 Thread 0x0000024b22b5a790 flushing  nmethod 0x0000024b2d3b8c08
Event: 12.266 Thread 0x0000024b22b5a790 flushing  nmethod 0x0000024b2d3b8f88
Event: 12.266 Thread 0x0000024b22b5a790 flushing  nmethod 0x0000024b2d3b9788
Event: 12.266 Thread 0x0000024b22b5a790 flushing  nmethod 0x0000024b2d3b9a88
Event: 12.266 Thread 0x0000024b22b5a790 flushing  nmethod 0x0000024b2d3b9d88
Event: 12.266 Thread 0x0000024b22b5a790 flushing  nmethod 0x0000024b2d3ba088
Event: 12.266 Thread 0x0000024b22b5a790 flushing  nmethod 0x0000024b2d3bbf88
Event: 12.266 Thread 0x0000024b22b5a790 flushing  nmethod 0x0000024b2d414808
Event: 12.266 Thread 0x0000024b22b5a790 flushing  nmethod 0x0000024b2d415908
Event: 12.266 Thread 0x0000024b22b5a790 flushing  nmethod 0x0000024b2d417288
Event: 12.266 Thread 0x0000024b22b5a790 flushing  nmethod 0x0000024b2d423a08
Event: 12.266 Thread 0x0000024b22b5a790 flushing  nmethod 0x0000024b2d448908
Event: 12.266 Thread 0x0000024b22b5a790 flushing  nmethod 0x0000024b2d466608
Event: 12.266 Thread 0x0000024b22b5a790 flushing  nmethod 0x0000024b2d47cd88
Event: 12.266 Thread 0x0000024b22b5a790 flushing  nmethod 0x0000024b2d48c488
Event: 12.266 Thread 0x0000024b22b5a790 flushing  nmethod 0x0000024b2d48cb88
Event: 12.266 Thread 0x0000024b22b5a790 flushing  nmethod 0x0000024b2d48d288

Events (20 events):
Event: 17.735 Thread 0x0000024b45046120 Thread added: 0x0000024b47203710
Event: 18.753 Thread 0x0000024b45759c50 Thread exited: 0x0000024b45759c50
Event: 18.964 Thread 0x0000024b22aebc10 Thread exited: 0x0000024b22aebc10
Event: 19.121 Thread 0x0000024b22ae93c0 Thread added: 0x0000024b457655c0
Event: 19.607 Thread 0x0000024b457655c0 Thread exited: 0x0000024b457655c0
Event: 20.950 Thread 0x0000024b22ae8bb0 Thread added: 0x0000024b4575d4c0
Event: 21.212 Thread 0x0000024b4575d4c0 Thread exited: 0x0000024b4575d4c0
Event: 22.639 Thread 0x0000024b47203710 Thread exited: 0x0000024b47203710
Event: 22.703 Thread 0x0000024b22ae93c0 Thread added: 0x0000024b4575c4a0
Event: 22.727 Thread 0x0000024b4526f4a0 Thread added: 0x0000024b47205e20
Event: 22.730 Thread 0x0000024b4526f4a0 Thread added: 0x0000024b47202f40
Event: 22.731 Thread 0x0000024b47202f40 Thread added: 0x0000024b47203710
Event: 22.733 Thread 0x0000024b47203710 Thread added: 0x0000024b47206dc0
Event: 22.735 Thread 0x0000024b47206dc0 Thread added: 0x0000024b47207d60
Event: 22.737 Thread 0x0000024b47207d60 Thread added: 0x0000024b47208d00
Event: 22.753 Thread 0x0000024b22ae93c0 Thread added: 0x0000024b457655c0
Event: 22.942 Thread 0x0000024b457655c0 Thread exited: 0x0000024b457655c0
Event: 22.943 Thread 0x0000024b4575c4a0 Thread exited: 0x0000024b4575c4a0
Event: 23.103 Thread 0x0000024b22ae8bb0 Thread added: 0x0000024b4575c4a0
Event: 23.429 Thread 0x0000024b22ae8bb0 Thread added: 0x0000024b45768620


Dynamic libraries:
0x00007ff64fd30000 - 0x00007ff64fd40000 	C:\Program Files\Java\jdk-25\bin\java.exe
0x00007ff8ee180000 - 0x00007ff8ee3e6000 	C:\WINDOWS\SYSTEM32\ntdll.dll
0x00007ff8ec630000 - 0x00007ff8ec6f9000 	C:\WINDOWS\System32\KERNEL32.DLL
0x00007ff8eb370000 - 0x00007ff8eb770000 	C:\WINDOWS\System32\KERNELBASE.dll
0x00007ff8eb980000 - 0x00007ff8ebacc000 	C:\WINDOWS\System32\ucrtbase.dll
0x00007ff8d47b0000 - 0x00007ff8d47c7000 	C:\Program Files\Java\jdk-25\bin\jli.dll
0x00007ff8ed710000 - 0x00007ff8ed8d7000 	C:\WINDOWS\System32\USER32.dll
0x00007ff8ebe50000 - 0x00007ff8ebe77000 	C:\WINDOWS\System32\win32u.dll
0x00007ff8ec000000 - 0x00007ff8ec02b000 	C:\WINDOWS\System32\GDI32.dll
0x00007ff8ebc60000 - 0x00007ff8ebd89000 	C:\WINDOWS\System32\gdi32full.dll
0x00007ff8eb780000 - 0x00007ff8eb823000 	C:\WINDOWS\System32\msvcp_win.dll
0x00007ff8d4340000 - 0x00007ff8d435e000 	C:\Program Files\Java\jdk-25\bin\VCRUNTIME140.dll
0x00007ff8cf540000 - 0x00007ff8cf7d2000 	C:\WINDOWS\WinSxS\amd64_microsoft.windows.common-controls_6595b64144ccf1df_6.0.26100.8737_none_3e092eaee333b772\COMCTL32.dll
0x00007ff8ec4d0000 - 0x00007ff8ec579000 	C:\WINDOWS\System32\msvcrt.dll
0x00007ff8ebe80000 - 0x00007ff8ebeb2000 	C:\WINDOWS\System32\IMM32.DLL
0x00007ff8e7af0000 - 0x00007ff8e7afc000 	C:\Program Files\Java\jdk-25\bin\vcruntime140_1.dll
0x00007ff8c6000000 - 0x00007ff8c608d000 	C:\Program Files\Java\jdk-25\bin\msvcp140.dll
0x00007ff820930000 - 0x00007ff82178f000 	C:\Program Files\Java\jdk-25\bin\server\jvm.dll
0x00007ff8ed010000 - 0x00007ff8ed0c7000 	C:\WINDOWS\System32\ADVAPI32.dll
0x00007ff8ec580000 - 0x00007ff8ec62a000 	C:\WINDOWS\System32\sechost.dll
0x00007ff8ebee0000 - 0x00007ff8ebff8000 	C:\WINDOWS\System32\RPCRT4.dll
0x00007ff8ec440000 - 0x00007ff8ec4c0000 	C:\WINDOWS\System32\WS2_32.dll
0x00007ff8eb1f0000 - 0x00007ff8eb24e000 	C:\WINDOWS\SYSTEM32\POWRPROF.dll
0x00007ff8d55e0000 - 0x00007ff8d5616000 	C:\WINDOWS\SYSTEM32\WINMM.dll
0x00007ff8e2530000 - 0x00007ff8e253b000 	C:\WINDOWS\SYSTEM32\VERSION.dll
0x00007ff8eb1b0000 - 0x00007ff8eb1c4000 	C:\WINDOWS\SYSTEM32\UMPDC.dll
0x00007ff8ea010000 - 0x00007ff8ea02b000 	C:\WINDOWS\SYSTEM32\kernel.appcore.dll
0x00007ff8e58e0000 - 0x00007ff8e58ea000 	C:\Program Files\Java\jdk-25\bin\jimage.dll
0x00007ff8e8850000 - 0x00007ff8e8a92000 	C:\WINDOWS\SYSTEM32\DBGHELP.DLL
0x00007ff8ed2b0000 - 0x00007ff8ed633000 	C:\WINDOWS\System32\combase.dll
0x00007ff8ecf00000 - 0x00007ff8ecfd9000 	C:\WINDOWS\System32\OLEAUT32.dll
0x00007ff8c8ec0000 - 0x00007ff8c8efb000 	C:\WINDOWS\SYSTEM32\dbgcore.DLL
0x00007ff8eb830000 - 0x00007ff8eb8dc000 	C:\WINDOWS\System32\bcryptPrimitives.dll
0x00007ff8e7ab0000 - 0x00007ff8e7ac0000 	C:\Program Files\Java\jdk-25\bin\instrument.dll
0x00007ff8d0870000 - 0x00007ff8d088f000 	C:\Program Files\Java\jdk-25\bin\java.dll
0x00007ff8ed960000 - 0x00007ff8edaf9000 	C:\WINDOWS\System32\ole32.dll
0x00007ff8ec760000 - 0x00007ff8ecef2000 	C:\WINDOWS\System32\SHELL32.dll
0x00007ff8e8df0000 - 0x00007ff8e9682000 	C:\WINDOWS\SYSTEM32\windows.storage.dll
0x00007ff8ee010000 - 0x00007ff8ee107000 	C:\WINDOWS\System32\SHCORE.dll
0x00007ff8edfa0000 - 0x00007ff8ee007000 	C:\WINDOWS\System32\shlwapi.dll
0x00007ff8eb290000 - 0x00007ff8eb2b9000 	C:\WINDOWS\SYSTEM32\profapi.dll
0x00007ff8d5be0000 - 0x00007ff8d5bf7000 	C:\Program Files\Java\jdk-25\bin\zip.dll
0x00007ff8d4fd0000 - 0x00007ff8d4fe2000 	C:\Program Files\Java\jdk-25\bin\net.dll
0x00007ff8ea5a0000 - 0x00007ff8ea60c000 	C:\WINDOWS\system32\mswsock.dll
0x00007ff8d0850000 - 0x00007ff8d0866000 	C:\Program Files\Java\jdk-25\bin\nio.dll
0x00007ff8debf0000 - 0x00007ff8dec00000 	C:\Program Files\Java\jdk-25\bin\verify.dll
0x00007ff8b9db0000 - 0x00007ff8b9df5000 	C:\Users\Utilisateur\AppData\Roaming\Code\User\globalStorage\redhat.java\1.55.0\config_win\org.eclipse.equinox.launcher\org.eclipse.equinox.launcher.win32.win32.x86_64_1.3.100.v20260613-0559\eclipse_11924.dll
0x00007ff8ea9d0000 - 0x00007ff8ea9eb000 	C:\WINDOWS\SYSTEM32\CRYPTSP.dll
0x00007ff8e9f70000 - 0x00007ff8e9fa9000 	C:\WINDOWS\system32\rsaenh.dll
0x00007ff8ea660000 - 0x00007ff8ea692000 	C:\WINDOWS\SYSTEM32\USERENV.dll
0x00007ff8eb260000 - 0x00007ff8eb28a000 	C:\WINDOWS\SYSTEM32\bcrypt.dll
0x00007ff8ea810000 - 0x00007ff8ea81c000 	C:\WINDOWS\SYSTEM32\CRYPTBASE.dll
0x00007ff8e9a10000 - 0x00007ff8e9a43000 	C:\WINDOWS\SYSTEM32\IPHLPAPI.DLL
0x00007ff8ec230000 - 0x00007ff8ec23a000 	C:\WINDOWS\System32\NSI.dll
0x00007ff8bcb40000 - 0x00007ff8bcb89000 	C:\Users\Utilisateur\AppData\Local\Temp\jna-1082121059\jna7567364894619421079.dll
0x00007ff8ed700000 - 0x00007ff8ed708000 	C:\WINDOWS\System32\PSAPI.DLL
0x00007ff8de6b0000 - 0x00007ff8de7d9000 	C:\WINDOWS\SYSTEM32\winhttp.dll
0x00007ff8e2570000 - 0x00007ff8e258d000 	C:\WINDOWS\SYSTEM32\dhcpcsvc6.DLL
0x00007ff8e2540000 - 0x00007ff8e2565000 	C:\WINDOWS\SYSTEM32\dhcpcsvc.DLL

JVMTI agents:
c:\Users\Utilisateur\.vscode\extensions\redhat.java-1.55.0-win32-x64\lombok\lombok-1.18.39-4050.jar path:C:\Program Files\Java\jdk-25\bin\instrument.dll, loaded, initialized, instrumentlib options:none

dbghelp: loaded successfully - version: 4.0.5 - missing functions: none
symbol engine: initialized successfully - sym options: 0x614 - pdb path: .;C:\Program Files\Java\jdk-25\bin;C:\WINDOWS\SYSTEM32;C:\WINDOWS\WinSxS\amd64_microsoft.windows.common-controls_6595b64144ccf1df_6.0.26100.8737_none_3e092eaee333b772;C:\Program Files\Java\jdk-25\bin\server;C:\Users\Utilisateur\AppData\Roaming\Code\User\globalStorage\redhat.java\1.55.0\config_win\org.eclipse.equinox.launcher\org.eclipse.equinox.launcher.win32.win32.x86_64_1.3.100.v20260613-0559;C:\Users\Utilisateur\AppData\Local\Temp\jna-1082121059

VM Arguments:
jvm_args: -Djdk.xml.maxGeneralEntitySizeLimit=0 -Djdk.xml.totalEntitySizeLimit=0 --add-modules=ALL-SYSTEM --add-opens=java.base/java.util=ALL-UNNAMED --add-opens=java.base/java.lang=ALL-UNNAMED --add-opens=java.base/sun.nio.fs=ALL-UNNAMED -Declipse.application=org.eclipse.jdt.ls.core.id1 -Dosgi.bundles.defaultStartLevel=4 -Declipse.product=org.eclipse.jdt.ls.core.product -Djava.import.generatesMetadataFilesAtProjectRoot=false -DDetectVMInstallationsJob.disabled=true -Dfile.encoding=utf8 -XX:+UseParallelGC -XX:GCTimeRatio=4 -XX:AdaptiveSizePolicyWeight=90 -Dsun.zip.disableMemoryMapping=true -Xmx2G -Xms100m -Xlog:disable -javaagent:c:\Users\Utilisateur\.vscode\extensions\redhat.java-1.55.0-win32-x64\lombok\lombok-1.18.39-4050.jar -XX:+HeapDumpOnOutOfMemoryError -XX:HeapDumpPath=c:\Users\Utilisateur\AppData\Roaming\Code\User\workspaceStorage\efa023533799aa9835102fb3971c23da\redhat.java -Daether.dependencyCollector.impl=bf 
java_command: c:\Users\Utilisateur\.vscode\extensions\redhat.java-1.55.0-win32-x64\server\plugins\org.eclipse.equinox.launcher_1.7.200.v20260619-2039.jar -configuration c:\Users\Utilisateur\AppData\Roaming\Code\User\globalStorage\redhat.java\1.55.0\config_win -data c:\Users\Utilisateur\AppData\Roaming\Code\User\workspaceStorage\efa023533799aa9835102fb3971c23da\redhat.java\jdt_ws --pipe=\\.\pipe\lsp-63e52ad414a57e86c8da7e3ca15681ea-sock
java_class_path (initial): c:\Users\Utilisateur\.vscode\extensions\redhat.java-1.55.0-win32-x64\server\plugins\org.eclipse.equinox.launcher_1.7.200.v20260619-2039.jar
Launcher Type: SUN_STANDARD

[Global flags]
     uint AdaptiveSizePolicyWeight                 = 90                                        {product} {command line}
     intx CICompilerCount                          = 4                                         {product} {ergonomic}
     uint GCTimeRatio                              = 4                                         {product} {command line}
     bool HeapDumpOnOutOfMemoryError               = true                                   {manageable} {command line}
    ccstr HeapDumpPath                             = c:\Users\Utilisateur\AppData\Roaming\Code\User\workspaceStorage\efa023533799aa9835102fb3971c23da\redhat.java         {manageable} {command line}
   size_t InitialHeapSize                          = 104857600                                 {product} {command line}
   size_t MaxHeapSize                              = 2147483648                                {product} {command line}
   size_t MaxNewSize                               = 715653120                                 {product} {ergonomic}
   size_t MinHeapDeltaBytes                        = 524288                                    {product} {ergonomic}
   size_t MinHeapSize                              = 104857600                                 {product} {command line}
   size_t NewSize                                  = 34603008                                  {product} {ergonomic}
    uintx NonNMethodCodeHeapSize                   = 5832704                                {pd product} {ergonomic}
    uintx NonProfiledCodeHeapSize                  = 122945536                              {pd product} {ergonomic}
    uintx ProfiledCodeHeapSize                     = 122880000                              {pd product} {ergonomic}
    uintx ReservedCodeCacheSize                    = 251658240                              {pd product} {ergonomic}
     bool SegmentedCodeCache                       = true                                      {product} {ergonomic}
   size_t SoftMaxHeapSize                          = 2147483648                             {manageable} {ergonomic}
     bool UseCompressedOops                        = true                           {product lp64_product} {ergonomic}
     bool UseLargePagesIndividualAllocation        = false                                  {pd product} {ergonomic}
     bool UseParallelGC                            = true                                      {product} {command line}

Logging:
Log output configuration:
 #0: stdout all=off uptime,level,tags foldmultilines=false
 #1: stderr all=off uptime,level,tags foldmultilines=false

Release file:
IMPLEMENTOR="Oracle Corporation" 
JAVA_RUNTIME_VERSION="25+37-LTS-3491" 
JAVA_VERSION="25" 
JAVA_VERSION_DATE="2025-09-16" 
LIBC="default" 
MODULES="java.base java.compiler java.datatransfer java.xml java.prefs java.desktop java.instrument java.logging java.management java.security.sasl java.naming java.rmi java.management.rmi java.net.http java.scripting java.security.jgss java.transaction.xa java.sql java.sql.rowset java.xml.crypto java.se java.smartcardio jdk.accessibility jdk.internal.jvmstat jdk.attach jdk.charsets jdk.internal.opt jdk.zipfs jdk.compiler jdk.crypto.cryptoki jdk.crypto.ec jdk.crypto.mscapi jdk.dynalink jdk.internal.ed jdk.editpad jdk.internal.vm.ci jdk.graal.compiler jdk.graal.compiler.management jdk.hotspot.agent jdk.httpserver jdk.incubator.vector jdk.internal.le jdk.internal.md jdk.jartool jdk.javadoc jdk.jcmd jdk.management jdk.management.agent jdk.jconsole jdk.jdeps jdk.jdwp.agent jdk.jdi jdk.jfr jdk.jlink jdk.jpackage jdk.jshell jdk.jsobject jdk.jstatd jdk.localedata jdk.management.jfr jdk.naming.dns jdk.naming.rmi jdk.net jdk.nio.mapmode jdk.sctp jdk.security.auth jdk.security.jgss jdk.unsupported jdk.unsupported.desktop jdk.xml.dom" 
OS_ARCH="x86_64" 
OS_NAME="Windows" 
SOURCE=".:git:49d6a23b8806 open:git:6c48f4ed707b" 

Environment Variables:
PATH=C:\Users\Utilisateur\AppData\Local\Programs\Python\Python314\Scripts\;C:\Users\Utilisateur\AppData\Local\Programs\Python\Python314\;C:\Program Files\Common Files\Oracle\Java\javapath;C:\Users\Utilisateur\Scripts\;C:\Users\Utilisateur\;C:\WINDOWS\system32;C:\WINDOWS;C:\WINDOWS\System32\Wbem;C:\WINDOWS\System32\WindowsPowerShell\v1.0\;C:\WINDOWS\System32\OpenSSH\;C:\Program Files (x86)\dotnet\;C:\composer;C:\ProgramData\chocolatey\bin;C:\UTC SERVICES\httpd\bin;C:\UTC SERVICES\PHP 8.3;C:\Program Files\nodejs\;C:\Program Files\Git\cmd;C:\Ruby32-x64\bin;C:\Users\Utilisateur\AppData\Local\Programs\Python\Launcher\;C:\Users\Utilisateur\AppData\Local\Microsoft\WindowsApps;C:\Users\Utilisateur\AppData\Local\Programs\Microsoft VS Code\bin;C:\Users\Utilisateur\AppData\Local\GitHubDesktop\bin;C:\xampp\php;C:\Users\Utilisateur\AppData\Roaming\Composer\vendor\bin;C:\FLUTTER\flutter\bin;C:\Users\Utilisateur\AppData\Local\Programs\Antigravity\bin;C:\Program Files\Antigravity\Antigravity.exe;C:\Users\Utilisateur\AppData\Roaming\npm;C:\Users\Utilisateur\AppData\Local\Programs\MiKTeX\miktex\bin\x64\
USERNAME=Utilisateur
OS=Windows_NT
PROCESSOR_IDENTIFIER=Intel64 Family 6 Model 142 Stepping 12, GenuineIntel
TMP=C:\Users\UTILIS~1\AppData\Local\Temp
TEMP=C:\Users\UTILIS~1\AppData\Local\Temp




Compilation memory statistics disabled.

Periodic native trim disabled

---------------  S Y S T E M  ---------------

OS:
 Windows 11 , 64 bit Build 26100 (10.0.26100.8737)
OS uptime: 2 days 22:03 hours
Hyper-V role detected

CPU: total 8 (initial active 8) (4 cores per cpu, 2 threads per core) family 6 model 142 stepping 12 microcode 0xfa, cx8, cmov, fxsr, ht, mmx, 3dnowpref, sse, sse2, sse3, ssse3, sse4.1, sse4.2, popcnt, lzcnt, tsc, tscinvbit, avx, avx2, aes, erms, clmul, bmi1, bmi2, adx, fma, vzeroupper, clflush, clflushopt, hv, rdtscp, f16c
Processor Information for the first 8 processors :
  Max Mhz: 1896, Current Mhz: 1496, Mhz Limit: 1592

Memory: 4k page, system-wide physical 16158M (1902M free)
TotalPageFile size 24086M (AvailPageFile size 12M)
current process WorkingSet (physical memory assigned to process): 227M, peak: 233M
current process commit charge ("private bytes"): 301M, peak: 315M

vm_info: Java HotSpot(TM) 64-Bit Server VM (25+37-LTS-3491) for windows-amd64 JRE (25+37-LTS-3491), built on 2025-08-14T21:13:00Z with unknown MS VC++:1943

END.
