#
# There is insufficient memory for the Java Runtime Environment to continue.
# Native memory allocation (malloc) failed to allocate 32752 bytes. Error detail: Chunk::new
# Possible reasons:
#   The system is out of physical RAM or swap space
#   This process is running with CompressedOops enabled, and the Java Heap may be blocking the growth of the native heap
# Possible solutions:
#   Reduce memory load on the system
#   Increase physical memory or swap space
#   Check if swap backing store is full
#   Decrease Java heap size (-Xmx/-Xms)
#   Decrease number of Java threads
#   Decrease Java thread stack sizes (-Xss)
#   Set larger code cache with -XX:ReservedCodeCacheSize=
#   JVM is running with Unscaled Compressed Oops mode in which the Java heap is
#     placed in the first 4GB address space. The Java Heap base address is the
#     maximum limit for the native heap growth. Please use -XX:HeapBaseMinAddress
#     to set the Java Heap base and to place the Java Heap above 4GB virtual address.
# This output file may be truncated or incomplete.
#
#  Out of Memory Error (arena.cpp:186), pid=17368, tid=33732
#
# JRE version: Java(TM) SE Runtime Environment (25.0+37) (build 25+37-LTS-3491)
# Java VM: Java HotSpot(TM) 64-Bit Server VM (25+37-LTS-3491, mixed mode, sharing, tiered, compressed oops, compressed class ptrs, parallel gc, windows-amd64)
# No core dump will be written. Minidumps are not enabled by default on client versions of Windows
#

---------------  S U M M A R Y ------------

Command Line: -Djdk.xml.maxGeneralEntitySizeLimit=0 -Djdk.xml.totalEntitySizeLimit=0 --add-modules=ALL-SYSTEM --add-opens=java.base/java.util=ALL-UNNAMED --add-opens=java.base/java.lang=ALL-UNNAMED --add-opens=java.base/sun.nio.fs=ALL-UNNAMED -Declipse.application=org.eclipse.jdt.ls.core.id1 -Dosgi.bundles.defaultStartLevel=4 -Declipse.product=org.eclipse.jdt.ls.core.product -Djava.import.generatesMetadataFilesAtProjectRoot=false -DDetectVMInstallationsJob.disabled=true -Dfile.encoding=utf8 -XX:+UseParallelGC -XX:GCTimeRatio=4 -XX:AdaptiveSizePolicyWeight=90 -Dsun.zip.disableMemoryMapping=true -Xmx2G -Xms100m -Xlog:disable -javaagent:c:\Users\Utilisateur\.vscode\extensions\redhat.java-1.55.0-win32-x64\lombok\lombok-1.18.39-4050.jar -XX:+HeapDumpOnOutOfMemoryError -XX:HeapDumpPath=c:\Users\Utilisateur\AppData\Roaming\Code\User\workspaceStorage\efa023533799aa9835102fb3971c23da\redhat.java -Daether.dependencyCollector.impl=bf c:\Users\Utilisateur\.vscode\extensions\redhat.java-1.55.0-win32-x64\server\plugins\org.eclipse.equinox.launcher_1.7.200.v20260619-2039.jar -configuration c:\Users\Utilisateur\AppData\Roaming\Code\User\globalStorage\redhat.java\1.55.0\config_win -data c:\Users\Utilisateur\AppData\Roaming\Code\User\workspaceStorage\efa023533799aa9835102fb3971c23da\redhat.java\jdt_ws --pipe=\\.\pipe\lsp-e81b7b62b0100b8bc905617a796b8733-sock

Host: Intel(R) Core(TM) i5-8365U CPU @ 1.60GHz, 8 cores, 15G,  Windows 11 , 64 bit Build 26100 (10.0.26100.8875)
Time: Mon Aug  3 14:07:52 2026 Afr. centrale Ouest elapsed time: 53.008091 seconds (0d 0h 0m 53s)

---------------  T H R E A D  ---------------

Current thread (0x0000026e4d7259a0):  JavaThread "C2 CompilerThread1" daemon [_thread_in_native, id=33732, stack(0x000000e9a4100000,0x000000e9a4200000) (1024K)]


Current CompileTask:
C2:53008 12895       4       org.eclipse.jdt.internal.compiler.lookup.BinaryTypeBinding::createMethod (1666 bytes)

Stack: [0x000000e9a4100000,0x000000e9a4200000]
Native frames: (J=compiled Java code, j=interpreted, Vv=VM code, C=native code)
V  [jvm.dll+0x7a6a39]  (no source info available)
V  [jvm.dll+0x7727ed]  (no source info available)
V  [jvm.dll+0x965f33]  (no source info available)
V  [jvm.dll+0x968531]  (no source info available)
V  [jvm.dll+0x968c33]  (no source info available)
V  [jvm.dll+0x2fc756]  (no source info available)
V  [jvm.dll+0x111b26]  (no source info available)
V  [jvm.dll+0x111e4e]  (no source info available)
V  [jvm.dll+0x7f4f78]  (no source info available)
V  [jvm.dll+0x254819]  (no source info available)
V  [jvm.dll+0x2c093c]  (no source info available)
V  [jvm.dll+0x2bfa8f]  (no source info available)
V  [jvm.dll+0x237b60]  (no source info available)
V  [jvm.dll+0x2cfb56]  (no source info available)
V  [jvm.dll+0x2cddd5]  (no source info available)
V  [jvm.dll+0x48e671]  (no source info available)
V  [jvm.dll+0x90681d]  (no source info available)
V  [jvm.dll+0x7a5015]  (no source info available)
C  [ucrtbase.dll+0x2cd30]  (no source info available)
C  [KERNEL32.DLL+0x2e957]  (no source info available)
C  [ntdll.dll+0xaad6c]  (no source info available)

Lock stack of current Java thread (top to bottom):


---------------  P R O C E S S  ---------------

Threads class SMR info:
_java_thread_list=0x0000026e51350810, length=72, elements={
0x0000026e2a9f6800, 0x0000026e2aa8ba20, 0x0000026e2aa8db70, 0x0000026e2aa92bc0,
0x0000026e2aa93620, 0x0000026e2aa96090, 0x0000026e2aa979b0, 0x0000026e2aa0a7f0,
0x0000026e2aa087b0, 0x0000026e482f0e90, 0x0000026e485f12e0, 0x0000026e489d39e0,
0x0000026e48bd2860, 0x0000026e48376290, 0x0000026e4d4899d0, 0x0000026e4d01ba30,
0x0000026e4673b810, 0x0000026e485d4310, 0x0000026e485d0c60, 0x0000026e485d4ae0,
0x0000026e485d5a80, 0x0000026e4d2f24c0, 0x0000026e4d2f8280, 0x0000026e4d2f6b10,
0x0000026e4d2f7ab0, 0x0000026e4d2f8a50, 0x0000026e4d2f99f0, 0x0000026e4d2f9220,
0x0000026e485d1c00, 0x0000026e485d6250, 0x0000026e48a66f80, 0x0000026e4f841430,
0x0000026e4f840490, 0x0000026e4f846a20, 0x0000026e4f846250, 0x0000026e4d9aa7b0,
0x0000026e4d9aee00, 0x0000026e4d9af5d0, 0x0000026e4d9b0570, 0x0000026e4d9b1510,
0x0000026e514111a0, 0x0000026e514109d0, 0x0000026e51412140, 0x0000026e51412910,
0x0000026e51416f60, 0x0000026e51415fc0, 0x0000026e51416790, 0x0000026e4f840c60,
0x0000026e4f2e2010, 0x0000026e4f2e4720, 0x0000026e4f2e1070, 0x0000026e4f2e6e30,
0x0000026e4f2e7600, 0x0000026e4d4bef10, 0x0000026e4d4bdf70, 0x0000026e4d4bc030,
0x0000026e4d4bfeb0, 0x0000026e4d4c0e50, 0x0000026e4d4bd7a0, 0x0000026e4d4c1620,
0x0000026e4d4be740, 0x0000026e4d4c3560, 0x0000026e4d4c2d90, 0x0000026e4d7259a0,
0x0000026e4da79590, 0x0000026e4da77e20, 0x0000026e4da7e3b0, 0x0000026e4eb3d020,
0x0000026e4da802f0, 0x0000026e4da80ac0, 0x0000026e4da7dbe0, 0x0000026e4da84170
}

Java Threads: ( => current thread )
  0x0000026e2a9f6800 JavaThread "main"                              [_thread_blocked, id=34500, stack(0x000000e9a2300000,0x000000e9a2400000) (1024K)]
  0x0000026e2aa8ba20 JavaThread "Reference Handler"          daemon [_thread_blocked, id=32940, stack(0x000000e9a2700000,0x000000e9a2800000) (1024K)]
  0x0000026e2aa8db70 JavaThread "Finalizer"                  daemon [_thread_blocked, id=35596, stack(0x000000e9a2800000,0x000000e9a2900000) (1024K)]
  0x0000026e2aa92bc0 JavaThread "Signal Dispatcher"          daemon [_thread_blocked, id=23272, stack(0x000000e9a2900000,0x000000e9a2a00000) (1024K)]
  0x0000026e2aa93620 JavaThread "Attach Listener"            daemon [_thread_blocked, id=12896, stack(0x000000e9a2a00000,0x000000e9a2b00000) (1024K)]
  0x0000026e2aa96090 JavaThread "Service Thread"             daemon [_thread_blocked, id=9160, stack(0x000000e9a2b00000,0x000000e9a2c00000) (1024K)]
  0x0000026e2aa979b0 JavaThread "Monitor Deflation Thread"   daemon [_thread_blocked, id=9584, stack(0x000000e9a2c00000,0x000000e9a2d00000) (1024K)]
  0x0000026e2aa0a7f0 JavaThread "C2 CompilerThread0"         daemon [_thread_in_native, id=25144, stack(0x000000e9a2d00000,0x000000e9a2e00000) (1024K)]
  0x0000026e2aa087b0 JavaThread "C1 CompilerThread0"         daemon [_thread_in_native, id=2736, stack(0x000000e9a2e00000,0x000000e9a2f00000) (1024K)]
  0x0000026e482f0e90 JavaThread "Common-Cleaner"             daemon [_thread_blocked, id=30392, stack(0x000000e9a2f00000,0x000000e9a3000000) (1024K)]
  0x0000026e485f12e0 JavaThread "Notification Thread"        daemon [_thread_blocked, id=21236, stack(0x000000e9a3000000,0x000000e9a3100000) (1024K)]
  0x0000026e489d39e0 JavaThread "Active Thread: Equinox Container: af09da7e-41a6-4439-9ba9-f977a109c653"        [_thread_blocked, id=31852, stack(0x000000e9a3400000,0x000000e9a3500000) (1024K)]
  0x0000026e48bd2860 JavaThread "Framework Event Dispatcher: Equinox Container: af09da7e-41a6-4439-9ba9-f977a109c653" daemon [_thread_blocked, id=11680, stack(0x000000e9a3600000,0x000000e9a3700000) (1024K)]
  0x0000026e48376290 JavaThread "Start Level: Equinox Container: af09da7e-41a6-4439-9ba9-f977a109c653" daemon [_thread_blocked, id=34324, stack(0x000000e9a3700000,0x000000e9a3800000) (1024K)]
  0x0000026e4d4899d0 JavaThread "Bundle File Closer"         daemon [_thread_blocked, id=30808, stack(0x000000e9a3800000,0x000000e9a3900000) (1024K)]
  0x0000026e4d01ba30 JavaThread "SCR Component Actor"        daemon [_thread_blocked, id=8852, stack(0x000000e9a3900000,0x000000e9a3a00000) (1024K)]
  0x0000026e4673b810 JavaThread "Worker-JM"                         [_thread_blocked, id=33016, stack(0x000000e9a3b00000,0x000000e9a3c00000) (1024K)]
  0x0000026e485d4310 JavaThread "JNA Cleaner"                daemon [_thread_blocked, id=29756, stack(0x000000e9a3e00000,0x000000e9a3f00000) (1024K)]
  0x0000026e485d0c60 JavaThread "Worker-0"                          [_thread_blocked, id=1900, stack(0x000000e9a3f00000,0x000000e9a4000000) (1024K)]
  0x0000026e485d4ae0 JavaThread "Worker-1"                          [_thread_blocked, id=6352, stack(0x000000e9a4000000,0x000000e9a4100000) (1024K)]
  0x0000026e485d5a80 JavaThread "Worker-2"                          [_thread_blocked, id=30100, stack(0x000000e9a4200000,0x000000e9a4300000) (1024K)]
  0x0000026e4d2f24c0 JavaThread "Java indexing"              daemon [_thread_blocked, id=20784, stack(0x000000e9a4400000,0x000000e9a4500000) (1024K)]
  0x0000026e4d2f8280 JavaThread "Worker-3"                          [_thread_blocked, id=23168, stack(0x000000e9a4700000,0x000000e9a4800000) (1024K)]
  0x0000026e4d2f6b10 JavaThread "Worker-4: Initialize workspace"        [_thread_in_Java, id=29456, stack(0x000000e9a4800000,0x000000e9a4900000) (1024K)]
  0x0000026e4d2f7ab0 JavaThread "InnocuousThread-1"          daemon [_thread_in_native, id=2516, stack(0x000000e9a4900000,0x000000e9a4a00000) (1024K)]
  0x0000026e4d2f8a50 JavaThread "InnocuousThread-2"          daemon [_thread_in_native, id=10448, stack(0x000000e9a4a00000,0x000000e9a4b00000) (1024K)]
  0x0000026e4d2f99f0 JavaThread "InnocuousThread-3"          daemon [_thread_in_native, id=9684, stack(0x000000e9a4b00000,0x000000e9a4c00000) (1024K)]
  0x0000026e4d2f9220 JavaThread "InnocuousThread-4"          daemon [_thread_in_native, id=33696, stack(0x000000e9a4c00000,0x000000e9a4d00000) (1024K)]
  0x0000026e485d1c00 JavaThread "InnocuousThread-5"          daemon [_thread_in_native, id=13992, stack(0x000000e9a4d00000,0x000000e9a4e00000) (1024K)]
  0x0000026e485d6250 JavaThread "InnocuousThread-6"          daemon [_thread_in_native, id=34644, stack(0x000000e9a4e00000,0x000000e9a4f00000) (1024K)]
  0x0000026e48a66f80 JavaThread "InnocuousThread-7"          daemon [_thread_in_native, id=31624, stack(0x000000e9a4f00000,0x000000e9a5000000) (1024K)]
  0x0000026e4f841430 JavaThread "InnocuousThread-8"          daemon [_thread_in_native, id=16876, stack(0x000000e9a5000000,0x000000e9a5100000) (1024K)]
  0x0000026e4f840490 JavaThread "InnocuousThread-9"          daemon [_thread_in_native, id=30568, stack(0x000000e9a5100000,0x000000e9a5200000) (1024K)]
  0x0000026e4f846a20 JavaThread "pool-2-thread-1"                   [_thread_blocked, id=17112, stack(0x000000e9a5300000,0x000000e9a5400000) (1024K)]
  0x0000026e4f846250 JavaThread "WorkspaceEventsHandler"            [_thread_blocked, id=22264, stack(0x000000e9a5400000,0x000000e9a5500000) (1024K)]
  0x0000026e4d9aa7b0 JavaThread "pool-1-thread-1"                   [_thread_blocked, id=21512, stack(0x000000e9a5500000,0x000000e9a5600000) (1024K)]
  0x0000026e4d9aee00 JavaThread "PatternSearchJob-worker-1"  daemon [_thread_blocked, id=29592, stack(0x000000e9a5600000,0x000000e9a5700000) (1024K)]
  0x0000026e4d9af5d0 JavaThread "PatternSearchJob-worker-2"  daemon [_thread_blocked, id=34428, stack(0x000000e9a5700000,0x000000e9a5800000) (1024K)]
  0x0000026e4d9b0570 JavaThread "PatternSearchJob-worker-3"  daemon [_thread_blocked, id=8676, stack(0x000000e9a5800000,0x000000e9a5900000) (1024K)]
  0x0000026e4d9b1510 JavaThread "PatternSearchJob-worker-4"  daemon [_thread_blocked, id=29828, stack(0x000000e9a5900000,0x000000e9a5a00000) (1024K)]
  0x0000026e514111a0 JavaThread "PatternSearchJob-worker-5"  daemon [_thread_blocked, id=26420, stack(0x000000e9a5a00000,0x000000e9a5b00000) (1024K)]
  0x0000026e514109d0 JavaThread "PatternSearchJob-worker-6"  daemon [_thread_blocked, id=22292, stack(0x000000e9a5b00000,0x000000e9a5c00000) (1024K)]
  0x0000026e51412140 JavaThread "PatternSearchJob-worker-7"  daemon [_thread_blocked, id=30788, stack(0x000000e9a5c00000,0x000000e9a5d00000) (1024K)]
  0x0000026e51412910 JavaThread "ForkJoinPool.commonPool-worker-1" daemon [_thread_blocked, id=31180, stack(0x000000e9a5200000,0x000000e9a5300000) (1024K)]
  0x0000026e51416f60 JavaThread "ForkJoinPool.commonPool-worker-2" daemon [_thread_blocked, id=6624, stack(0x000000e9a5d00000,0x000000e9a5e00000) (1024K)]
  0x0000026e51415fc0 JavaThread "ForkJoinPool.commonPool-worker-3" daemon [_thread_blocked, id=21636, stack(0x000000e9a5e00000,0x000000e9a5f00000) (1024K)]
  0x0000026e51416790 JavaThread "ForkJoinPool.commonPool-worker-4" daemon [_thread_blocked, id=13556, stack(0x000000e9a5f00000,0x000000e9a6000000) (1024K)]
  0x0000026e4f840c60 JavaThread "ForkJoinPool.commonPool-worker-5" daemon [_thread_blocked, id=12588, stack(0x000000e9a6000000,0x000000e9a6100000) (1024K)]
  0x0000026e4f2e2010 JavaThread "ForkJoinPool.commonPool-worker-6" daemon [_thread_blocked, id=22636, stack(0x000000e9a6100000,0x000000e9a6200000) (1024K)]
  0x0000026e4f2e4720 JavaThread "LocalFile Deleter"          daemon [_thread_blocked, id=20192, stack(0x000000e9a6200000,0x000000e9a6300000) (1024K)]
  0x0000026e4f2e1070 JavaThread "LocalFile Deleter"          daemon [_thread_blocked, id=1472, stack(0x000000e9a6300000,0x000000e9a6400000) (1024K)]
  0x0000026e4f2e6e30 JavaThread "LocalFile Deleter"          daemon [_thread_blocked, id=35224, stack(0x000000e9a6400000,0x000000e9a6500000) (1024K)]
  0x0000026e4f2e7600 JavaThread "LocalFile Deleter"          daemon [_thread_blocked, id=32872, stack(0x000000e9a6500000,0x000000e9a6600000) (1024K)]
  0x0000026e4d4bef10 JavaThread "LocalFile Deleter"          daemon [_thread_blocked, id=20032, stack(0x000000e9a6600000,0x000000e9a6700000) (1024K)]
  0x0000026e4d4bdf70 JavaThread "LocalFile Deleter"          daemon [_thread_blocked, id=5708, stack(0x000000e9a6700000,0x000000e9a6800000) (1024K)]
  0x0000026e4d4bc030 JavaThread "LocalFile Deleter"          daemon [_thread_blocked, id=25512, stack(0x000000e9a6800000,0x000000e9a6900000) (1024K)]
  0x0000026e4d4bfeb0 JavaThread "LocalFile Deleter"          daemon [_thread_blocked, id=34720, stack(0x000000e9a6900000,0x000000e9a6a00000) (1024K)]
  0x0000026e4d4c0e50 JavaThread "Compiler Source File Reader" daemon [_thread_blocked, id=10032, stack(0x000000e9a6a00000,0x000000e9a6b00000) (1024K)]
  0x0000026e4d4bd7a0 JavaThread "Compiler Source File Reader" daemon [_thread_blocked, id=20996, stack(0x000000e9a6b00000,0x000000e9a6c00000) (1024K)]
  0x0000026e4d4c1620 JavaThread "Compiler Source File Reader" daemon [_thread_blocked, id=28800, stack(0x000000e9a6c00000,0x000000e9a6d00000) (1024K)]
  0x0000026e4d4be740 JavaThread "Compiler Source File Reader" daemon [_thread_blocked, id=5808, stack(0x000000e9a6d00000,0x000000e9a6e00000) (1024K)]
  0x0000026e4d4c3560 JavaThread "Compiler Source File Reader" daemon [_thread_blocked, id=26408, stack(0x000000e9a6e00000,0x000000e9a6f00000) (1024K)]
  0x0000026e4d4c2d90 JavaThread "Compiler Source File Reader" daemon [_thread_blocked, id=33084, stack(0x000000e9a6f00000,0x000000e9a7000000) (1024K)]
=>0x0000026e4d7259a0 JavaThread "C2 CompilerThread1"         daemon [_thread_in_native, id=33732, stack(0x000000e9a4100000,0x000000e9a4200000) (1024K)]
  0x0000026e4da79590 JavaThread "Compiler Processing Task"   daemon [_thread_blocked, id=31608, stack(0x000000e9a7100000,0x000000e9a7200000) (1024K)]
  0x0000026e4da77e20 JavaThread "Compiler Class File Writer" daemon [_thread_blocked, id=29388, stack(0x000000e9a7000000,0x000000e9a7100000) (1024K)]
  0x0000026e4da7e3b0 JavaThread "Compiler Class File Writer" daemon [_thread_blocked, id=23848, stack(0x000000e9a7200000,0x000000e9a7300000) (1024K)]
  0x0000026e4eb3d020 JavaThread "C2 CompilerThread2"         daemon [_thread_in_native, id=4368, stack(0x000000e9a7300000,0x000000e9a7400000) (1024K)]
  0x0000026e4da802f0 JavaThread "Compiler Class File Writer" daemon [_thread_blocked, id=25284, stack(0x000000e9a7400000,0x000000e9a7500000) (1024K)]
  0x0000026e4da80ac0 JavaThread "Compiler Class File Writer" daemon [_thread_blocked, id=13184, stack(0x000000e9a7500000,0x000000e9a7600000) (1024K)]
  0x0000026e4da7dbe0 JavaThread "Compiler Class File Writer" daemon [_thread_blocked, id=30968, stack(0x000000e9a7600000,0x000000e9a7700000) (1024K)]
  0x0000026e4da84170 JavaThread "Compiler Class File Writer" daemon [_thread_blocked, id=35080, stack(0x000000e9a7700000,0x000000e9a7800000) (1024K)]
Total: 72

Other Threads:
  0x0000026e2aa76b80 VMThread "VM Thread"                           [id=31224, stack(0x000000e9a2600000,0x000000e9a2700000) (1024K)]
  0x0000026e466dc6a0 WatcherThread "VM Periodic Task Thread"        [id=3556, stack(0x000000e9a2500000,0x000000e9a2600000) (1024K)]
  0x0000026e2aa151f0 WorkerThread "GC Thread#0"                     [id=27256, stack(0x000000e9a2400000,0x000000e9a2500000) (1024K)]
  0x0000026e48b76da0 WorkerThread "GC Thread#1"                     [id=32112, stack(0x000000e9a3100000,0x000000e9a3200000) (1024K)]
  0x0000026e48b775d0 WorkerThread "GC Thread#2"                     [id=26696, stack(0x000000e9a3200000,0x000000e9a3300000) (1024K)]
  0x0000026e48b77a00 WorkerThread "GC Thread#3"                     [id=19752, stack(0x000000e9a3300000,0x000000e9a3400000) (1024K)]
  0x0000026e482769d0 WorkerThread "GC Thread#4"                     [id=35384, stack(0x000000e9a3500000,0x000000e9a3600000) (1024K)]
  0x0000026e48680d30 WorkerThread "GC Thread#5"                     [id=4248, stack(0x000000e9a3a00000,0x000000e9a3b00000) (1024K)]
  0x0000026e48681a20 WorkerThread "GC Thread#6"                     [id=23784, stack(0x000000e9a3c00000,0x000000e9a3d00000) (1024K)]
  0x0000026e4867f350 WorkerThread "GC Thread#7"                     [id=19344, stack(0x000000e9a3d00000,0x000000e9a3e00000) (1024K)]
Total: 10

Threads with active compile tasks:
C2 CompilerThread0  53239 13097       4       lombok.core.AST::buildWithField (21 bytes)
C2 CompilerThread1  53239 12895       4       org.eclipse.jdt.internal.compiler.lookup.BinaryTypeBinding::createMethod (1666 bytes)
C2 CompilerThread2  53239 12971   !   4       org.eclipse.jdt.internal.compiler.classfmt.ClassFileReader::<init> (1968 bytes)
Total: 3

VM state: not at safepoint (normal execution)

VM Mutex/Monitor currently owned by a thread: None

OutOfMemory and StackOverflow Exception counts:
OutOfMemoryError java_heap_errors=1
LinkageErrors=117

Heap address: 0x0000000080000000, size: 2048 MB, Compressed Oops mode: 32-bit

CDS archive(s) mapped at: [0x0000000020000000-0x0000000020dd0000-0x0000000020dd0000), size 14483456, SharedBaseAddress: 0x0000000020000000, ArchiveRelocationMode: 1.
Compressed class space mapped at: 0x0000000021000000-0x0000000061000000, reserved size: 1073741824
UseCompressedClassPointers 1, UseCompactObjectHeaders 0
Narrow klass pointer bits 32, Max shift 3
Narrow klass base: 0x0000000020000000, Narrow klass shift: 0
Encoding Range: [0x0000000020000000 - 0x0000000120000000), (4294967296 bytes)
Klass Range:    [0x0000000020010000 - 0x0000000061000000), (1090453504 bytes)
Klass ID Range:  [65536 - 1090519033) (1090453497)
Protection zone: [0x0000000020000000 - 0x0000000020010000), (65536 bytes)

GC Precious Log:
 CardTable entry size: 512
 CPUs: 8 total, 8 available
 Memory: 16158M
 Large Page Support: Disabled
 NUMA Support: Disabled
 Compressed Oops: Enabled (32-bit)
 Alignments: Space 512K, Generation 512K, Heap 2M
 Heap Min Capacity: 100M
 Heap Initial Capacity: 100M
 Heap Max Capacity: 2G
 Pre-touch: Disabled
 Parallel Workers: 8

Heap:
 PSYoungGen      total 33280K, used 32581K [0x00000000d5580000, 0x00000000d7c00000, 0x0000000100000000)
  eden space 29184K, 97% used [0x00000000d5580000,0x00000000d7169690,0x00000000d7200000)
  from space 4096K, 97% used [0x00000000d7280000,0x00000000d7668000,0x00000000d7680000)
  to   space 5120K, 0% used [0x00000000d7700000,0x00000000d7700000,0x00000000d7c00000)
 ParOldGen       total 72192K, used 68079K [0x0000000080000000, 0x0000000084680000, 0x00000000d5580000)
  object space 72192K, 94% used [0x0000000080000000,0x000000008427bf60,0x0000000084680000)

Card table byte_map: [0x0000026e43f20000,0x0000026e44320000] _byte_map_base: 0x0000026e43b20000

Marking Bits: (ParMarkBitMap*) 0x00007ffa8661e9c0
 Begin Bits: [0x0000026e445d0000, 0x0000026e465d0000)

Polling page: 0x0000026e34b80000

Metaspace:
Metaspace        used 61356K, committed 62656K, reserved 1114112K
 class space     used 5334K, committed 5888K, reserved 1048576K

Usage:
  Non-class:     54.71 MB used.
      Class:      5.21 MB used.
       Both:     59.92 MB used.

Virtual space:
  Non-class space:       64.00 MB reserved,      55.44 MB ( 87%) committed,  1 nodes.
      Class space:        1.00 GB reserved,       5.75 MB ( <1%) committed,  1 nodes.
             Both:        1.06 GB reserved,      61.19 MB (  6%) committed. 

Chunk freelists:
   Non-Class:  7.67 MB
       Class:  10.16 MB
        Both:  17.83 MB

MaxMetaspaceSize: unlimited
CompressedClassSpaceSize: 1.00 GB
Initial GC threshold: 21.00 MB
Current GC threshold: 97.31 MB
CDS: on
 - commit_granule_bytes: 65536.
 - commit_granule_words: 8192.
 - virtual_space_node_default_size: 8388608.
 - enlarge_chunks_in_place: 1.
UseCompressedClassPointers 1, UseCompactObjectHeaders 0
Narrow klass pointer bits 32, Max shift 3
Narrow klass base: 0x0000000020000000, Narrow klass shift: 0
Encoding Range: [0x0000000020000000 - 0x0000000120000000), (4294967296 bytes)
Klass Range:    [0x0000000020010000 - 0x0000000061000000), (1090453504 bytes)
Klass ID Range:  [65536 - 1090519033) (1090453497)
Protection zone: [0x0000000020000000 - 0x0000000020010000), (65536 bytes)


Internal statistics:

num_allocs_failed_limit: 11.
num_arena_births: 846.
num_arena_deaths: 16.
num_vsnodes_births: 2.
num_vsnodes_deaths: 0.
num_space_committed: 979.
num_space_uncommitted: 0.
num_chunks_returned_to_freelist: 28.
num_chunks_taken_from_freelist: 3606.
num_chunk_merges: 16.
num_chunk_splits: 2273.
num_chunks_enlarged: 1361.
num_inconsistent_stats: 0.

CodeHeap 'non-profiled nmethods': size=120064Kb used=5289Kb max_used=5289Kb free=114774Kb
 bounds [0x0000026e3c7f0000, 0x0000026e3cd20000, 0x0000026e43d30000]
CodeHeap 'profiled nmethods': size=120000Kb used=23216Kb max_used=23216Kb free=96783Kb
 bounds [0x0000026e34d30000, 0x0000026e363e0000, 0x0000026e3c260000]
CodeHeap 'non-nmethods': size=5696Kb used=1494Kb max_used=1596Kb free=4201Kb
 bounds [0x0000026e3c260000, 0x0000026e3c4d0000, 0x0000026e3c7f0000]
CodeCache: size=245760Kb, used=29999Kb, max_used=30101Kb, free=215758Kb
 total_blobs=13199, nmethods=12448, adapters=652, full_count=0
Compilation: enabled, stopped_count=0, restarted_count=0

Compilation events (20 events):
Event: 52.930 Thread 0x0000026e2aa087b0 nmethod 13208 0x0000026e363abd08 code [0x0000026e363abe00, 0x0000026e363abf90]
Event: 52.931 Thread 0x0000026e2aa087b0 13207       2       org.eclipse.sisu.wire.EntryListAdapter$ValueIterator::next (18 bytes)
Event: 52.931 Thread 0x0000026e2aa087b0 nmethod 13207 0x0000026e363ac008 code [0x0000026e363ac100, 0x0000026e363ac2b8]
Event: 52.934 Thread 0x0000026e2aa087b0 13209       3       org.apache.maven.model.DeploymentRepository::<init> (10 bytes)
Event: 52.935 Thread 0x0000026e2aa087b0 nmethod 13209 0x0000026e363ac308 code [0x0000026e363ac400, 0x0000026e363ac648]
Event: 52.948 Thread 0x0000026e2aa087b0 13210       3       org.codehaus.plexus.configuration.DefaultPlexusConfiguration::setAttribute (36 bytes)
Event: 52.948 Thread 0x0000026e2aa087b0 nmethod 13210 0x0000026e363ac688 code [0x0000026e363ac780, 0x0000026e363acc28]
Event: 52.949 Thread 0x0000026e2aa087b0 13211       3       org.apache.maven.plugin.descriptor.Parameter::<init> (10 bytes)
Event: 52.949 Thread 0x0000026e2aa087b0 nmethod 13211 0x0000026e363acc88 code [0x0000026e363acd80, 0x0000026e363acee8]
Event: 52.950 Thread 0x0000026e2aa087b0 13212       3       org.apache.maven.plugin.descriptor.MojoDescriptor::addParameter (75 bytes)
Event: 52.952 Thread 0x0000026e2aa087b0 nmethod 13212 0x0000026e363acf88 code [0x0000026e363ad080, 0x0000026e363ae4f8]
Event: 52.954 Thread 0x0000026e2aa087b0 13213       3       java.util.Arrays::setAll (30 bytes)
Event: 52.955 Thread 0x0000026e2aa087b0 nmethod 13213 0x0000026e363ae588 code [0x0000026e363ae680, 0x0000026e363aeb60]
Event: 52.955 Thread 0x0000026e2aa087b0 13214       3       org.objectweb.asm.MethodWriter::visitTableSwitchInsn (120 bytes)
Event: 52.956 Thread 0x0000026e2aa087b0 nmethod 13214 0x0000026e363aeb88 code [0x0000026e363aec80, 0x0000026e363af228]
Event: 52.956 Thread 0x0000026e2aa087b0 13215       3       com.google.inject.internal.aop.AbstractGlueGenerator::generateTrampoline (201 bytes)
Event: 52.957 Thread 0x0000026e2aa087b0 nmethod 13215 0x0000026e363af288 code [0x0000026e363af380, 0x0000026e363b0558]
Event: 52.960 Thread 0x0000026e2aa087b0 13216       3       java.util.ArrayList$ListItr::previous (59 bytes)
Event: 52.960 Thread 0x0000026e2aa087b0 nmethod 13216 0x0000026e363b0588 code [0x0000026e363b0680, 0x0000026e363b0b98]
Event: 53.004 Thread 0x0000026e2aa087b0 13217       3       ch.qos.logback.classic.Logger::filterAndLog_1 (68 bytes)

GC Heap Usage History (20 events):
Event: 44.352 {heap Before GC invocations=35 (full 2):
 PSYoungGen      total 33280K, used 32793K [0x00000000d5580000, 0x00000000d7700000, 0x0000000100000000)
  eden space 32256K, 100% used [0x00000000d5580000,0x00000000d7500000,0x00000000d7500000)
  from space 1024K, 52% used [0x00000000d7600000,0x00000000d7686460,0x00000000d7700000)
  to   space 1024K, 0% used [0x00000000d7500000,0x00000000d7500000,0x00000000d7600000)
 ParOldGen       total 68608K, used 55000K [0x0000000080000000, 0x0000000084300000, 0x00000000d558000Event: 44.359 {heap After GC invocations=35 (full 2):
 PSYoungGen      total 32768K, used 994K [0x00000000d5580000, 0x00000000d8580000, 0x0000000100000000)
  eden space 31744K, 0% used [0x00000000d5580000,0x00000000d5580000,0x00000000d7480000)
  from space 1024K, 97% used [0x00000000d7500000,0x00000000d75f8a10,0x00000000d7600000)
  to   space 8704K, 0% used [0x00000000d7d00000,0x00000000d7d00000,0x00000000d8580000)
 ParOldGen       total 68608K, used 61412K [0x0000000080000000, 0x0000000084300000, 0x00000000d5580000)
  Event: 44.562 {heap Before GC invocations=36 (full 2):
 PSYoungGen      total 32768K, used 32738K [0x00000000d5580000, 0x00000000d8580000, 0x0000000100000000)
  eden space 31744K, 100% used [0x00000000d5580000,0x00000000d7480000,0x00000000d7480000)
  from space 1024K, 97% used [0x00000000d7500000,0x00000000d75f8a10,0x00000000d7600000)
  to   space 8704K, 0% used [0x00000000d7d00000,0x00000000d7d00000,0x00000000d8580000)
 ParOldGen       total 68608K, used 61412K [0x0000000080000000, 0x0000000084300000, 0x00000000d558000Event: 44.567 {heap After GC invocations=36 (full 2):
 PSYoungGen      total 34304K, used 2664K [0x00000000d5580000, 0x00000000d8000000, 0x0000000100000000)
  eden space 31232K, 0% used [0x00000000d5580000,0x00000000d5580000,0x00000000d7400000)
  from space 3072K, 86% used [0x00000000d7d00000,0x00000000d7f9a0f8,0x00000000d8000000)
  to   space 4608K, 0% used [0x00000000d7700000,0x00000000d7700000,0x00000000d7b80000)
 ParOldGen       total 68608K, used 61620K [0x0000000080000000, 0x0000000084300000, 0x00000000d5580000)
 Event: 44.801 {heap Before GC invocations=37 (full 2):
 PSYoungGen      total 34304K, used 33896K [0x00000000d5580000, 0x00000000d8000000, 0x0000000100000000)
  eden space 31232K, 100% used [0x00000000d5580000,0x00000000d7400000,0x00000000d7400000)
  from space 3072K, 86% used [0x00000000d7d00000,0x00000000d7f9a0f8,0x00000000d8000000)
  to   space 4608K, 0% used [0x00000000d7700000,0x00000000d7700000,0x00000000d7b80000)
 ParOldGen       total 68608K, used 61620K [0x0000000080000000, 0x0000000084300000, 0x00000000d558000Event: 44.806 {heap After GC invocations=37 (full 2):
 PSYoungGen      total 35328K, used 488K [0x00000000d5580000, 0x00000000d7d80000, 0x0000000100000000)
  eden space 30720K, 0% used [0x00000000d5580000,0x00000000d5580000,0x00000000d7380000)
  from space 4608K, 10% used [0x00000000d7700000,0x00000000d777a028,0x00000000d7b80000)
  to   space 2048K, 0% used [0x00000000d7b80000,0x00000000d7b80000,0x00000000d7d80000)
 ParOldGen       total 68608K, used 63825K [0x0000000080000000, 0x0000000084300000, 0x00000000d5580000)
  Event: 45.017 {heap Before GC invocations=38 (full 2):
 PSYoungGen      total 35328K, used 31208K [0x00000000d5580000, 0x00000000d7d80000, 0x0000000100000000)
  eden space 30720K, 100% used [0x00000000d5580000,0x00000000d7380000,0x00000000d7380000)
  from space 4608K, 10% used [0x00000000d7700000,0x00000000d777a028,0x00000000d7b80000)
  to   space 2048K, 0% used [0x00000000d7b80000,0x00000000d7b80000,0x00000000d7d80000)
 ParOldGen       total 68608K, used 63825K [0x0000000080000000, 0x0000000084300000, 0x00000000d558000Event: 45.020 {heap After GC invocations=38 (full 2):
 PSYoungGen      total 38912K, used 698K [0x00000000d5580000, 0x00000000d7c80000, 0x0000000100000000)
  eden space 37888K, 0% used [0x00000000d5580000,0x00000000d5580000,0x00000000d7a80000)
  from space 1024K, 68% used [0x00000000d7b80000,0x00000000d7c2e868,0x00000000d7c80000)
  to   space 1024K, 0% used [0x00000000d7a80000,0x00000000d7a80000,0x00000000d7b80000)
 ParOldGen       total 68608K, used 64094K [0x0000000080000000, 0x0000000084300000, 0x00000000d5580000)
  Event: 45.733 {heap Before GC invocations=39 (full 2):
 PSYoungGen      total 38912K, used 38586K [0x00000000d5580000, 0x00000000d7c80000, 0x0000000100000000)
  eden space 37888K, 100% used [0x00000000d5580000,0x00000000d7a80000,0x00000000d7a80000)
  from space 1024K, 68% used [0x00000000d7b80000,0x00000000d7c2e868,0x00000000d7c80000)
  to   space 1024K, 0% used [0x00000000d7a80000,0x00000000d7a80000,0x00000000d7b80000)
 ParOldGen       total 68608K, used 64094K [0x0000000080000000, 0x0000000084300000, 0x00000000d558000Event: 45.736 {heap After GC invocations=39 (full 2):
 PSYoungGen      total 37888K, used 922K [0x00000000d5580000, 0x00000000d7c00000, 0x0000000100000000)
  eden space 36864K, 0% used [0x00000000d5580000,0x00000000d5580000,0x00000000d7980000)
  from space 1024K, 90% used [0x00000000d7a80000,0x00000000d7b66900,0x00000000d7b80000)
  to   space 512K, 0% used [0x00000000d7b80000,0x00000000d7b80000,0x00000000d7c00000)
 ParOldGen       total 68608K, used 64391K [0x0000000080000000, 0x0000000084300000, 0x00000000d5580000)
  oEvent: 46.041 {heap Before GC invocations=40 (full 2):
 PSYoungGen      total 37888K, used 37786K [0x00000000d5580000, 0x00000000d7c00000, 0x0000000100000000)
  eden space 36864K, 100% used [0x00000000d5580000,0x00000000d7980000,0x00000000d7980000)
  from space 1024K, 90% used [0x00000000d7a80000,0x00000000d7b66900,0x00000000d7b80000)
  to   space 512K, 0% used [0x00000000d7b80000,0x00000000d7b80000,0x00000000d7c00000)
 ParOldGen       total 68608K, used 64391K [0x0000000080000000, 0x0000000084300000, 0x00000000d5580000Event: 46.046 {heap After GC invocations=40 (full 2):
 PSYoungGen      total 35840K, used 486K [0x00000000d5580000, 0x00000000d7f80000, 0x0000000100000000)
  eden space 35328K, 0% used [0x00000000d5580000,0x00000000d5580000,0x00000000d7800000)
  from space 512K, 95% used [0x00000000d7b80000,0x00000000d7bf9aa0,0x00000000d7c00000)
  to   space 3584K, 0% used [0x00000000d7800000,0x00000000d7800000,0x00000000d7b80000)
 ParOldGen       total 68608K, used 66812K [0x0000000080000000, 0x0000000084300000, 0x00000000d5580000)
  oEvent: 47.019 {heap Before GC invocations=41 (full 2):
 PSYoungGen      total 35840K, used 35814K [0x00000000d5580000, 0x00000000d7f80000, 0x0000000100000000)
  eden space 35328K, 100% used [0x00000000d5580000,0x00000000d7800000,0x00000000d7800000)
  from space 512K, 95% used [0x00000000d7b80000,0x00000000d7bf9aa0,0x00000000d7c00000)
  to   space 3584K, 0% used [0x00000000d7800000,0x00000000d7800000,0x00000000d7b80000)
 ParOldGen       total 68608K, used 66812K [0x0000000080000000, 0x0000000084300000, 0x00000000d5580000Event: 47.022 {heap After GC invocations=41 (full 2):
 PSYoungGen      total 35328K, used 640K [0x00000000d5580000, 0x00000000d7c00000, 0x0000000100000000)
  eden space 34304K, 0% used [0x00000000d5580000,0x00000000d5580000,0x00000000d7700000)
  from space 1024K, 62% used [0x00000000d7800000,0x00000000d78a0000,0x00000000d7900000)
  to   space 1536K, 0% used [0x00000000d7a80000,0x00000000d7a80000,0x00000000d7c00000)
 ParOldGen       total 68608K, used 66980K [0x0000000080000000, 0x0000000084300000, 0x00000000d5580000)
  Event: 48.445 {heap Before GC invocations=42 (full 2):
 PSYoungGen      total 35328K, used 34944K [0x00000000d5580000, 0x00000000d7c00000, 0x0000000100000000)
  eden space 34304K, 100% used [0x00000000d5580000,0x00000000d7700000,0x00000000d7700000)
  from space 1024K, 62% used [0x00000000d7800000,0x00000000d78a0000,0x00000000d7900000)
  to   space 1536K, 0% used [0x00000000d7a80000,0x00000000d7a80000,0x00000000d7c00000)
 ParOldGen       total 68608K, used 66980K [0x0000000080000000, 0x0000000084300000, 0x00000000d558000Event: 48.451 {heap After GC invocations=42 (full 2):
 PSYoungGen      total 31232K, used 1532K [0x00000000d5580000, 0x00000000d8680000, 0x0000000100000000)
  eden space 29696K, 0% used [0x00000000d5580000,0x00000000d5580000,0x00000000d7280000)
  from space 1536K, 99% used [0x00000000d7a80000,0x00000000d7bff1d8,0x00000000d7c00000)
  to   space 8192K, 0% used [0x00000000d7280000,0x00000000d7280000,0x00000000d7a80000)
 ParOldGen       total 72192K, used 72164K [0x0000000080000000, 0x0000000084680000, 0x00000000d5580000)
 Event: 49.964 {heap Before GC invocations=43 (full 3):
 PSYoungGen      total 31232K, used 22633K [0x00000000d5580000, 0x00000000d8680000, 0x0000000100000000)
  eden space 29696K, 71% used [0x00000000d5580000,0x00000000d6a1b3a8,0x00000000d7280000)
  from space 1536K, 99% used [0x00000000d7a80000,0x00000000d7bff1d8,0x00000000d7c00000)
  to   space 8192K, 0% used [0x00000000d7280000,0x00000000d7280000,0x00000000d7a80000)
 ParOldGen       total 72192K, used 72164K [0x0000000080000000, 0x0000000084680000, 0x00000000d5580000Event: 50.108 {heap After GC invocations=43 (full 3):
 PSYoungGen      total 31232K, used 0K [0x00000000d5580000, 0x00000000d8680000, 0x0000000100000000)
  eden space 29696K, 0% used [0x00000000d5580000,0x00000000d5580000,0x00000000d7280000)
  from space 1536K, 0% used [0x00000000d7a80000,0x00000000d7a80000,0x00000000d7c00000)
  to   space 8192K, 0% used [0x00000000d7280000,0x00000000d7280000,0x00000000d7a80000)
 ParOldGen       total 72192K, used 68071K [0x0000000080000000, 0x0000000084680000, 0x00000000d5580000)
  objEvent: 51.926 {heap Before GC invocations=44 (full 3):
 PSYoungGen      total 31232K, used 29696K [0x00000000d5580000, 0x00000000d8680000, 0x0000000100000000)
  eden space 29696K, 100% used [0x00000000d5580000,0x00000000d7280000,0x00000000d7280000)
  from space 1536K, 0% used [0x00000000d7a80000,0x00000000d7a80000,0x00000000d7c00000)
  to   space 8192K, 0% used [0x00000000d7280000,0x00000000d7280000,0x00000000d7a80000)
 ParOldGen       total 72192K, used 68071K [0x0000000080000000, 0x0000000084680000, 0x00000000d5580000Event: 51.933 {heap After GC invocations=44 (full 3):
 PSYoungGen      total 33280K, used 4000K [0x00000000d5580000, 0x00000000d7c00000, 0x0000000100000000)
  eden space 29184K, 0% used [0x00000000d5580000,0x00000000d5580000,0x00000000d7200000)
  from space 4096K, 97% used [0x00000000d7280000,0x00000000d7668000,0x00000000d7680000)
  to   space 5120K, 0% used [0x00000000d7700000,0x00000000d7700000,0x00000000d7c00000)
 ParOldGen       total 72192K, used 68079K [0x0000000080000000, 0x0000000084680000, 0x00000000d5580000)
 
Metaspace Usage History (20 events):
Event: 44.352 {metaspace Before GC invocations=35 (full 2):
 Metaspace       used 52458K, committed 53632K, reserved 1114112K
  class space    used 4588K, committed 5120K, reserved 1048576K
}
Event: 44.359 {metaspace After GC invocations=35 (full 2):
 Metaspace       used 52458K, committed 53632K, reserved 1114112K
  class space    used 4588K, committed 5120K, reserved 1048576K
}
Event: 44.562 {metaspace Before GC invocations=36 (full 2):
 Metaspace       used 52812K, committed 53952K, reserved 1114112K
  class space    used 4612K, committed 5120K, reserved 1048576K
}
Event: 44.567 {metaspace After GC invocations=36 (full 2):
 Metaspace       used 52812K, committed 53952K, reserved 1114112K
  class space    used 4612K, committed 5120K, reserved 1048576K
}
Event: 44.801 {metaspace Before GC invocations=37 (full 2):
 Metaspace       used 54132K, committed 55296K, reserved 1114112K
  class space    used 4733K, committed 5248K, reserved 1048576K
}
Event: 44.806 {metaspace After GC invocations=37 (full 2):
 Metaspace       used 54132K, committed 55296K, reserved 1114112K
  class space    used 4733K, committed 5248K, reserved 1048576K
}
Event: 45.017 {metaspace Before GC invocations=38 (full 2):
 Metaspace       used 54336K, committed 55424K, reserved 1114112K
  class space    used 4757K, committed 5248K, reserved 1048576K
}
Event: 45.020 {metaspace After GC invocations=38 (full 2):
 Metaspace       used 54336K, committed 55424K, reserved 1114112K
  class space    used 4757K, committed 5248K, reserved 1048576K
}
Event: 45.733 {metaspace Before GC invocations=39 (full 2):
 Metaspace       used 55038K, committed 56192K, reserved 1114112K
  class space    used 4844K, committed 5312K, reserved 1048576K
}
Event: 45.736 {metaspace After GC invocations=39 (full 2):
 Metaspace       used 55038K, committed 56192K, reserved 1114112K
  class space    used 4844K, committed 5312K, reserved 1048576K
}
Event: 46.041 {metaspace Before GC invocations=40 (full 2):
 Metaspace       used 55111K, committed 56320K, reserved 1114112K
  class space    used 4874K, committed 5376K, reserved 1048576K
}
Event: 46.046 {metaspace After GC invocations=40 (full 2):
 Metaspace       used 55111K, committed 56320K, reserved 1114112K
  class space    used 4874K, committed 5376K, reserved 1048576K
}
Event: 47.019 {metaspace Before GC invocations=41 (full 2):
 Metaspace       used 55762K, committed 56960K, reserved 1114112K
  class space    used 4925K, committed 5440K, reserved 1048576K
}
Event: 47.022 {metaspace After GC invocations=41 (full 2):
 Metaspace       used 55762K, committed 56960K, reserved 1114112K
  class space    used 4925K, committed 5440K, reserved 1048576K
}
Event: 48.445 {metaspace Before GC invocations=42 (full 2):
 Metaspace       used 56727K, committed 57984K, reserved 1114112K
  class space    used 5009K, committed 5568K, reserved 1048576K
}
Event: 48.451 {metaspace After GC invocations=42 (full 2):
 Metaspace       used 56727K, committed 57984K, reserved 1114112K
  class space    used 5009K, committed 5568K, reserved 1048576K
}
Event: 49.964 {metaspace Before GC invocations=43 (full 3):
 Metaspace       used 58590K, committed 59776K, reserved 1114112K
  class space    used 5158K, committed 5696K, reserved 1048576K
}
Event: 50.108 {metaspace After GC invocations=43 (full 3):
 Metaspace       used 58589K, committed 59776K, reserved 1114112K
  class space    used 5158K, committed 5696K, reserved 1048576K
}
Event: 51.926 {metaspace Before GC invocations=44 (full 3):
 Metaspace       used 60453K, committed 61632K, reserved 1114112K
  class space    used 5247K, committed 5760K, reserved 1048576K
}
Event: 51.933 {metaspace After GC invocations=44 (full 3):
 Metaspace       used 60453K, committed 61632K, reserved 1114112K
  class space    used 5247K, committed 5760K, reserved 1048576K
}

Dll operation events (10 events):
Event: 0.196 Loaded shared library C:\Program Files\Java\jdk-25\bin\java.dll
Event: 0.958 Loaded shared library C:\Program Files\Java\jdk-25\bin\zip.dll
Event: 0.966 Loaded shared library C:\Program Files\Java\jdk-25\bin\instrument.dll
Event: 1.021 Loaded shared library C:\Program Files\Java\jdk-25\bin\net.dll
Event: 1.039 Loaded shared library C:\Program Files\Java\jdk-25\bin\nio.dll
Event: 1.122 Loaded shared library C:\Program Files\Java\jdk-25\bin\zip.dll
Event: 1.265 Loaded shared library C:\Program Files\Java\jdk-25\bin\jimage.dll
Event: 1.825 Loaded shared library C:\Program Files\Java\jdk-25\bin\verify.dll
Event: 11.561 Loaded shared library C:\Users\Utilisateur\AppData\Roaming\Code\User\globalStorage\redhat.java\1.55.0\config_win\org.eclipse.equinox.launcher\org.eclipse.equinox.launcher.win32.win32.x86_64_1.3.100.v20260613-0559\eclipse_11924.dll
Event: 20.503 Loaded shared library C:\Users\Utilisateur\AppData\Local\Temp\jna-1082121059\jna9702532935788476827.dll

Deoptimization events (20 events):
Event: 52.798 Thread 0x0000026e485d4ae0 Uncommon trap: trap_request=0xffffffde fr.pc=0x0000026e3cb8b208 relative=0x0000000000000508
Event: 52.798 Thread 0x0000026e485d4ae0 Uncommon trap: reason=class_check action=maybe_recompile pc=0x0000026e3cb8b208 method=org.eclipse.sisu.wire.EntryListAdapter$ValueIterator.next()Ljava/lang/Object; @ 4 c2
Event: 52.798 Thread 0x0000026e485d4ae0 DEOPT PACKING pc=0x0000026e3cb8b208 sp=0x000000e9a40fd970
Event: 52.799 Thread 0x0000026e485d4ae0 DEOPT UNPACKING pc=0x0000026e3c2e0e82 sp=0x000000e9a40fd950 mode 2
Event: 52.802 Thread 0x0000026e485d4ae0 Uncommon trap: trap_request=0xffffffde fr.pc=0x0000026e3cb8b208 relative=0x0000000000000508
Event: 52.802 Thread 0x0000026e485d4ae0 Uncommon trap: reason=class_check action=maybe_recompile pc=0x0000026e3cb8b208 method=org.eclipse.sisu.wire.EntryListAdapter$ValueIterator.next()Ljava/lang/Object; @ 4 c2
Event: 52.802 Thread 0x0000026e485d4ae0 DEOPT PACKING pc=0x0000026e3cb8b208 sp=0x000000e9a40fd970
Event: 52.802 Thread 0x0000026e485d4ae0 DEOPT UNPACKING pc=0x0000026e3c2e0e82 sp=0x000000e9a40fd950 mode 2
Event: 52.802 Thread 0x0000026e485d4ae0 Uncommon trap: trap_request=0xffffffde fr.pc=0x0000026e3cb8b208 relative=0x0000000000000508
Event: 52.802 Thread 0x0000026e485d4ae0 Uncommon trap: reason=class_check action=maybe_recompile pc=0x0000026e3cb8b208 method=org.eclipse.sisu.wire.EntryListAdapter$ValueIterator.next()Ljava/lang/Object; @ 4 c2
Event: 52.802 Thread 0x0000026e485d4ae0 DEOPT PACKING pc=0x0000026e3cb8b208 sp=0x000000e9a40fd970
Event: 52.802 Thread 0x0000026e485d4ae0 DEOPT UNPACKING pc=0x0000026e3c2e0e82 sp=0x000000e9a40fd950 mode 2
Event: 52.804 Thread 0x0000026e485d4ae0 Uncommon trap: trap_request=0xffffffde fr.pc=0x0000026e3cb8b208 relative=0x0000000000000508
Event: 52.804 Thread 0x0000026e485d4ae0 Uncommon trap: reason=class_check action=maybe_recompile pc=0x0000026e3cb8b208 method=org.eclipse.sisu.wire.EntryListAdapter$ValueIterator.next()Ljava/lang/Object; @ 4 c2
Event: 52.804 Thread 0x0000026e485d4ae0 DEOPT PACKING pc=0x0000026e3cb8b208 sp=0x000000e9a40fd970
Event: 52.805 Thread 0x0000026e485d4ae0 DEOPT UNPACKING pc=0x0000026e3c2e0e82 sp=0x000000e9a40fd950 mode 2
Event: 52.968 Thread 0x0000026e485d4ae0 Uncommon trap: trap_request=0xffffff45 fr.pc=0x0000026e3ccc3840 relative=0x0000000000000ec0
Event: 52.968 Thread 0x0000026e485d4ae0 Uncommon trap: reason=unstable_if action=reinterpret pc=0x0000026e3ccc3840 method=java.util.concurrent.ConcurrentHashMap.computeIfAbsent(Ljava/lang/Object;Ljava/util/function/Function;)Ljava/lang/Object; @ 364 c2
Event: 52.969 Thread 0x0000026e485d4ae0 DEOPT PACKING pc=0x0000026e3ccc3840 sp=0x000000e9a40fd4e0
Event: 52.969 Thread 0x0000026e485d4ae0 DEOPT UNPACKING pc=0x0000026e3c2e0e82 sp=0x000000e9a40fd468 mode 2

Classes loaded (20 events):
Event: 49.909 Loading class java/util/Hashtable$ValueCollection
Event: 49.910 Loading class java/util/Hashtable$ValueCollection done
Event: 49.958 Loading class java/util/concurrent/ConcurrentHashMap$KeySpliterator
Event: 49.964 Loading class java/util/concurrent/ConcurrentHashMap$KeySpliterator done
Event: 50.168 Loading class sun/nio/ch/ChannelOutputStream
Event: 50.169 Loading class sun/nio/ch/ChannelOutputStream done
Event: 50.237 Loading class java/util/DualPivotQuicksort$SortOperation
Event: 50.240 Loading class java/util/DualPivotQuicksort$SortOperation done
Event: 50.590 Loading class java/util/stream/ReferencePipeline$4
Event: 50.590 Loading class java/util/stream/ReferencePipeline$4 done
Event: 50.591 Loading class java/util/stream/Nodes$IntFixedNodeBuilder
Event: 50.591 Loading class java/util/stream/Node$Builder$OfInt
Event: 50.592 Loading class java/util/stream/Node$Builder$OfInt done
Event: 50.592 Loading class java/util/stream/Nodes$IntArrayNode
Event: 50.592 Loading class java/util/stream/Nodes$IntArrayNode done
Event: 50.592 Loading class java/util/stream/Nodes$IntFixedNodeBuilder done
Event: 50.592 Loading class java/util/stream/ReferencePipeline$4$1
Event: 50.592 Loading class java/util/stream/ReferencePipeline$4$1 done
Event: 51.675 Loading class java/util/ArrayDeque$DeqSpliterator
Event: 51.676 Loading class java/util/ArrayDeque$DeqSpliterator done

Classes unloaded (8 events):
Event: 23.127 Thread 0x0000026e2aa76b80 Unloading class 0x0000000021183400 'java/lang/invoke/LambdaForm$MH+0x0000000021183400'
Event: 23.127 Thread 0x0000026e2aa76b80 Unloading class 0x0000000021183000 'java/lang/invoke/LambdaForm$MH+0x0000000021183000'
Event: 23.127 Thread 0x0000026e2aa76b80 Unloading class 0x0000000021182c00 'java/lang/invoke/LambdaForm$MH+0x0000000021182c00'
Event: 23.127 Thread 0x0000026e2aa76b80 Unloading class 0x0000000021182800 'java/lang/invoke/LambdaForm$MH+0x0000000021182800'
Event: 23.127 Thread 0x0000026e2aa76b80 Unloading class 0x0000000021182400 'java/lang/invoke/LambdaForm$BMH+0x0000000021182400'
Event: 23.127 Thread 0x0000026e2aa76b80 Unloading class 0x0000000021182000 'java/lang/invoke/LambdaForm$DMH+0x0000000021182000'
Event: 23.127 Thread 0x0000026e2aa76b80 Unloading class 0x0000000021180800 'java/lang/invoke/LambdaForm$DMH+0x0000000021180800'
Event: 49.994 Thread 0x0000026e2aa76b80 Unloading class 0x00000000214f9400 'java/lang/invoke/LambdaForm$DMH+0x00000000214f9400'

Classes redefined (0 events):
No events

Internal exceptions (20 events):
Event: 52.587 Thread 0x0000026e4da79590 Exception <a 'java/lang/NullPointerException'{0x00000000d624a3d0}> (0x00000000d624a3d0) 
thrown [s\open\src\hotspot\share\interpreter\linkResolver.cpp, line 1416]
Event: 52.588 Thread 0x0000026e4da79590 Exception <a 'java/lang/NullPointerException'{0x00000000d624a828}> (0x00000000d624a828) 
thrown [s\open\src\hotspot\share\interpreter\linkResolver.cpp, line 1416]
Event: 52.588 Thread 0x0000026e4da79590 Exception <a 'java/lang/NullPointerException'{0x00000000d624ac80}> (0x00000000d624ac80) 
thrown [s\open\src\hotspot\share\interpreter\linkResolver.cpp, line 1416]
Event: 52.588 Thread 0x0000026e4da79590 Exception <a 'java/lang/NullPointerException'{0x00000000d624b0d8}> (0x00000000d624b0d8) 
thrown [s\open\src\hotspot\share\interpreter\linkResolver.cpp, line 1416]
Event: 52.588 Thread 0x0000026e4da79590 Exception <a 'java/lang/NullPointerException'{0x00000000d624c4a8}> (0x00000000d624c4a8) 
thrown [s\open\src\hotspot\share\interpreter\linkResolver.cpp, line 1416]
Event: 52.589 Thread 0x0000026e4da79590 Exception <a 'java/lang/NullPointerException'{0x00000000d624cf48}> (0x00000000d624cf48) 
thrown [s\open\src\hotspot\share\interpreter\linkResolver.cpp, line 1416]
Event: 52.589 Thread 0x0000026e4da79590 Exception <a 'java/lang/NullPointerException'{0x00000000d624d548}> (0x00000000d624d548) 
thrown [s\open\src\hotspot\share\interpreter\linkResolver.cpp, line 1416]
Event: 52.589 Thread 0x0000026e4da79590 Exception <a 'java/lang/NullPointerException'{0x00000000d624d9b0}> (0x00000000d624d9b0) 
thrown [s\open\src\hotspot\share\interpreter\linkResolver.cpp, line 1416]
Event: 52.590 Thread 0x0000026e4da79590 Exception <a 'java/lang/NullPointerException'{0x00000000d624de90}> (0x00000000d624de90) 
thrown [s\open\src\hotspot\share\interpreter\linkResolver.cpp, line 1416]
Event: 52.590 Thread 0x0000026e4da79590 Exception <a 'java/lang/NullPointerException'{0x00000000d624e408}> (0x00000000d624e408) 
thrown [s\open\src\hotspot\share\interpreter\linkResolver.cpp, line 1416]
Event: 52.590 Thread 0x0000026e4da79590 Exception <a 'java/lang/NullPointerException'{0x00000000d624e960}> (0x00000000d624e960) 
thrown [s\open\src\hotspot\share\interpreter\linkResolver.cpp, line 1416]
Event: 52.590 Thread 0x0000026e4da79590 Exception <a 'java/lang/NullPointerException'{0x00000000d624f0e8}> (0x00000000d624f0e8) 
thrown [s\open\src\hotspot\share\interpreter\linkResolver.cpp, line 1416]
Event: 52.632 Thread 0x0000026e485d4ae0 Exception <a 'sun/nio/fs/WindowsException'{0x00000000d613b910}> (0x00000000d613b910) 
thrown [s\open\src\hotspot\share\prims\jni.cpp, line 516]
Event: 52.632 Thread 0x0000026e485d4ae0 Exception <a 'sun/nio/fs/WindowsException'{0x00000000d613bf28}> (0x00000000d613bf28) 
thrown [s\open\src\hotspot\share\prims\jni.cpp, line 516]
Event: 52.633 Thread 0x0000026e485d4ae0 Exception <a 'sun/nio/fs/WindowsException'{0x00000000d613c8a0}> (0x00000000d613c8a0) 
thrown [s\open\src\hotspot\share\prims\jni.cpp, line 516]
Event: 52.633 Thread 0x0000026e485d4ae0 Exception <a 'sun/nio/fs/WindowsException'{0x00000000d613ceb8}> (0x00000000d613ceb8) 
thrown [s\open\src\hotspot\share\prims\jni.cpp, line 516]
Event: 52.686 Thread 0x0000026e485d4ae0 Exception <a 'java/lang/NoSuchMethodError'{0x00000000d62e9198}: 'java.lang.Object java.lang.invoke.DirectMethodHandle$Holder.newInvokeSpecial(java.lang.Object, java.lang.Object, int, java.lang.Object, java.lang.Object)'> (0x00000000d62e9198) 
thrown [s\open\src\hotspot\share\interpreter\linkResolver.cpp, line 804]
Event: 52.695 Thread 0x0000026e485d4ae0 Exception <a 'java/lang/NoSuchMethodError'{0x00000000d630bbd0}: 'java.lang.Object java.lang.invoke.DirectMethodHandle$Holder.invokeSpecial(java.lang.Object, java.lang.Object, java.lang.Object, int, java.lang.Object, java.lang.Object, java.lang.Object)'> (0x00000000d630bbd0) 
thrown [s\open\src\hotspot\share\interpreter\linkResolver.cpp, line 804]
Event: 52.697 Thread 0x0000026e485d4ae0 Exception <a 'java/lang/NoSuchMethodError'{0x00000000d6325110}: 'java.lang.Object java.lang.invoke.DirectMethodHandle$Holder.newInvokeSpecial(java.lang.Object, java.lang.Object, int)'> (0x00000000d6325110) 
thrown [s\open\src\hotspot\share\interpreter\linkResolver.cpp, line 804]
Event: 52.733 Thread 0x0000026e485d4ae0 Exception <a 'java/lang/NoSuchMethodError'{0x00000000d63b5a48}: 'void java.lang.invoke.DirectMethodHandle$Holder.invokeStatic(java.lang.Object, int)'> (0x00000000d63b5a48) 
thrown [s\open\src\hotspot\share\interpreter\linkResolver.cpp, line 804]

VM Operations (20 events):
Event: 49.921 Executing non-safepoint VM operation: HandshakeAllThreads (Deoptimize)
Event: 49.921 Executing non-safepoint VM operation: HandshakeAllThreads (Deoptimize) done
Event: 49.960 Executing safepoint VM operation: CollectForMetadataAllocation (Metadata GC Threshold)
Event: 50.108 Executing safepoint VM operation: CollectForMetadataAllocation (Metadata GC Threshold) done
Event: 50.170 Executing non-safepoint VM operation: HandshakeAllThreads (Deoptimize)
Event: 50.171 Executing non-safepoint VM operation: HandshakeAllThreads (Deoptimize) done
Event: 50.583 Executing non-safepoint VM operation: HandshakeAllThreads (Deoptimize)
Event: 50.583 Executing non-safepoint VM operation: HandshakeAllThreads (Deoptimize) done
Event: 50.617 Executing non-safepoint VM operation: HandshakeAllThreads (Deoptimize)
Event: 50.619 Executing non-safepoint VM operation: HandshakeAllThreads (Deoptimize) done
Event: 50.862 Executing non-safepoint VM operation: HandshakeAllThreads (Deoptimize)
Event: 50.862 Executing non-safepoint VM operation: HandshakeAllThreads (Deoptimize) done
Event: 51.569 Executing non-safepoint VM operation: HandshakeAllThreads (Deoptimize)
Event: 51.570 Executing non-safepoint VM operation: HandshakeAllThreads (Deoptimize) done
Event: 51.855 Executing non-safepoint VM operation: HandshakeAllThreads (Deoptimize)
Event: 51.856 Executing non-safepoint VM operation: HandshakeAllThreads (Deoptimize) done
Event: 51.926 Executing safepoint VM operation: ParallelCollectForAllocation (Allocation Failure)
Event: 51.933 Executing safepoint VM operation: ParallelCollectForAllocation (Allocation Failure) done
Event: 52.391 Executing non-safepoint VM operation: HandshakeAllThreads (Deoptimize)
Event: 52.391 Executing non-safepoint VM operation: HandshakeAllThreads (Deoptimize) done

Memory protections (0 events):
No events

Nmethod flushes (20 events):
Event: 50.037 Thread 0x0000026e2aa76b80 flushing  nmethod 0x0000026e35568108
Event: 50.037 Thread 0x0000026e2aa76b80 flushing  nmethod 0x0000026e35574708
Event: 50.037 Thread 0x0000026e2aa76b80 flushing  nmethod 0x0000026e35574a08
Event: 50.037 Thread 0x0000026e2aa76b80 flushing  nmethod 0x0000026e35574d08
Event: 50.037 Thread 0x0000026e2aa76b80 flushing  nmethod 0x0000026e35584508
Event: 50.037 Thread 0x0000026e2aa76b80 flushing  nmethod 0x0000026e35584a88
Event: 50.037 Thread 0x0000026e2aa76b80 flushing  nmethod 0x0000026e35587788
Event: 50.037 Thread 0x0000026e2aa76b80 flushing  nmethod 0x0000026e3558fa08
Event: 50.037 Thread 0x0000026e2aa76b80 flushing  nmethod 0x0000026e35597c88
Event: 50.037 Thread 0x0000026e2aa76b80 flushing  nmethod 0x0000026e35598088
Event: 50.037 Thread 0x0000026e2aa76b80 flushing  nmethod 0x0000026e355a6508
Event: 50.037 Thread 0x0000026e2aa76b80 flushing  nmethod 0x0000026e355c4388
Event: 50.037 Thread 0x0000026e2aa76b80 flushing  nmethod 0x0000026e355cb808
Event: 50.037 Thread 0x0000026e2aa76b80 flushing  nmethod 0x0000026e355ce208
Event: 50.037 Thread 0x0000026e2aa76b80 flushing  nmethod 0x0000026e355d0608
Event: 50.037 Thread 0x0000026e2aa76b80 flushing  nmethod 0x0000026e355d0a88
Event: 50.037 Thread 0x0000026e2aa76b80 flushing  nmethod 0x0000026e355d0e88
Event: 50.037 Thread 0x0000026e2aa76b80 flushing  nmethod 0x0000026e355d1508
Event: 50.037 Thread 0x0000026e2aa76b80 flushing  nmethod 0x0000026e355d4f08
Event: 50.037 Thread 0x0000026e2aa76b80 flushing  nmethod 0x0000026e355ee088

Events (20 events):
Event: 45.170 Thread 0x0000026e485d4ae0 Thread added: 0x0000026e4d4c0e50
Event: 45.170 Thread 0x0000026e485d4ae0 Thread added: 0x0000026e4d4bd7a0
Event: 45.170 Thread 0x0000026e485d4ae0 Thread added: 0x0000026e4d4c1620
Event: 45.170 Thread 0x0000026e485d4ae0 Thread added: 0x0000026e4d4be740
Event: 45.171 Thread 0x0000026e485d4ae0 Thread added: 0x0000026e4d4c3560
Event: 45.171 Thread 0x0000026e485d4ae0 Thread added: 0x0000026e4d4c2d90
Event: 46.123 Thread 0x0000026e50104cd0 Thread exited: 0x0000026e50104cd0
Event: 48.302 Thread 0x0000026e2aa0a7f0 Thread added: 0x0000026e4d7259a0
Event: 48.323 Thread 0x0000026e2aa0a7f0 Thread added: 0x0000026e50113eb0
Event: 48.683 Thread 0x0000026e50113eb0 Thread exited: 0x0000026e50113eb0
Event: 49.246 Thread 0x0000026e2aa087b0 Thread added: 0x0000026e50113eb0
Event: 49.691 Thread 0x0000026e485d4ae0 Thread added: 0x0000026e4da79590
Event: 49.867 Thread 0x0000026e50113eb0 Thread exited: 0x0000026e50113eb0
Event: 50.118 Thread 0x0000026e485d4ae0 Thread added: 0x0000026e4da77e20
Event: 50.262 Thread 0x0000026e485d4ae0 Thread added: 0x0000026e4da7e3b0
Event: 50.556 Thread 0x0000026e2aa087b0 Thread added: 0x0000026e4eb3d020
Event: 50.585 Thread 0x0000026e485d4ae0 Thread added: 0x0000026e4da802f0
Event: 50.630 Thread 0x0000026e485d4ae0 Thread added: 0x0000026e4da80ac0
Event: 50.630 Thread 0x0000026e485d4ae0 Thread added: 0x0000026e4da7dbe0
Event: 50.700 Thread 0x0000026e485d4ae0 Thread added: 0x0000026e4da84170


Dynamic libraries:
0x00007ff648bd0000 - 0x00007ff648be0000 	C:\Program Files\Java\jdk-25\bin\java.exe
0x00007ffb1f8a0000 - 0x00007ffb1fb06000 	C:\WINDOWS\SYSTEM32\ntdll.dll
0x00007ffb1ec10000 - 0x00007ffb1ecd9000 	C:\WINDOWS\System32\KERNEL32.DLL
0x00007ffb1cbf0000 - 0x00007ffb1cfee000 	C:\WINDOWS\System32\KERNELBASE.dll
0x00007ffb1ca90000 - 0x00007ffb1cbdc000 	C:\WINDOWS\System32\ucrtbase.dll
0x00007ffb0e220000 - 0x00007ffb0e237000 	C:\Program Files\Java\jdk-25\bin\jli.dll
0x00007ffb1eff0000 - 0x00007ffb1f1b7000 	C:\WINDOWS\System32\USER32.dll
0x00007ffb1d4b0000 - 0x00007ffb1d4d7000 	C:\WINDOWS\System32\win32u.dll
0x00007ffb1e5b0000 - 0x00007ffb1e5db000 	C:\WINDOWS\System32\GDI32.dll
0x00007ffb1d380000 - 0x00007ffb1d4aa000 	C:\WINDOWS\System32\gdi32full.dll
0x00007ffb1d0c0000 - 0x00007ffb1d163000 	C:\WINDOWS\System32\msvcp_win.dll
0x00007ffb0e140000 - 0x00007ffb0e15e000 	C:\Program Files\Java\jdk-25\bin\VCRUNTIME140.dll
0x00007ffb06200000 - 0x00007ffb06492000 	C:\WINDOWS\WinSxS\amd64_microsoft.windows.common-controls_6595b64144ccf1df_6.0.26100.8894_none_3e0f749ee32e02ea\COMCTL32.dll
0x00007ffb1e450000 - 0x00007ffb1e4f9000 	C:\WINDOWS\System32\msvcrt.dll
0x00007ffb1ee40000 - 0x00007ffb1ee72000 	C:\WINDOWS\System32\IMM32.DLL
0x00007ffb16f80000 - 0x00007ffb16f8c000 	C:\Program Files\Java\jdk-25\bin\vcruntime140_1.dll
0x00007ffb003b0000 - 0x00007ffb0043d000 	C:\Program Files\Java\jdk-25\bin\msvcp140.dll
0x00007ffa858a0000 - 0x00007ffa866ff000 	C:\Program Files\Java\jdk-25\bin\server\jvm.dll
0x00007ffb1ed50000 - 0x00007ffb1ee07000 	C:\WINDOWS\System32\ADVAPI32.dll
0x00007ffb1f1c0000 - 0x00007ffb1f26a000 	C:\WINDOWS\System32\sechost.dll
0x00007ffb1ee80000 - 0x00007ffb1ef98000 	C:\WINDOWS\System32\RPCRT4.dll
0x00007ffb1e500000 - 0x00007ffb1e580000 	C:\WINDOWS\System32\WS2_32.dll
0x00007ffb1c8f0000 - 0x00007ffb1c94e000 	C:\WINDOWS\SYSTEM32\POWRPROF.dll
0x00007ffb028e0000 - 0x00007ffb02916000 	C:\WINDOWS\SYSTEM32\WINMM.dll
0x00007ffb10020000 - 0x00007ffb1002b000 	C:\WINDOWS\SYSTEM32\VERSION.dll
0x00007ffb1c8d0000 - 0x00007ffb1c8e4000 	C:\WINDOWS\SYSTEM32\UMPDC.dll
0x00007ffb1b730000 - 0x00007ffb1b74b000 	C:\WINDOWS\SYSTEM32\kernel.appcore.dll
0x00007ffb191f0000 - 0x00007ffb191fa000 	C:\Program Files\Java\jdk-25\bin\jimage.dll
0x00007ffb19f60000 - 0x00007ffb1a1a2000 	C:\WINDOWS\SYSTEM32\DBGHELP.DLL
0x00007ffb1e0c0000 - 0x00007ffb1e443000 	C:\WINDOWS\System32\combase.dll
0x00007ffb1e950000 - 0x00007ffb1ea29000 	C:\WINDOWS\System32\OLEAUT32.dll
0x00007ffb00460000 - 0x00007ffb0049b000 	C:\WINDOWS\SYSTEM32\dbgcore.DLL
0x00007ffb1d000000 - 0x00007ffb1d0ac000 	C:\WINDOWS\System32\bcryptPrimitives.dll
0x00007ffb191e0000 - 0x00007ffb191f0000 	C:\Program Files\Java\jdk-25\bin\instrument.dll
0x00007ffb0fc20000 - 0x00007ffb0fc3f000 	C:\Program Files\Java\jdk-25\bin\java.dll
0x00007ffb1e5e0000 - 0x00007ffb1e779000 	C:\WINDOWS\System32\ole32.dll
0x00007ffb1d7a0000 - 0x00007ffb1df32000 	C:\WINDOWS\System32\SHELL32.dll
0x00007ffb1a510000 - 0x00007ffb1ada2000 	C:\WINDOWS\SYSTEM32\windows.storage.dll
0x00007ffb1e840000 - 0x00007ffb1e937000 	C:\WINDOWS\System32\SHCORE.dll
0x00007ffb1ece0000 - 0x00007ffb1ed47000 	C:\WINDOWS\System32\shlwapi.dll
0x00007ffb1c9b0000 - 0x00007ffb1c9d9000 	C:\WINDOWS\SYSTEM32\profapi.dll
0x00007ffb0fc00000 - 0x00007ffb0fc17000 	C:\Program Files\Java\jdk-25\bin\zip.dll
0x00007ffb0fbe0000 - 0x00007ffb0fbf2000 	C:\Program Files\Java\jdk-25\bin\net.dll
0x00007ffb1bcc0000 - 0x00007ffb1bd2c000 	C:\WINDOWS\system32\mswsock.dll
0x00007ffb0f7f0000 - 0x00007ffb0f806000 	C:\Program Files\Java\jdk-25\bin\nio.dll
0x00007ffb16f40000 - 0x00007ffb16f50000 	C:\Program Files\Java\jdk-25\bin\verify.dll
0x00007ffafee70000 - 0x00007ffafeeb5000 	C:\Users\Utilisateur\AppData\Roaming\Code\User\globalStorage\redhat.java\1.55.0\config_win\org.eclipse.equinox.launcher\org.eclipse.equinox.launcher.win32.win32.x86_64_1.3.100.v20260613-0559\eclipse_11924.dll
0x00007ffb1c0f0000 - 0x00007ffb1c10b000 	C:\WINDOWS\SYSTEM32\CRYPTSP.dll
0x00007ffb1b690000 - 0x00007ffb1b6c9000 	C:\WINDOWS\system32\rsaenh.dll
0x00007ffb1bd80000 - 0x00007ffb1bdb2000 	C:\WINDOWS\SYSTEM32\USERENV.dll
0x00007ffb1c980000 - 0x00007ffb1c9aa000 	C:\WINDOWS\SYSTEM32\bcrypt.dll
0x00007ffb1bf30000 - 0x00007ffb1bf3c000 	C:\WINDOWS\SYSTEM32\CRYPTBASE.dll
0x00007ffb1b190000 - 0x00007ffb1b1c3000 	C:\WINDOWS\SYSTEM32\IPHLPAPI.DLL
0x00007ffb1e940000 - 0x00007ffb1e94a000 	C:\WINDOWS\System32\NSI.dll
0x00007ffafdcd0000 - 0x00007ffafdd19000 	C:\Users\Utilisateur\AppData\Local\Temp\jna-1082121059\jna9702532935788476827.dll
0x00007ffb1ee10000 - 0x00007ffb1ee18000 	C:\WINDOWS\System32\PSAPI.DLL
0x00007ffb0efa0000 - 0x00007ffb0f0c7000 	C:\WINDOWS\SYSTEM32\winhttp.dll
0x00007ffb0ef70000 - 0x00007ffb0ef8d000 	C:\WINDOWS\SYSTEM32\dhcpcsvc6.DLL
0x00007ffb0eb50000 - 0x00007ffb0eb75000 	C:\WINDOWS\SYSTEM32\dhcpcsvc.DLL

JVMTI agents:
c:\Users\Utilisateur\.vscode\extensions\redhat.java-1.55.0-win32-x64\lombok\lombok-1.18.39-4050.jar path:C:\Program Files\Java\jdk-25\bin\instrument.dll, loaded, initialized, instrumentlib options:none

dbghelp: loaded successfully - version: 4.0.5 - missing functions: none
symbol engine: initialized successfully - sym options: 0x614 - pdb path: .;C:\Program Files\Java\jdk-25\bin;C:\WINDOWS\SYSTEM32;C:\WINDOWS\WinSxS\amd64_microsoft.windows.common-controls_6595b64144ccf1df_6.0.26100.8894_none_3e0f749ee32e02ea;C:\Program Files\Java\jdk-25\bin\server;C:\Users\Utilisateur\AppData\Roaming\Code\User\globalStorage\redhat.java\1.55.0\config_win\org.eclipse.equinox.launcher\org.eclipse.equinox.launcher.win32.win32.x86_64_1.3.100.v20260613-0559;C:\Users\Utilisateur\AppData\Local\Temp\jna-1082121059

VM Arguments:
jvm_args: -Djdk.xml.maxGeneralEntitySizeLimit=0 -Djdk.xml.totalEntitySizeLimit=0 --add-modules=ALL-SYSTEM --add-opens=java.base/java.util=ALL-UNNAMED --add-opens=java.base/java.lang=ALL-UNNAMED --add-opens=java.base/sun.nio.fs=ALL-UNNAMED -Declipse.application=org.eclipse.jdt.ls.core.id1 -Dosgi.bundles.defaultStartLevel=4 -Declipse.product=org.eclipse.jdt.ls.core.product -Djava.import.generatesMetadataFilesAtProjectRoot=false -DDetectVMInstallationsJob.disabled=true -Dfile.encoding=utf8 -XX:+UseParallelGC -XX:GCTimeRatio=4 -XX:AdaptiveSizePolicyWeight=90 -Dsun.zip.disableMemoryMapping=true -Xmx2G -Xms100m -Xlog:disable -javaagent:c:\Users\Utilisateur\.vscode\extensions\redhat.java-1.55.0-win32-x64\lombok\lombok-1.18.39-4050.jar -XX:+HeapDumpOnOutOfMemoryError -XX:HeapDumpPath=c:\Users\Utilisateur\AppData\Roaming\Code\User\workspaceStorage\efa023533799aa9835102fb3971c23da\redhat.java -Daether.dependencyCollector.impl=bf 
java_command: c:\Users\Utilisateur\.vscode\extensions\redhat.java-1.55.0-win32-x64\server\plugins\org.eclipse.equinox.launcher_1.7.200.v20260619-2039.jar -configuration c:\Users\Utilisateur\AppData\Roaming\Code\User\globalStorage\redhat.java\1.55.0\config_win -data c:\Users\Utilisateur\AppData\Roaming\Code\User\workspaceStorage\efa023533799aa9835102fb3971c23da\redhat.java\jdt_ws --pipe=\\.\pipe\lsp-e81b7b62b0100b8bc905617a796b8733-sock
java_class_path (initial): c:\Users\Utilisateur\.vscode\extensions\redhat.java-1.55.0-win32-x64\server\plugins\org.eclipse.equinox.launcher_1.7.200.v20260619-2039.jar
Launcher Type: SUN_STANDARD

[Global flags]
     uint AdaptiveSizePolicyWeight                 = 90                                        {product} {command line}
     intx CICompilerCount                          = 4                                         {product} {ergonomic}
     uint GCTimeRatio                              = 4                                         {product} {command line}
     bool HeapDumpOnOutOfMemoryError               = true                                   {manageable} {command line}
    ccstr HeapDumpPath                             = c:\Users\Utilisateur\AppData\Roaming\Code\User\workspaceStorage\efa023533799aa9835102fb3971c23da\redhat.java         {manageable} {command line}
   size_t InitialHeapSize                          = 104857600                                 {product} {command line}
   size_t MaxHeapSize                              = 2147483648                                {product} {command line}
   size_t MaxNewSize                               = 715653120                                 {product} {ergonomic}
   size_t MinHeapDeltaBytes                        = 524288                                    {product} {ergonomic}
   size_t MinHeapSize                              = 104857600                                 {product} {command line}
   size_t NewSize                                  = 34603008                                  {product} {ergonomic}
    uintx NonNMethodCodeHeapSize                   = 5832704                                {pd product} {ergonomic}
    uintx NonProfiledCodeHeapSize                  = 122945536                              {pd product} {ergonomic}
    uintx ProfiledCodeHeapSize                     = 122880000                              {pd product} {ergonomic}
    uintx ReservedCodeCacheSize                    = 251658240                              {pd product} {ergonomic}
     bool SegmentedCodeCache                       = true                                      {product} {ergonomic}
   size_t SoftMaxHeapSize                          = 2147483648                             {manageable} {ergonomic}
     bool UseCompressedOops                        = true                           {product lp64_product} {ergonomic}
     bool UseLargePagesIndividualAllocation        = false                                  {pd product} {ergonomic}
     bool UseParallelGC                            = true                                      {product} {command line}

Logging:
Log output configuration:
 #0: stdout all=off uptime,level,tags foldmultilines=false
 #1: stderr all=off uptime,level,tags foldmultilines=false

Release file:
IMPLEMENTOR="Oracle Corporation" 
JAVA_RUNTIME_VERSION="25+37-LTS-3491" 
JAVA_VERSION="25" 
JAVA_VERSION_DATE="2025-09-16" 
LIBC="default" 
MODULES="java.base java.compiler java.datatransfer java.xml java.prefs java.desktop java.instrument java.logging java.management java.security.sasl java.naming java.rmi java.management.rmi java.net.http java.scripting java.security.jgss java.transaction.xa java.sql java.sql.rowset java.xml.crypto java.se java.smartcardio jdk.accessibility jdk.internal.jvmstat jdk.attach jdk.charsets jdk.internal.opt jdk.zipfs jdk.compiler jdk.crypto.cryptoki jdk.crypto.ec jdk.crypto.mscapi jdk.dynalink jdk.internal.ed jdk.editpad jdk.internal.vm.ci jdk.graal.compiler jdk.graal.compiler.management jdk.hotspot.agent jdk.httpserver jdk.incubator.vector jdk.internal.le jdk.internal.md jdk.jartool jdk.javadoc jdk.jcmd jdk.management jdk.management.agent jdk.jconsole jdk.jdeps jdk.jdwp.agent jdk.jdi jdk.jfr jdk.jlink jdk.jpackage jdk.jshell jdk.jsobject jdk.jstatd jdk.localedata jdk.management.jfr jdk.naming.dns jdk.naming.rmi jdk.net jdk.nio.mapmode jdk.sctp jdk.security.auth jdk.security.jgss jdk.unsupported jdk.unsupported.desktop jdk.xml.dom" 
OS_ARCH="x86_64" 
OS_NAME="Windows" 
SOURCE=".:git:49d6a23b8806 open:git:6c48f4ed707b" 

Environment Variables:
PATH=C:\Users\Utilisateur\AppData\Local\Programs\Python\Python314\Scripts\;C:\Users\Utilisateur\AppData\Local\Programs\Python\Python314\;C:\Program Files\Common Files\Oracle\Java\javapath;C:\Users\Utilisateur\Scripts\;C:\Users\Utilisateur\;C:\WINDOWS\system32;C:\WINDOWS;C:\WINDOWS\System32\Wbem;C:\WINDOWS\System32\WindowsPowerShell\v1.0\;C:\WINDOWS\System32\OpenSSH\;C:\Program Files (x86)\dotnet\;C:\composer;C:\ProgramData\chocolatey\bin;C:\UTC SERVICES\httpd\bin;C:\UTC SERVICES\PHP 8.3;C:\Program Files\nodejs\;C:\Program Files\Git\cmd;C:\Ruby32-x64\bin;C:\Users\Utilisateur\AppData\Local\Programs\Python\Launcher\;C:\Users\Utilisateur\AppData\Local\Microsoft\WindowsApps;C:\Users\Utilisateur\AppData\Local\Programs\Microsoft VS Code\bin;C:\Users\Utilisateur\AppData\Local\GitHubDesktop\bin;C:\xampp\php;C:\Users\Utilisateur\AppData\Roaming\Composer\vendor\bin;C:\FLUTTER\flutter\bin;C:\Users\Utilisateur\AppData\Local\Programs\Antigravity\bin;C:\Program Files\Antigravity\Antigravity.exe;C:\Users\Utilisateur\AppData\Roaming\npm;C:\Users\Utilisateur\AppData\Local\Programs\MiKTeX\miktex\bin\x64\
USERNAME=Utilisateur
OS=Windows_NT
PROCESSOR_IDENTIFIER=Intel64 Family 6 Model 142 Stepping 12, GenuineIntel
TMP=C:\Users\UTILIS~1\AppData\Local\Temp
TEMP=C:\Users\UTILIS~1\AppData\Local\Temp




Compilation memory statistics disabled.

Periodic native trim disabled

---------------  S Y S T E M  ---------------

OS:
 Windows 11 , 64 bit Build 26100 (10.0.26100.8875)
OS uptime: 7 days 3:30 hours
Hyper-V role detected

CPU: total 8 (initial active 8) (4 cores per cpu, 2 threads per core) family 6 model 142 stepping 12 microcode 0xfa, cx8, cmov, fxsr, ht, mmx, 3dnowpref, sse, sse2, sse3, ssse3, sse4.1, sse4.2, popcnt, lzcnt, tsc, tscinvbit, avx, avx2, aes, erms, clmul, bmi1, bmi2, adx, fma, vzeroupper, clflush, clflushopt, hv, rdtscp, f16c
Processor Information for processor 0
  Max Mhz: 1896, Current Mhz: 1596, Mhz Limit: 1592
Processor Information for processor 1
  Max Mhz: 1896, Current Mhz: 1596, Mhz Limit: 1592
Processor Information for processor 2
  Max Mhz: 1896, Current Mhz: 1596, Mhz Limit: 1592
Processor Information for processor 3
  Max Mhz: 1896, Current Mhz: 1596, Mhz Limit: 1592
Processor Information for processor 4
  Max Mhz: 1896, Current Mhz: 1596, Mhz Limit: 1592
Processor Information for processor 5
  Max Mhz: 1896, Current Mhz: 1596, Mhz Limit: 1592
Processor Information for processor 6
  Max Mhz: 1896, Current Mhz: 1496, Mhz Limit: 1592
Processor Information for processor 7
  Max Mhz: 1896, Current Mhz: 1496, Mhz Limit: 1592

Memory: 4k page, system-wide physical 16158M (1655M free)
TotalPageFile size 28879M (AvailPageFile size 4M)
current process WorkingSet (physical memory assigned to process): 353M, peak: 355M
current process commit charge ("private bytes"): 391M, peak: 394M

vm_info: Java HotSpot(TM) 64-Bit Server VM (25+37-LTS-3491) for windows-amd64 JRE (25+37-LTS-3491), built on 2025-08-14T21:13:00Z with unknown MS VC++:1943

END.
