#
# There is insufficient memory for the Java Runtime Environment to continue.
# Native memory allocation (malloc) failed to allocate 17327256 bytes. Error detail: Chunk::new
# Possible reasons:
#   The system is out of physical RAM or swap space
#   This process is running with CompressedOops enabled, and the Java Heap may be blocking the growth of the native heap
# Possible solutions:
#   Reduce memory load on the system
#   Increase physical memory or swap space
#   Check if swap backing store is full
#   Decrease Java heap size (-Xmx/-Xms)
#   Decrease number of Java threads
#   Decrease Java thread stack sizes (-Xss)
#   Set larger code cache with -XX:ReservedCodeCacheSize=
#   JVM is running with Zero Based Compressed Oops mode in which the Java heap is
#     placed in the first 32GB address space. The Java Heap base address is the
#     maximum limit for the native heap growth. Please use -XX:HeapBaseMinAddress
#     to set the Java Heap base and to place the Java Heap above 32GB virtual address.
# This output file may be truncated or incomplete.
#
#  Out of Memory Error (arena.cpp:186), pid=16132, tid=24656
#
# JRE version: Java(TM) SE Runtime Environment (25.0+37) (build 25+37-LTS-3491)
# Java VM: Java HotSpot(TM) 64-Bit Server VM (25+37-LTS-3491, mixed mode, sharing, tiered, compressed oops, compressed class ptrs, g1 gc, windows-amd64)
# No core dump will be written. Minidumps are not enabled by default on client versions of Windows
#

---------------  S U M M A R Y ------------

Command Line: -Dfile.encoding=UTF-8 -Dstdout.encoding=UTF-8 -Dstderr.encoding=UTF-8 -XX:+ShowCodeDetailsInExceptionMessages com.monprojet.PresenceApplication

Host: Intel(R) Core(TM) i5-8365U CPU @ 1.60GHz, 8 cores, 15G,  Windows 11 , 64 bit Build 26100 (10.0.26100.8737)
Time: Tue Jul  7 17:50:43 2026 Afr. centrale Ouest elapsed time: 17.802124 seconds (0d 0h 0m 17s)

---------------  T H R E A D  ---------------

Current thread (0x00000217c2c814f0):  JavaThread "C2 CompilerThread0" daemon [_thread_in_native, id=24656, stack(0x0000005228400000,0x0000005228500000) (1024K)]


Current CompileTask:
C2:17802 8638       4       org.springframework.core.annotation.TypeMappedAnnotations::scan (66 bytes)

Stack: [0x0000005228400000,0x0000005228500000]
Native frames: (J=compiled Java code, j=interpreted, Vv=VM code, C=native code)
V  [jvm.dll+0x7a6a39]  (no source info available)
V  [jvm.dll+0x7727ed]  (no source info available)
V  [jvm.dll+0x965f33]  (no source info available)
V  [jvm.dll+0x968531]  (no source info available)
V  [jvm.dll+0x968c33]  (no source info available)
V  [jvm.dll+0x2fc756]  (no source info available)
V  [jvm.dll+0x111b26]  (no source info available)
V  [jvm.dll+0x111e4e]  (no source info available)
V  [jvm.dll+0x1a0a22]  (no source info available)
V  [jvm.dll+0x3b53c2]  (no source info available)
V  [jvm.dll+0x7ac3cf]  (no source info available)
V  [jvm.dll+0x2c0ac7]  (no source info available)
V  [jvm.dll+0x2bfa8f]  (no source info available)
V  [jvm.dll+0x237b60]  (no source info available)
V  [jvm.dll+0x2cfb56]  (no source info available)
V  [jvm.dll+0x2cddd5]  (no source info available)
V  [jvm.dll+0x48e671]  (no source info available)
V  [jvm.dll+0x90681d]  (no source info available)
V  [jvm.dll+0x7a5015]  (no source info available)
C  [ucrtbase.dll+0x2cd30]  (no source info available)
C  [KERNEL32.DLL+0x2e957]  (no source info available)
C  [ntdll.dll+0xaad6c]  (no source info available)

Lock stack of current Java thread (top to bottom):


---------------  P R O C E S S  ---------------

Threads class SMR info:
_java_thread_list=0x00000217c91b8d70, length=18, elements={
0x00000217a152c220, 0x00000217c2c72d80, 0x00000217c2c73540, 0x00000217c2c74a40,
0x00000217c2c77610, 0x00000217c2c7a1e0, 0x00000217c2c7cee0, 0x00000217c2c814f0,
0x00000217c2c872e0, 0x00000217c705b5f0, 0x00000217c705feb0, 0x00000217c96f9b20,
0x00000217c96f83b0, 0x00000217c96fc230, 0x00000217c96fe170, 0x00000217c2c8ea20,
0x00000217c9010de0, 0x00000217c90115f0
}

Java Threads: ( => current thread )
  0x00000217a152c220 JavaThread "main"                              [_thread_in_vm, id=19996, stack(0x0000005227600000,0x0000005227700000) (1024K)]
  0x00000217c2c72d80 JavaThread "Reference Handler"          daemon [_thread_blocked, id=25928, stack(0x0000005227e00000,0x0000005227f00000) (1024K)]
  0x00000217c2c73540 JavaThread "Finalizer"                  daemon [_thread_blocked, id=6628, stack(0x0000005227f00000,0x0000005228000000) (1024K)]
  0x00000217c2c74a40 JavaThread "Signal Dispatcher"          daemon [_thread_blocked, id=25160, stack(0x0000005228000000,0x0000005228100000) (1024K)]
  0x00000217c2c77610 JavaThread "Attach Listener"            daemon [_thread_blocked, id=16428, stack(0x0000005228100000,0x0000005228200000) (1024K)]
  0x00000217c2c7a1e0 JavaThread "Service Thread"             daemon [_thread_blocked, id=18644, stack(0x0000005228200000,0x0000005228300000) (1024K)]
  0x00000217c2c7cee0 JavaThread "Monitor Deflation Thread"   daemon [_thread_blocked, id=26004, stack(0x0000005228300000,0x0000005228400000) (1024K)]
=>0x00000217c2c814f0 JavaThread "C2 CompilerThread0"         daemon [_thread_in_native, id=24656, stack(0x0000005228400000,0x0000005228500000) (1024K)]
  0x00000217c2c872e0 JavaThread "C1 CompilerThread0"         daemon [_thread_blocked, id=8768, stack(0x0000005228500000,0x0000005228600000) (1024K)]
  0x00000217c705b5f0 JavaThread "Notification Thread"        daemon [_thread_blocked, id=13128, stack(0x0000005228600000,0x0000005228700000) (1024K)]
  0x00000217c705feb0 JavaThread "Common-Cleaner"             daemon [_thread_blocked, id=30108, stack(0x0000005228700000,0x0000005228800000) (1024K)]
  0x00000217c96f9b20 JavaThread "PostgreSQL-JDBC-Cleaner"    daemon [_thread_blocked, id=20816, stack(0x0000005229300000,0x0000005229400000) (1024K)]
  0x00000217c96f83b0 JavaThread "HikariPool-1:housekeeper"   daemon [_thread_blocked, id=20276, stack(0x0000005229400000,0x0000005229500000) (1024K)]
  0x00000217c96fc230 JavaThread "Catalina-utility-1"                [_thread_blocked, id=19788, stack(0x0000005228f00000,0x0000005229000000) (1024K)]
  0x00000217c96fe170 JavaThread "Catalina-utility-2"                [_thread_blocked, id=10964, stack(0x0000005229600000,0x0000005229700000) (1024K)]
  0x00000217c2c8ea20 JavaThread "container-0"                       [_thread_blocked, id=3400, stack(0x0000005229700000,0x0000005229800000) (1024K)]
  0x00000217c9010de0 JavaThread "C2 CompilerThread1"         daemon [_thread_in_native, id=19356, stack(0x0000005228800000,0x0000005228900000) (1024K)]
  0x00000217c90115f0 JavaThread "C2 CompilerThread2"         daemon [_thread_in_native, id=5212, stack(0x0000005229500000,0x0000005229600000) (1024K)]
Total: 18

Other Threads:
  0x00000217c2c5bf40 VMThread "VM Thread"                           [id=30224, stack(0x0000005227d00000,0x0000005227e00000) (1024K)]
  0x00000217c2c4f0a0 WatcherThread "VM Periodic Task Thread"        [id=29792, stack(0x0000005227c00000,0x0000005227d00000) (1024K)]
  0x00000217a3a349a0 WorkerThread "GC Thread#0"                     [id=3284, stack(0x0000005227700000,0x0000005227800000) (1024K)]
  0x00000217c81747d0 WorkerThread "GC Thread#1"                     [id=27604, stack(0x0000005228a00000,0x0000005228b00000) (1024K)]
  0x00000217c8174c00 WorkerThread "GC Thread#2"                     [id=27796, stack(0x0000005228b00000,0x0000005228c00000) (1024K)]
  0x00000217c82c0b70 WorkerThread "GC Thread#3"                     [id=14088, stack(0x0000005228c00000,0x0000005228d00000) (1024K)]
  0x00000217c8175d70 WorkerThread "GC Thread#4"                     [id=14128, stack(0x0000005228d00000,0x0000005228e00000) (1024K)]
  0x00000217c81754d0 WorkerThread "GC Thread#5"                     [id=1964, stack(0x0000005228e00000,0x0000005228f00000) (1024K)]
  0x00000217c8175080 WorkerThread "GC Thread#6"                     [id=26740, stack(0x0000005228900000,0x0000005228a00000) (1024K)]
  0x00000217c8175920 WorkerThread "GC Thread#7"                     [id=26240, stack(0x0000005229000000,0x0000005229100000) (1024K)]
  0x00000217a3a4d530 ConcurrentGCThread "G1 Main Marker"            [id=30212, stack(0x0000005227800000,0x0000005227900000) (1024K)]
  0x00000217a3a4f770 WorkerThread "G1 Conc#0"                       [id=30396, stack(0x0000005227900000,0x0000005227a00000) (1024K)]
  0x00000217c8695c00 WorkerThread "G1 Conc#1"                       [id=7908, stack(0x0000005229100000,0x0000005229200000) (1024K)]
  0x00000217a3a7e9c0 ConcurrentGCThread "G1 Refine#0"               [id=26584, stack(0x0000005227a00000,0x0000005227b00000) (1024K)]
  0x00000217c2b04410 ConcurrentGCThread "G1 Service"                [id=23120, stack(0x0000005227b00000,0x0000005227c00000) (1024K)]
Total: 15

Threads with active compile tasks:
C2 CompilerThread0  17940 8638       4       org.springframework.core.annotation.TypeMappedAnnotations::scan (66 bytes)
C2 CompilerThread1  17940 8771       4       org.springframework.core.ResolvableType::forType (112 bytes)
C2 CompilerThread2  17940 8692       4       org.springframework.beans.factory.support.AbstractBeanFactory::isTypeMatch (745 bytes)
Total: 3

VM state: not at safepoint (normal execution)

VM Mutex/Monitor currently owned by a thread: None

Heap address: 0x0000000703800000, size: 4040 MB, Compressed Oops mode: Zero based, Oop shift amount: 3

CDS archive(s) mapped at: [0x000000008d000000-0x000000008ddd0000-0x000000008ddd0000), size 14483456, SharedBaseAddress: 0x000000008d000000, ArchiveRelocationMode: 1.
Compressed class space mapped at: 0x000000008e000000-0x00000000ce000000, reserved size: 1073741824
UseCompressedClassPointers 1, UseCompactObjectHeaders 0
Narrow klass pointer bits 32, Max shift 3
Narrow klass base: 0x000000008d000000, Narrow klass shift: 0
Encoding Range: [0x000000008d000000 - 0x000000018d000000), (4294967296 bytes)
Klass Range:    [0x000000008d010000 - 0x00000000ce000000), (1090453504 bytes)
Klass ID Range:  [65536 - 1090519033) (1090453497)
Protection zone: [0x000000008d000000 - 0x000000008d010000), (65536 bytes)

GC Precious Log:
 CardTable entry size: 512
 Card Set container configuration: InlinePtr #cards 4 size 8 Array Of Cards #cards 16 size 48 Howl #buckets 8 coarsen threshold 3686 Howl Bitmap #cards 512 size 80 coarsen threshold 460 Card regions per heap region 1 cards per card region 4096
 CPUs: 8 total, 8 available
 Memory: 16158M
 Large Page Support: Disabled
 NUMA Support: Disabled
 Compressed Oops: Enabled (Zero based)
 Heap Region Size: 2M
 Heap Min Capacity: 8M
 Heap Initial Capacity: 254M
 Heap Max Capacity: 4040M
 Pre-touch: Disabled
 Parallel Workers: 8
 Concurrent Workers: 2
 Concurrent Refinement Workers: 8
 Periodic GC: Disabled

Heap:
 garbage-first heap   total reserved 4136960K, committed 167936K, used 95971K [0x0000000703800000, 0x0000000800000000)
  region size 2048K, 22 young (45056K), 2 survivors (4096K)

Heap Regions: E=young(eden), S=young(survivor), O=old, HS=humongous(starts), HC=humongous(continues), CS=collection set, F=free, TAMS=top-at-mark-start, PB=parsable bottom
|   0|0x0000000703800000, 0x0000000703a00000, 0x0000000703a00000|100%| O|  |TAMS 0x0000000703800000| PB 0x0000000703800000| Untracked |  0
|   1|0x0000000703a00000, 0x0000000703bba748, 0x0000000703c00000| 86%| O|  |TAMS 0x0000000703a00000| PB 0x0000000703a00000| Untracked |  0
|   2|0x0000000703c00000, 0x0000000703e00000, 0x0000000703e00000|100%| O|  |TAMS 0x0000000703c00000| PB 0x0000000703c00000| Untracked |  0
|   3|0x0000000703e00000, 0x0000000704000000, 0x0000000704000000|100%| O|  |TAMS 0x0000000703e00000| PB 0x0000000703e00000| Untracked |  0
|   4|0x0000000704000000, 0x0000000704200000, 0x0000000704200000|100%| O|  |TAMS 0x0000000704000000| PB 0x0000000704000000| Untracked |  0
|   5|0x0000000704200000, 0x0000000704400000, 0x0000000704400000|100%| O|  |TAMS 0x0000000704200000| PB 0x0000000704200000| Untracked |  0
|   6|0x0000000704400000, 0x0000000704600000, 0x0000000704600000|100%| O|  |TAMS 0x0000000704400000| PB 0x0000000704400000| Untracked |  0
|   7|0x0000000704600000, 0x0000000704800000, 0x0000000704800000|100%| O|  |TAMS 0x0000000704600000| PB 0x0000000704600000| Untracked |  0
|   8|0x0000000704800000, 0x0000000704a00000, 0x0000000704a00000|100%| O|  |TAMS 0x0000000704800000| PB 0x0000000704800000| Untracked |  0
|   9|0x0000000704a00000, 0x0000000704c00000, 0x0000000704c00000|100%| O|  |TAMS 0x0000000704a00000| PB 0x0000000704a00000| Untracked |  0
|  10|0x0000000704c00000, 0x0000000704e00000, 0x0000000704e00000|100%| O|  |TAMS 0x0000000704c00000| PB 0x0000000704c00000| Untracked |  0
|  11|0x0000000704e00000, 0x0000000705000000, 0x0000000705000000|100%| O|  |TAMS 0x0000000704e00000| PB 0x0000000704e00000| Untracked |  0
|  12|0x0000000705000000, 0x0000000705200000, 0x0000000705200000|100%| O|  |TAMS 0x0000000705000000| PB 0x0000000705000000| Untracked |  0
|  13|0x0000000705200000, 0x0000000705400000, 0x0000000705400000|100%| O|  |TAMS 0x0000000705200000| PB 0x0000000705200000| Untracked |  0
|  14|0x0000000705400000, 0x0000000705600000, 0x0000000705600000|100%| O|  |TAMS 0x0000000705400000| PB 0x0000000705400000| Untracked |  0
|  15|0x0000000705600000, 0x0000000705800000, 0x0000000705800000|100%| O|  |TAMS 0x0000000705600000| PB 0x0000000705600000| Untracked |  0
|  16|0x0000000705800000, 0x0000000705800000, 0x0000000705a00000|  0%| F|  |TAMS 0x0000000705800000| PB 0x0000000705800000| Untracked |  0
|  17|0x0000000705a00000, 0x0000000705c00000, 0x0000000705c00000|100%| O|  |TAMS 0x0000000705a00000| PB 0x0000000705a00000| Untracked |  0
|  18|0x0000000705c00000, 0x0000000705c00000, 0x0000000705e00000|  0%| F|  |TAMS 0x0000000705c00000| PB 0x0000000705c00000| Untracked |  0
|  19|0x0000000705e00000, 0x0000000706000000, 0x0000000706000000|100%| O|  |TAMS 0x0000000705e00000| PB 0x0000000705e00000| Untracked |  0
|  20|0x0000000706000000, 0x0000000706000000, 0x0000000706200000|  0%| F|  |TAMS 0x0000000706000000| PB 0x0000000706000000| Untracked |  0
|  21|0x0000000706200000, 0x0000000706200000, 0x0000000706400000|  0%| F|  |TAMS 0x0000000706200000| PB 0x0000000706200000| Untracked |  0
|  22|0x0000000706400000, 0x0000000706600000, 0x0000000706600000|100%| O|  |TAMS 0x0000000706400000| PB 0x0000000706400000| Untracked |  0
|  23|0x0000000706600000, 0x0000000706800000, 0x0000000706800000|100%| O|  |TAMS 0x0000000706600000| PB 0x0000000706600000| Untracked |  0
|  24|0x0000000706800000, 0x0000000706a00000, 0x0000000706a00000|100%| O|  |TAMS 0x0000000706800000| PB 0x0000000706800000| Untracked |  0
|  25|0x0000000706a00000, 0x0000000706c00000, 0x0000000706c00000|100%| O|  |TAMS 0x0000000706a00000| PB 0x0000000706a00000| Untracked |  0
|  26|0x0000000706c00000, 0x0000000706e00000, 0x0000000706e00000|100%| O|  |TAMS 0x0000000706c00000| PB 0x0000000706c00000| Untracked |  0
|  27|0x0000000706e00000, 0x0000000707000000, 0x0000000707000000|100%| O|  |TAMS 0x0000000706e00000| PB 0x0000000706e00000| Untracked |  0
|  28|0x0000000707000000, 0x0000000707200000, 0x0000000707200000|100%| O|  |TAMS 0x0000000707000000| PB 0x0000000707000000| Untracked |  0
|  29|0x0000000707200000, 0x0000000707400000, 0x0000000707400000|100%| O|  |TAMS 0x0000000707200000| PB 0x0000000707200000| Untracked |  0
|  30|0x0000000707400000, 0x0000000707497de8, 0x0000000707600000| 29%| O|  |TAMS 0x0000000707400000| PB 0x0000000707400000| Untracked |  0
|  31|0x0000000707600000, 0x0000000707600000, 0x0000000707800000|  0%| F|  |TAMS 0x0000000707600000| PB 0x0000000707600000| Untracked |  0
|  32|0x0000000707800000, 0x0000000707800000, 0x0000000707a00000|  0%| F|  |TAMS 0x0000000707800000| PB 0x0000000707800000| Untracked |  0
|  33|0x0000000707a00000, 0x0000000707a00000, 0x0000000707c00000|  0%| F|  |TAMS 0x0000000707a00000| PB 0x0000000707a00000| Untracked |  0
|  34|0x0000000707c00000, 0x0000000707c00000, 0x0000000707e00000|  0%| F|  |TAMS 0x0000000707c00000| PB 0x0000000707c00000| Untracked |  0
|  35|0x0000000707e00000, 0x0000000707e00000, 0x0000000708000000|  0%| F|  |TAMS 0x0000000707e00000| PB 0x0000000707e00000| Untracked |  0
|  36|0x0000000708000000, 0x0000000708000000, 0x0000000708200000|  0%| F|  |TAMS 0x0000000708000000| PB 0x0000000708000000| Untracked |  0
|  37|0x0000000708200000, 0x0000000708200000, 0x0000000708400000|  0%| F|  |TAMS 0x0000000708200000| PB 0x0000000708200000| Untracked |  0
|  38|0x0000000708400000, 0x0000000708400000, 0x0000000708600000|  0%| F|  |TAMS 0x0000000708400000| PB 0x0000000708400000| Untracked |  0
|  39|0x0000000708600000, 0x0000000708600000, 0x0000000708800000|  0%| F|  |TAMS 0x0000000708600000| PB 0x0000000708600000| Untracked |  0
|  40|0x0000000708800000, 0x0000000708800000, 0x0000000708a00000|  0%| F|  |TAMS 0x0000000708800000| PB 0x0000000708800000| Untracked |  0
|  41|0x0000000708a00000, 0x0000000708a00000, 0x0000000708c00000|  0%| F|  |TAMS 0x0000000708a00000| PB 0x0000000708a00000| Untracked |  0
|  42|0x0000000708c00000, 0x0000000708c00000, 0x0000000708e00000|  0%| F|  |TAMS 0x0000000708c00000| PB 0x0000000708c00000| Untracked |  0
|  43|0x0000000708e00000, 0x0000000708e00000, 0x0000000709000000|  0%| F|  |TAMS 0x0000000708e00000| PB 0x0000000708e00000| Untracked |  0
|  44|0x0000000709000000, 0x0000000709000000, 0x0000000709200000|  0%| F|  |TAMS 0x0000000709000000| PB 0x0000000709000000| Untracked |  0
|  45|0x0000000709200000, 0x0000000709200000, 0x0000000709400000|  0%| F|  |TAMS 0x0000000709200000| PB 0x0000000709200000| Untracked |  0
|  46|0x0000000709400000, 0x0000000709566870, 0x0000000709600000| 70%| S|CS|TAMS 0x0000000709400000| PB 0x0000000709400000| Complete |  0
|  47|0x0000000709600000, 0x0000000709800000, 0x0000000709800000|100%| S|CS|TAMS 0x0000000709600000| PB 0x0000000709600000| Complete |  0
|  48|0x0000000709800000, 0x0000000709800000, 0x0000000709a00000|  0%| F|  |TAMS 0x0000000709800000| PB 0x0000000709800000| Untracked |  0
|  49|0x0000000709a00000, 0x0000000709a00000, 0x0000000709c00000|  0%| F|  |TAMS 0x0000000709a00000| PB 0x0000000709a00000| Untracked |  0
|  50|0x0000000709c00000, 0x0000000709c00000, 0x0000000709e00000|  0%| F|  |TAMS 0x0000000709c00000| PB 0x0000000709c00000| Untracked |  0
|  51|0x0000000709e00000, 0x0000000709e00000, 0x000000070a000000|  0%| F|  |TAMS 0x0000000709e00000| PB 0x0000000709e00000| Untracked |  0
|  52|0x000000070a000000, 0x000000070a000000, 0x000000070a200000|  0%| F|  |TAMS 0x000000070a000000| PB 0x000000070a000000| Untracked |  0
|  53|0x000000070a200000, 0x000000070a200000, 0x000000070a400000|  0%| F|  |TAMS 0x000000070a200000| PB 0x000000070a200000| Untracked |  0
|  54|0x000000070a400000, 0x000000070a400000, 0x000000070a600000|  0%| F|  |TAMS 0x000000070a400000| PB 0x000000070a400000| Untracked |  0
|  55|0x000000070a600000, 0x000000070a600000, 0x000000070a800000|  0%| F|  |TAMS 0x000000070a600000| PB 0x000000070a600000| Untracked |  0
|  56|0x000000070a800000, 0x000000070a800000, 0x000000070aa00000|  0%| F|  |TAMS 0x000000070a800000| PB 0x000000070a800000| Untracked |  0
|  57|0x000000070aa00000, 0x000000070aa00000, 0x000000070ac00000|  0%| F|  |TAMS 0x000000070aa00000| PB 0x000000070aa00000| Untracked |  0
|  58|0x000000070ac00000, 0x000000070ac00000, 0x000000070ae00000|  0%| F|  |TAMS 0x000000070ac00000| PB 0x000000070ac00000| Untracked |  0
|  59|0x000000070ae00000, 0x000000070ae00000, 0x000000070b000000|  0%| F|  |TAMS 0x000000070ae00000| PB 0x000000070ae00000| Untracked |  0
|  60|0x000000070b000000, 0x000000070b000000, 0x000000070b200000|  0%| F|  |TAMS 0x000000070b000000| PB 0x000000070b000000| Untracked |  0
|  61|0x000000070b200000, 0x000000070b200000, 0x000000070b400000|  0%| F|  |TAMS 0x000000070b200000| PB 0x000000070b200000| Untracked |  0
|  62|0x000000070b400000, 0x000000070b500000, 0x000000070b600000| 50%| E|  |TAMS 0x000000070b400000| PB 0x000000070b400000| Complete |  0
|  63|0x000000070b600000, 0x000000070b800000, 0x000000070b800000|100%| E|CS|TAMS 0x000000070b600000| PB 0x000000070b600000| Complete |  0
|  64|0x000000070b800000, 0x000000070ba00000, 0x000000070ba00000|100%| E|CS|TAMS 0x000000070b800000| PB 0x000000070b800000| Complete |  0
|  65|0x000000070ba00000, 0x000000070bc00000, 0x000000070bc00000|100%| E|CS|TAMS 0x000000070ba00000| PB 0x000000070ba00000| Complete |  0
|  66|0x000000070bc00000, 0x000000070be00000, 0x000000070be00000|100%| E|CS|TAMS 0x000000070bc00000| PB 0x000000070bc00000| Complete |  0
|  67|0x000000070be00000, 0x000000070c000000, 0x000000070c000000|100%| E|CS|TAMS 0x000000070be00000| PB 0x000000070be00000| Complete |  0
|  68|0x000000070c000000, 0x000000070c200000, 0x000000070c200000|100%| E|CS|TAMS 0x000000070c000000| PB 0x000000070c000000| Complete |  0
|  69|0x000000070c200000, 0x000000070c400000, 0x000000070c400000|100%| E|CS|TAMS 0x000000070c200000| PB 0x000000070c200000| Complete |  0
|  70|0x000000070c400000, 0x000000070c600000, 0x000000070c600000|100%| E|CS|TAMS 0x000000070c400000| PB 0x000000070c400000| Complete |  0
|  71|0x000000070c600000, 0x000000070c800000, 0x000000070c800000|100%| E|CS|TAMS 0x000000070c600000| PB 0x000000070c600000| Complete |  0
|  72|0x000000070c800000, 0x000000070ca00000, 0x000000070ca00000|100%| E|CS|TAMS 0x000000070c800000| PB 0x000000070c800000| Complete |  0
|  73|0x000000070ca00000, 0x000000070cc00000, 0x000000070cc00000|100%| E|CS|TAMS 0x000000070ca00000| PB 0x000000070ca00000| Complete |  0
|  74|0x000000070cc00000, 0x000000070ce00000, 0x000000070ce00000|100%| E|CS|TAMS 0x000000070cc00000| PB 0x000000070cc00000| Complete |  0
|  75|0x000000070ce00000, 0x000000070d000000, 0x000000070d000000|100%| E|CS|TAMS 0x000000070ce00000| PB 0x000000070ce00000| Complete |  0
|2014|0x00000007ff400000, 0x00000007ff600000, 0x00000007ff600000|100%| E|CS|TAMS 0x00000007ff400000| PB 0x00000007ff400000| Complete |  0
|2015|0x00000007ff600000, 0x00000007ff800000, 0x00000007ff800000|100%| E|CS|TAMS 0x00000007ff600000| PB 0x00000007ff600000| Complete |  0
|2016|0x00000007ff800000, 0x00000007ffa00000, 0x00000007ffa00000|100%| E|CS|TAMS 0x00000007ff800000| PB 0x00000007ff800000| Complete |  0
|2017|0x00000007ffa00000, 0x00000007ffc00000, 0x00000007ffc00000|100%| E|CS|TAMS 0x00000007ffa00000| PB 0x00000007ffa00000| Complete |  0
|2018|0x00000007ffc00000, 0x00000007ffe00000, 0x00000007ffe00000|100%| E|CS|TAMS 0x00000007ffc00000| PB 0x00000007ffc00000| Complete |  0
|2019|0x00000007ffe00000, 0x0000000800000000, 0x0000000800000000|100%| E|CS|TAMS 0x00000007ffe00000| PB 0x00000007ffe00000| Complete |  0

Card table byte_map: [0x00000217bbd70000,0x00000217bc560000] _byte_map_base: 0x00000217b8554000

Marking Bits: (CMBitMap*) 0x00000217a3a35130
 Bits: [0x00000217bc560000, 0x00000217c0480000)

Polling page: 0x00000217a1a20000

Metaspace:
Metaspace        used 74392K, committed 75008K, reserved 1179648K
 class space     used 8287K, committed 8576K, reserved 1048576K

Usage:
  Non-class:     64.56 MB used.
      Class:      8.09 MB used.
       Both:     72.65 MB used.

Virtual space:
  Non-class space:      128.00 MB reserved,      64.88 MB ( 51%) committed,  2 nodes.
      Class space:        1.00 GB reserved,       8.38 MB ( <1%) committed,  1 nodes.
             Both:        1.12 GB reserved,      73.25 MB (  6%) committed. 

Chunk freelists:
   Non-Class:  14.98 MB
       Class:  7.55 MB
        Both:  22.53 MB

MaxMetaspaceSize: unlimited
CompressedClassSpaceSize: 1.00 GB
Initial GC threshold: 21.00 MB
Current GC threshold: 113.88 MB
CDS: on
 - commit_granule_bytes: 65536.
 - commit_granule_words: 8192.
 - virtual_space_node_default_size: 8388608.
 - enlarge_chunks_in_place: 1.
UseCompressedClassPointers 1, UseCompactObjectHeaders 0
Narrow klass pointer bits 32, Max shift 3
Narrow klass base: 0x000000008d000000, Narrow klass shift: 0
Encoding Range: [0x000000008d000000 - 0x000000018d000000), (4294967296 bytes)
Klass Range:    [0x000000008d010000 - 0x00000000ce000000), (1090453504 bytes)
Klass ID Range:  [65536 - 1090519033) (1090453497)
Protection zone: [0x000000008d000000 - 0x000000008d010000), (65536 bytes)


Internal statistics:

num_allocs_failed_limit: 9.
num_arena_births: 750.
num_arena_deaths: 0.
num_vsnodes_births: 3.
num_vsnodes_deaths: 0.
num_space_committed: 1172.
num_space_uncommitted: 0.
num_chunks_returned_to_freelist: 9.
num_chunks_taken_from_freelist: 3424.
num_chunk_merges: 6.
num_chunk_splits: 2556.
num_chunks_enlarged: 2137.
num_inconsistent_stats: 0.

CodeHeap 'non-profiled nmethods': size=120064Kb used=3344Kb max_used=3438Kb free=116719Kb
 bounds [0x00000217b3d00000, 0x00000217b4060000, 0x00000217bb240000]
CodeHeap 'profiled nmethods': size=120000Kb used=11345Kb max_used=11381Kb free=108654Kb
 bounds [0x00000217ac240000, 0x00000217acd60000, 0x00000217b3770000]
CodeHeap 'non-nmethods': size=5696Kb used=1618Kb max_used=1681Kb free=4077Kb
 bounds [0x00000217b3770000, 0x00000217b39e0000, 0x00000217b3d00000]
CodeCache: size=245760Kb, used=16307Kb, max_used=16500Kb, free=229450Kb
 total_blobs=8277, nmethods=7545, adapters=633, full_count=0
Compilation: enabled, stopped_count=0, restarted_count=0

Compilation events (20 events):
Event: 17.785 Thread 0x00000217c2c872e0 8871   !   2       jdk.proxy2.$Proxy157::annotationType (28 bytes)
Event: 17.785 Thread 0x00000217c2c872e0 nmethod 8871 0x00000217ac965188 code [0x00000217ac965280, 0x00000217ac965508]
Event: 17.785 Thread 0x00000217c2c872e0 8872       2       org.springframework.beans.factory.support.DefaultListableBeanFactory::resolveDependency (121 bytes)
Event: 17.786 Thread 0x00000217c2c872e0 nmethod 8872 0x00000217ac964a08 code [0x00000217ac964b00, 0x00000217ac9650f0]
Event: 17.786 Thread 0x00000217c2c872e0 8873       2       org.springframework.beans.factory.config.DependencyDescriptor::initParameterNameDiscovery (16 bytes)
Event: 17.786 Thread 0x00000217c2c872e0 nmethod 8873 0x00000217acaca408 code [0x00000217acaca500, 0x00000217acaca678]
Event: 17.787 Thread 0x00000217c2c872e0 8874   !   2       org.springframework.beans.factory.support.AbstractAutowireCapableBeanFactory::applyPropertyValues (492 bytes)
Event: 17.794 Thread 0x00000217c2c872e0 nmethod 8874 0x00000217ac962508 code [0x00000217ac962600, 0x00000217ac9649f0]
Event: 17.794 Thread 0x00000217c2c872e0 8876   !   2       org.springframework.beans.factory.support.DefaultSingletonBeanRegistry::getSingleton (181 bytes)
Event: 17.795 Thread 0x00000217c2c872e0 nmethod 8876 0x00000217ac961e08 code [0x00000217ac961f00, 0x00000217ac962488]
Event: 17.795 Thread 0x00000217c2c872e0 8879   !   2       jdk.proxy2.$Proxy67::annotationType (28 bytes)
Event: 17.795 Thread 0x00000217c2c872e0 nmethod 8879 0x00000217ac961a08 code [0x00000217ac961b00, 0x00000217ac961d88]
Event: 17.795 Thread 0x00000217c2c872e0 8878   !   2       jdk.proxy2.$Proxy64::annotationType (28 bytes)
Event: 17.795 Thread 0x00000217c2c872e0 nmethod 8878 0x00000217ac961608 code [0x00000217ac961700, 0x00000217ac961988]
Event: 17.795 Thread 0x00000217c2c872e0 8877   !   2       jdk.proxy2.$Proxy22::annotationType (28 bytes)
Event: 17.795 Thread 0x00000217c2c872e0 nmethod 8877 0x00000217ac961208 code [0x00000217ac961300, 0x00000217ac961588]
Event: 17.795 Thread 0x00000217c2c872e0 8875       2       jdk.internal.reflect.MethodHandleAccessorFactory::isSignaturePolymorphicMethod (67 bytes)
Event: 17.796 Thread 0x00000217c2c872e0 nmethod 8875 0x00000217ac960f08 code [0x00000217ac961000, 0x00000217ac9611f8]
Event: 17.797 Thread 0x00000217c2c872e0 8880       2       java.lang.invoke.MemberName::isVolatile (8 bytes)
Event: 17.797 Thread 0x00000217c2c872e0 nmethod 8880 0x00000217ac960c08 code [0x00000217ac960d00, 0x00000217ac960e20]

GC Heap Usage History (20 events):
Event: 12.901 {heap Before GC invocations=11 (full 0):
 garbage-first heap   total reserved 4136960K, committed 161792K, used 42911K [0x0000000703800000, 0x0000000800000000)
  region size 2048K, 12 young (24576K), 2 survivors (4096K)
}
Event: 12.909 {heap After GC invocations=12 (full 0):
 garbage-first heap   total reserved 4136960K, committed 161792K, used 27487K [0x0000000703800000, 0x0000000800000000)
  region size 2048K, 2 young (4096K), 2 survivors (4096K)
}
Event: 14.784 {heap Before GC invocations=13 (full 0):
 garbage-first heap   total reserved 4136960K, committed 96256K, used 80735K [0x0000000703800000, 0x0000000800000000)
  region size 2048K, 28 young (57344K), 2 survivors (4096K)
}
Event: 14.793 {heap After GC invocations=14 (full 0):
 garbage-first heap   total reserved 4136960K, committed 96256K, used 31790K [0x0000000703800000, 0x0000000800000000)
  region size 2048K, 4 young (8192K), 4 survivors (8192K)
}
Event: 15.322 {heap Before GC invocations=14 (full 0):
 garbage-first heap   total reserved 4136960K, committed 96256K, used 80942K [0x0000000703800000, 0x0000000800000000)
  region size 2048K, 28 young (57344K), 4 survivors (8192K)
}
Event: 15.340 {heap After GC invocations=15 (full 0):
 garbage-first heap   total reserved 4136960K, committed 96256K, used 33669K [0x0000000703800000, 0x0000000800000000)
  region size 2048K, 4 young (8192K), 4 survivors (8192K)
}
Event: 15.553 {heap Before GC invocations=15 (full 0):
 garbage-first heap   total reserved 4136960K, committed 96256K, used 80773K [0x0000000703800000, 0x0000000800000000)
  region size 2048K, 27 young (55296K), 4 survivors (8192K)
}
Event: 15.564 {heap After GC invocations=16 (full 0):
 garbage-first heap   total reserved 4136960K, committed 96256K, used 39471K [0x0000000703800000, 0x0000000800000000)
  region size 2048K, 4 young (8192K), 4 survivors (8192K)
}
Event: 15.669 {heap Before GC invocations=16 (full 0):
 garbage-first heap   total reserved 4136960K, committed 96256K, used 78383K [0x0000000703800000, 0x0000000800000000)
  region size 2048K, 24 young (49152K), 4 survivors (8192K)
}
Event: 15.690 {heap After GC invocations=17 (full 0):
 garbage-first heap   total reserved 4136960K, committed 106496K, used 55916K [0x0000000703800000, 0x0000000800000000)
  region size 2048K, 3 young (6144K), 3 survivors (6144K)
}
Event: 15.862 {heap Before GC invocations=18 (full 0):
 garbage-first heap   total reserved 4136960K, committed 106496K, used 82540K [0x0000000703800000, 0x0000000800000000)
  region size 2048K, 17 young (34816K), 3 survivors (6144K)
}
Event: 15.871 {heap After GC invocations=19 (full 0):
 garbage-first heap   total reserved 4136960K, committed 106496K, used 60217K [0x0000000703800000, 0x0000000800000000)
  region size 2048K, 2 young (4096K), 2 survivors (4096K)
}
Event: 15.952 {heap Before GC invocations=19 (full 0):
 garbage-first heap   total reserved 4136960K, committed 106496K, used 86841K [0x0000000703800000, 0x0000000800000000)
  region size 2048K, 15 young (30720K), 2 survivors (4096K)
}
Event: 15.958 {heap After GC invocations=20 (full 0):
 garbage-first heap   total reserved 4136960K, committed 167936K, used 59945K [0x0000000703800000, 0x0000000800000000)
  region size 2048K, 1 young (2048K), 1 survivors (2048K)
}
Event: 16.175 {heap Before GC invocations=20 (full 0):
 garbage-first heap   total reserved 4136960K, committed 167936K, used 125481K [0x0000000703800000, 0x0000000800000000)
  region size 2048K, 33 young (67584K), 1 survivors (2048K)
}
Event: 16.187 {heap After GC invocations=21 (full 0):
 garbage-first heap   total reserved 4136960K, committed 167936K, used 71965K [0x0000000703800000, 0x0000000800000000)
  region size 2048K, 5 young (10240K), 5 survivors (10240K)
}
Event: 16.351 {heap Before GC invocations=22 (full 0):
 garbage-first heap   total reserved 4136960K, committed 167936K, used 121117K [0x0000000703800000, 0x0000000800000000)
  region size 2048K, 33 young (67584K), 5 survivors (10240K)
}
Event: 16.362 {heap After GC invocations=23 (full 0):
 garbage-first heap   total reserved 4136960K, committed 167936K, used 67148K [0x0000000703800000, 0x0000000800000000)
  region size 2048K, 2 young (4096K), 2 survivors (4096K)
}
Event: 16.723 {heap Before GC invocations=23 (full 0):
 garbage-first heap   total reserved 4136960K, committed 167936K, used 128588K [0x0000000703800000, 0x0000000800000000)
  region size 2048K, 32 young (65536K), 2 survivors (4096K)
}
Event: 16.728 {heap After GC invocations=24 (full 0):
 garbage-first heap   total reserved 4136960K, committed 167936K, used 57059K [0x0000000703800000, 0x0000000800000000)
  region size 2048K, 2 young (4096K), 2 survivors (4096K)
}

Metaspace Usage History (20 events):
Event: 12.901 {metaspace Before GC invocations=11 (full 0):
 Metaspace       used 59810K, committed 60288K, reserved 1114112K
  class space    used 6151K, committed 6400K, reserved 1048576K
}
Event: 12.909 {metaspace After GC invocations=12 (full 0):
 Metaspace       used 59810K, committed 60288K, reserved 1114112K
  class space    used 6151K, committed 6400K, reserved 1048576K
}
Event: 14.784 {metaspace Before GC invocations=13 (full 0):
 Metaspace       used 66279K, committed 66752K, reserved 1114112K
  class space    used 7125K, committed 7360K, reserved 1048576K
}
Event: 14.793 {metaspace After GC invocations=14 (full 0):
 Metaspace       used 66279K, committed 66752K, reserved 1114112K
  class space    used 7125K, committed 7360K, reserved 1048576K
}
Event: 15.322 {metaspace Before GC invocations=14 (full 0):
 Metaspace       used 68090K, committed 68544K, reserved 1114112K
  class space    used 7505K, committed 7744K, reserved 1048576K
}
Event: 15.340 {metaspace After GC invocations=15 (full 0):
 Metaspace       used 68090K, committed 68544K, reserved 1114112K
  class space    used 7505K, committed 7744K, reserved 1048576K
}
Event: 15.553 {metaspace Before GC invocations=15 (full 0):
 Metaspace       used 68112K, committed 68608K, reserved 1114112K
  class space    used 7505K, committed 7744K, reserved 1048576K
}
Event: 15.564 {metaspace After GC invocations=16 (full 0):
 Metaspace       used 68112K, committed 68608K, reserved 1114112K
  class space    used 7505K, committed 7744K, reserved 1048576K
}
Event: 15.669 {metaspace Before GC invocations=16 (full 0):
 Metaspace       used 68114K, committed 68608K, reserved 1114112K
  class space    used 7505K, committed 7744K, reserved 1048576K
}
Event: 15.690 {metaspace After GC invocations=17 (full 0):
 Metaspace       used 68114K, committed 68608K, reserved 1114112K
  class space    used 7505K, committed 7744K, reserved 1048576K
}
Event: 15.862 {metaspace Before GC invocations=18 (full 0):
 Metaspace       used 69376K, committed 69824K, reserved 1114112K
  class space    used 7664K, committed 7872K, reserved 1048576K
}
Event: 15.871 {metaspace After GC invocations=19 (full 0):
 Metaspace       used 69376K, committed 69824K, reserved 1114112K
  class space    used 7664K, committed 7872K, reserved 1048576K
}
Event: 15.952 {metaspace Before GC invocations=19 (full 0):
 Metaspace       used 69380K, committed 69824K, reserved 1114112K
  class space    used 7664K, committed 7872K, reserved 1048576K
}
Event: 15.958 {metaspace After GC invocations=20 (full 0):
 Metaspace       used 69380K, committed 69824K, reserved 1114112K
  class space    used 7664K, committed 7872K, reserved 1048576K
}
Event: 16.175 {metaspace Before GC invocations=20 (full 0):
 Metaspace       used 69440K, committed 69952K, reserved 1114112K
  class space    used 7665K, committed 7872K, reserved 1048576K
}
Event: 16.187 {metaspace After GC invocations=21 (full 0):
 Metaspace       used 69440K, committed 69952K, reserved 1114112K
  class space    used 7665K, committed 7872K, reserved 1048576K
}
Event: 16.351 {metaspace Before GC invocations=22 (full 0):
 Metaspace       used 69442K, committed 69952K, reserved 1114112K
  class space    used 7665K, committed 7872K, reserved 1048576K
}
Event: 16.362 {metaspace After GC invocations=23 (full 0):
 Metaspace       used 69442K, committed 69952K, reserved 1114112K
  class space    used 7665K, committed 7872K, reserved 1048576K
}
Event: 16.723 {metaspace Before GC invocations=23 (full 0):
 Metaspace       used 69879K, committed 70400K, reserved 1114112K
  class space    used 7708K, committed 7936K, reserved 1048576K
}
Event: 16.728 {metaspace After GC invocations=24 (full 0):
 Metaspace       used 69879K, committed 70400K, reserved 1114112K
  class space    used 7708K, committed 7936K, reserved 1048576K
}

Dll operation events (10 events):
Event: 0.024 Loaded shared library C:\Program Files\Java\jdk-25\bin\java.dll
Event: 0.242 Loaded shared library C:\Program Files\Java\jdk-25\bin\net.dll
Event: 0.245 Loaded shared library C:\Program Files\Java\jdk-25\bin\nio.dll
Event: 0.251 Loaded shared library C:\Program Files\Java\jdk-25\bin\zip.dll
Event: 0.508 Loaded shared library C:\Program Files\Java\jdk-25\bin\jimage.dll
Event: 3.031 Loaded shared library C:\Program Files\Java\jdk-25\bin\sunmscapi.dll
Event: 5.711 Loaded shared library C:\Program Files\Java\jdk-25\bin\management.dll
Event: 5.719 Loaded shared library C:\Program Files\Java\jdk-25\bin\management_ext.dll
Event: 6.811 Loaded shared library C:\Program Files\Java\jdk-25\bin\verify.dll
Event: 7.321 Loaded shared library C:\Program Files\Java\jdk-25\bin\extnet.dll

Deoptimization events (20 events):
Event: 17.364 Thread 0x00000217a152c220 Uncommon trap: trap_request=0xffffff45 fr.pc=0x00000217b3dabc74 relative=0x00000000000009f4
Event: 17.364 Thread 0x00000217a152c220 Uncommon trap: reason=unstable_if action=reinterpret pc=0x00000217b3dabc74 method=java.util.zip.ZipFile$Source.getEntryPos(Ljava/lang/String;ZLjava/util/zip/ZipCoder;)Ljava/util/zip/ZipFile$EntryPos; @ 105 c2
Event: 17.364 Thread 0x00000217a152c220 DEOPT PACKING pc=0x00000217b3dabc74 sp=0x00000052276f5c10
Event: 17.364 Thread 0x00000217a152c220 DEOPT UNPACKING pc=0x00000217b388f882 sp=0x00000052276f5b20 mode 2
Event: 17.367 Thread 0x00000217a152c220 Uncommon trap: trap_request=0xffffff45 fr.pc=0x00000217b3e55ae4 relative=0x00000000000000e4
Event: 17.367 Thread 0x00000217a152c220 Uncommon trap: reason=unstable_if action=reinterpret pc=0x00000217b3e55ae4 method=org.springframework.core.ResolvableType.resolveClass()Ljava/lang/Class; @ 38 c2
Event: 17.367 Thread 0x00000217a152c220 DEOPT PACKING pc=0x00000217b3e55ae4 sp=0x00000052276f6230
Event: 17.367 Thread 0x00000217a152c220 DEOPT UNPACKING pc=0x00000217b388f882 sp=0x00000052276f61a8 mode 2
Event: 17.477 Thread 0x00000217a152c220 Uncommon trap: trap_request=0xffffff45 fr.pc=0x00000217b4043984 relative=0x0000000000002984
Event: 17.477 Thread 0x00000217a152c220 Uncommon trap: reason=unstable_if action=reinterpret pc=0x00000217b4043984 method=java.net.URL.isBuiltinStreamHandler(Ljava/net/URLStreamHandler;)Z @ 13 c2
Event: 17.477 Thread 0x00000217a152c220 DEOPT PACKING pc=0x00000217b4043984 sp=0x00000052276fbc40
Event: 17.477 Thread 0x00000217a152c220 DEOPT UNPACKING pc=0x00000217b388f882 sp=0x00000052276fbab8 mode 2
Event: 17.613 Thread 0x00000217a152c220 Uncommon trap: trap_request=0xffffffde fr.pc=0x00000217b4019cd4 relative=0x00000000000000d4
Event: 17.613 Thread 0x00000217a152c220 Uncommon trap: reason=class_check action=maybe_recompile pc=0x00000217b4019cd4 method=java.lang.reflect.Method.equals(Ljava/lang/Object;)Z @ 1 c2
Event: 17.613 Thread 0x00000217a152c220 DEOPT PACKING pc=0x00000217b4019cd4 sp=0x00000052276fe270
Event: 17.613 Thread 0x00000217a152c220 DEOPT UNPACKING pc=0x00000217b388f882 sp=0x00000052276fe1f8 mode 2
Event: 17.763 Thread 0x00000217a152c220 Uncommon trap: trap_request=0xfffffff4 fr.pc=0x00000217b3e9aa10 relative=0x0000000000000f90
Event: 17.763 Thread 0x00000217a152c220 Uncommon trap: reason=null_check action=make_not_entrant pc=0x00000217b3e9aa10 method=org.springframework.beans.factory.support.DefaultSingletonBeanRegistry.getSingleton(Ljava/lang/String;Z)Ljava/lang/Object; @ 96 c2
Event: 17.763 Thread 0x00000217a152c220 DEOPT PACKING pc=0x00000217b3e9aa10 sp=0x00000052276fd2f0
Event: 17.763 Thread 0x00000217a152c220 DEOPT UNPACKING pc=0x00000217b388f882 sp=0x00000052276fd290 mode 2

Classes loaded (20 events):
Event: 14.153 Loading class java/util/EmptyStackException
Event: 14.153 Loading class java/util/EmptyStackException done
Event: 14.583 Loading class java/io/InvalidClassException
Event: 14.583 Loading class java/io/InvalidClassException done
Event: 16.515 Loading class java/lang/invoke/MethodHandleImpl$CountingWrapper$1
Event: 16.515 Loading class java/lang/invoke/MethodHandleImpl$CountingWrapper$1 done
Event: 16.612 Loading class java/lang/invoke/BoundMethodHandle$Species_LLLLLLLL
Event: 16.612 Loading class java/lang/invoke/BoundMethodHandle$Species_LLLLLLLL done
Event: 16.814 Loading class java/time/Duration$1
Event: 16.815 Loading class java/time/Duration$1 done
Event: 17.080 Loading class java/util/Comparators$NullComparator
Event: 17.080 Loading class java/util/Comparators$NullComparator done
Event: 17.307 Loading class java/util/AbstractList$SubList$1
Event: 17.307 Loading class java/util/AbstractList$SubList$1 done
Event: 17.406 Loading class java/util/EnumMap$EntrySet
Event: 17.408 Loading class java/util/EnumMap$EntrySet done
Event: 17.408 Loading class java/util/EnumMap$EntryIterator
Event: 17.408 Loading class java/util/EnumMap$EnumMapIterator
Event: 17.408 Loading class java/util/EnumMap$EnumMapIterator done
Event: 17.408 Loading class java/util/EnumMap$EntryIterator done

Classes unloaded (0 events):
No events

Classes redefined (0 events):
No events

Internal exceptions (20 events):
Event: 13.044 Thread 0x00000217a152c220 Exception <a 'java/lang/IncompatibleClassChangeError'{0x0000000708eb89d8}: Found class java.lang.Object, but interface was expected> (0x0000000708eb89d8) 
thrown [s\open\src\hotspot\share\interpreter\linkResolver.cpp, line 871]
Event: 13.280 Thread 0x00000217a152c220 Exception <a 'java/lang/IncompatibleClassChangeError'{0x00000007087bd2d8}: Found class java.lang.Object, but interface was expected> (0x00000007087bd2d8) 
thrown [s\open\src\hotspot\share\interpreter\linkResolver.cpp, line 871]
Event: 13.396 Thread 0x00000217a152c220 Exception <a 'java/lang/IncompatibleClassChangeError'{0x0000000708366520}: Found class java.lang.Object, but interface was expected> (0x0000000708366520) 
thrown [s\open\src\hotspot\share\interpreter\linkResolver.cpp, line 871]
Event: 13.475 Thread 0x00000217a152c220 Exception <a 'java/lang/NoSuchMethodError'{0x00000007080ec500}: 'java.lang.Object java.lang.invoke.DirectMethodHandle$Holder.invokeStatic(java.lang.Object, int, java.lang.Object)'> (0x00000007080ec500) 
thrown [s\open\src\hotspot\share\interpreter\linkResolver.cpp, line 804]
Event: 13.578 Thread 0x00000217a152c220 Exception <a 'java/lang/NoSuchMethodError'{0x0000000707fdf920}: 'long java.lang.invoke.DirectMethodHandle$Holder.invokeVirtual(java.lang.Object, java.lang.Object)'> (0x0000000707fdf920) 
thrown [s\open\src\hotspot\share\interpreter\linkResolver.cpp, line 804]
Event: 13.622 Thread 0x00000217a152c220 Exception <a 'java/lang/NoSuchMethodError'{0x0000000707a0e250}: 'void java.lang.invoke.DirectMethodHandle$Holder.invokeVirtual(java.lang.Object, java.lang.Object, long)'> (0x0000000707a0e250) 
thrown [s\open\src\hotspot\share\interpreter\linkResolver.cpp, line 804]
Event: 13.666 Thread 0x00000217a152c220 Exception <a 'java/lang/NoSuchMethodError'{0x0000000707822c88}: 'void java.lang.invoke.Invokers$Holder.invokeExact_MT(java.lang.Object, java.lang.Object, java.lang.Object, java.lang.Object)'> (0x0000000707822c88) 
thrown [s\open\src\hotspot\share\interpreter\linkResolver.cpp, line 804]
Event: 13.711 Thread 0x00000217a152c220 Implicit null exception at 0x00000217b3d82752 to 0x00000217b3d829ac
Event: 13.731 Thread 0x00000217a152c220 Exception <a 'java/io/FileNotFoundException'{0x000000070761ff18}> (0x000000070761ff18) 
thrown [s\open\src\hotspot\share\prims\jni.cpp, line 516]
Event: 13.732 Thread 0x00000217a152c220 Exception <a 'java/io/FileNotFoundException'{0x0000000707629a30}> (0x0000000707629a30) 
thrown [s\open\src\hotspot\share\prims\jni.cpp, line 516]
Event: 13.806 Thread 0x00000217a152c220 Exception <a 'java/lang/NoSuchMethodError'{0x000000070749a168}: 'int java.lang.invoke.DirectMethodHandle$Holder.invokeStaticInit(java.lang.Object, int, java.lang.Object, java.lang.Object, java.lang.Object, java.lang.Object)'> (0x000000070749a168) 
thrown [s\open\src\hotspot\share\interpreter\linkResolver.cpp, line 804]
Event: 16.610 Thread 0x00000217a152c220 Exception <a 'java/lang/NoSuchMethodError'{0x000000070aa56838}: 'java.lang.Object java.lang.invoke.DirectMethodHandle$Holder.newInvokeSpecial(java.lang.Object, java.lang.Object, java.lang.Object, java.lang.Object, java.lang.Object, java.lang.Object, java.lang.Object, java.lang.Object)'> (0x000000070aa56838) 
thrown [s\open\src\hotspot\share\interpreter\linkResolver.cpp, line 804]
Event: 16.614 Thread 0x00000217a152c220 Exception <a 'java/lang/NoSuchMethodError'{0x000000070aaab3e8}: 'java.lang.Object java.lang.invoke.DirectMethodHandle$Holder.invokeStatic(java.lang.Object, java.lang.Object, java.lang.Object, java.lang.Object, java.lang.Object, java.lang.Object, java.lang.Object, java.lang.Object, java.lang.Object, java.lang.Object, java.lang.Object)'> (0x000000070aaab3e8) 
thrown [s\open\src\hotspot\share\interpreter\linkResolver.cpp, line 804]
Event: 16.741 Thread 0x00000217a152c220 Exception <a 'java/io/IOException'{0x00000007fffda8e0}> (0x00000007fffda8e0) 
thrown [s\open\src\hotspot\share\prims\jni.cpp, line 516]
Event: 16.750 Thread 0x00000217a152c220 Exception <a 'java/io/IOException'{0x00000007ffc09a28}> (0x00000007ffc09a28) 
thrown [s\open\src\hotspot\share\prims\jni.cpp, line 516]
Event: 17.145 Thread 0x00000217a152c220 Exception <a 'java/io/IOException'{0x000000070cf68a20}> (0x000000070cf68a20) 
thrown [s\open\src\hotspot\share\prims\jni.cpp, line 516]
Event: 17.450 Thread 0x00000217a152c220 Exception <a 'java/lang/IncompatibleClassChangeError'{0x000000070c4cff00}: Found class java.lang.Object, but interface was expected> (0x000000070c4cff00) 
thrown [s\open\src\hotspot\share\interpreter\linkResolver.cpp, line 871]
Event: 17.604 Thread 0x00000217a152c220 Exception <a 'java/lang/NoSuchMethodError'{0x000000070be6c850}: 'java.lang.Object java.lang.invoke.DirectMethodHandle$Holder.invokeInterface(java.lang.Object, java.lang.Object, java.lang.Object, java.lang.Object)'> (0x000000070be6c850) 
thrown [s\open\src\hotspot\share\interpreter\linkResolver.cpp, line 804]
Event: 17.755 Thread 0x00000217a152c220 Exception <a 'java/lang/NoSuchMethodError'{0x000000070ba50870}: 'int java.lang.invoke.DirectMethodHandle$Holder.invokeStaticInit(java.lang.Object, java.lang.Object, java.lang.Object, java.lang.Object)'> (0x000000070ba50870) 
thrown [s\open\src\hotspot\share\interpreter\linkResolver.cpp, line 804]
Event: 17.763 Thread 0x00000217a152c220 Implicit null exception at 0x00000217b3e9a540 to 0x00000217b3e9aa00

VM Operations (20 events):
Event: 16.255 Executing safepoint VM operation: G1PauseRemark
Event: 16.261 Executing safepoint VM operation: G1PauseRemark done
Event: 16.288 Executing safepoint VM operation: G1PauseCleanup
Event: 16.288 Executing safepoint VM operation: G1PauseCleanup done
Event: 16.351 Executing safepoint VM operation: G1CollectForAllocation (G1 Evacuation Pause)
Event: 16.362 Executing safepoint VM operation: G1CollectForAllocation (G1 Evacuation Pause) done
Event: 16.723 Executing safepoint VM operation: G1CollectForAllocation (G1 Evacuation Pause)
Event: 16.728 Executing safepoint VM operation: G1CollectForAllocation (G1 Evacuation Pause) done
Event: 17.188 Executing non-safepoint VM operation: HandshakeAllThreads (Deoptimize)
Event: 17.188 Executing non-safepoint VM operation: HandshakeAllThreads (Deoptimize) done
Event: 17.203 Executing non-safepoint VM operation: HandshakeAllThreads (Deoptimize)
Event: 17.203 Executing non-safepoint VM operation: HandshakeAllThreads (Deoptimize) done
Event: 17.228 Executing non-safepoint VM operation: HandshakeAllThreads (Deoptimize)
Event: 17.228 Executing non-safepoint VM operation: HandshakeAllThreads (Deoptimize) done
Event: 17.230 Executing non-safepoint VM operation: HandshakeAllThreads (Deoptimize)
Event: 17.230 Executing non-safepoint VM operation: HandshakeAllThreads (Deoptimize) done
Event: 17.465 Executing non-safepoint VM operation: HandshakeAllThreads (Deoptimize)
Event: 17.466 Executing non-safepoint VM operation: HandshakeAllThreads (Deoptimize) done
Event: 17.714 Executing non-safepoint VM operation: HandshakeAllThreads (Deoptimize)
Event: 17.714 Executing non-safepoint VM operation: HandshakeAllThreads (Deoptimize) done

Memory protections (0 events):
No events

Nmethod flushes (20 events):
Event: 16.260 Thread 0x00000217c2c5bf40 flushing  nmethod 0x00000217acd18888
Event: 16.260 Thread 0x00000217c2c5bf40 flushing  nmethod 0x00000217acd19388
Event: 16.260 Thread 0x00000217c2c5bf40 flushing  nmethod 0x00000217acd3ed08
Event: 16.260 Thread 0x00000217c2c5bf40 flushing  nmethod 0x00000217ac82cc08
Event: 16.260 Thread 0x00000217c2c5bf40 flushing  nmethod 0x00000217ac832e88
Event: 16.260 Thread 0x00000217c2c5bf40 flushing  nmethod 0x00000217aca17d08
Event: 16.260 Thread 0x00000217c2c5bf40 flushing  nmethod 0x00000217acd1a408
Event: 16.260 Thread 0x00000217c2c5bf40 flushing  nmethod 0x00000217acd1b688
Event: 16.260 Thread 0x00000217c2c5bf40 flushing  nmethod 0x00000217acd1be08
Event: 16.260 Thread 0x00000217c2c5bf40 flushing  nmethod 0x00000217acd1cc88
Event: 16.260 Thread 0x00000217c2c5bf40 flushing  nmethod 0x00000217acd1d108
Event: 16.260 Thread 0x00000217c2c5bf40 flushing  nmethod 0x00000217acd1e188
Event: 16.260 Thread 0x00000217c2c5bf40 flushing  nmethod 0x00000217acd1ef88
Event: 16.260 Thread 0x00000217c2c5bf40 flushing  nmethod 0x00000217acd1f588
Event: 16.260 Thread 0x00000217c2c5bf40 flushing  nmethod 0x00000217acd1f908
Event: 16.260 Thread 0x00000217c2c5bf40 flushing  nmethod 0x00000217acd1ff88
Event: 16.260 Thread 0x00000217c2c5bf40 flushing  nmethod 0x00000217acd21108
Event: 16.260 Thread 0x00000217c2c5bf40 flushing osr nmethod 0x00000217acd56008
Event: 16.260 Thread 0x00000217c2c5bf40 flushing  nmethod 0x00000217acd56d88
Event: 16.260 Thread 0x00000217c2c5bf40 flushing osr nmethod 0x00000217acd59088

Events (20 events):
Event: 8.022 Thread 0x00000217c2c872e0 Thread added: 0x00000217c90115f0
Event: 8.147 Thread 0x00000217c2c872e0 Thread added: 0x00000217c9010de0
Event: 9.195 Thread 0x00000217c9010de0 Thread exited: 0x00000217c9010de0
Event: 9.195 Thread 0x00000217c90115f0 Thread exited: 0x00000217c90115f0
Event: 9.541 Thread 0x00000217c2c814f0 Thread added: 0x00000217c9010de0
Event: 10.749 Thread 0x00000217c9010de0 Thread exited: 0x00000217c9010de0
Event: 12.929 Thread 0x00000217c2c872e0 Thread added: 0x00000217c900f5b0
Event: 12.929 Thread 0x00000217c2c872e0 Thread added: 0x00000217c9013e40
Event: 13.443 Thread 0x00000217c9013e40 Thread exited: 0x00000217c9013e40
Event: 13.593 Thread 0x00000217a152c220 Thread added: 0x00000217c96fc230
Event: 13.594 Thread 0x00000217c96fc230 Thread added: 0x00000217c96fe170
Event: 13.601 Thread 0x00000217a152c220 Thread added: 0x00000217c2c8ea20
Event: 13.609 Thread 0x00000217c2c872e0 Thread added: 0x00000217c90115f0
Event: 14.242 Thread 0x00000217c96f7be0 Thread exited: 0x00000217c96f7be0
Event: 14.596 Thread 0x00000217c90115f0 Thread exited: 0x00000217c90115f0
Event: 14.713 Thread 0x00000217c2c872e0 Thread added: 0x00000217c9010de0
Event: 15.655 Thread 0x00000217c9010de0 Thread exited: 0x00000217c9010de0
Event: 15.657 Thread 0x00000217c900f5b0 Thread exited: 0x00000217c900f5b0
Event: 16.194 Thread 0x00000217c2c872e0 Thread added: 0x00000217c9010de0
Event: 16.564 Thread 0x00000217c2c872e0 Thread added: 0x00000217c90115f0


Dynamic libraries:
0x00007ff61d4a0000 - 0x00007ff61d4b0000 	C:\Program Files\Java\jdk-25\bin\javaw.exe
0x00007fff1bbe0000 - 0x00007fff1be46000 	C:\WINDOWS\SYSTEM32\ntdll.dll
0x00007fff1b6e0000 - 0x00007fff1b7a9000 	C:\WINDOWS\System32\KERNEL32.DLL
0x00007fff190d0000 - 0x00007fff194d0000 	C:\WINDOWS\System32\KERNELBASE.dll
0x00007fff194e0000 - 0x00007fff1962c000 	C:\WINDOWS\System32\ucrtbase.dll
0x00007ffeffb70000 - 0x00007ffeffb8e000 	C:\Program Files\Java\jdk-25\bin\VCRUNTIME140.dll
0x00007fff00cb0000 - 0x00007fff00cc7000 	C:\Program Files\Java\jdk-25\bin\jli.dll
0x00007fff19f20000 - 0x00007fff1a0e7000 	C:\WINDOWS\System32\USER32.dll
0x00007fff18fe0000 - 0x00007fff19007000 	C:\WINDOWS\System32\win32u.dll
0x00007ffefe2a0000 - 0x00007ffefe532000 	C:\WINDOWS\WinSxS\amd64_microsoft.windows.common-controls_6595b64144ccf1df_6.0.26100.8737_none_3e092eaee333b772\COMCTL32.dll
0x00007fff1bb40000 - 0x00007fff1bb6b000 	C:\WINDOWS\System32\GDI32.dll
0x00007fff1a130000 - 0x00007fff1a1d9000 	C:\WINDOWS\System32\msvcrt.dll
0x00007fff19640000 - 0x00007fff19769000 	C:\WINDOWS\System32\gdi32full.dll
0x00007fff19770000 - 0x00007fff19813000 	C:\WINDOWS\System32\msvcp_win.dll
0x00007fff1b470000 - 0x00007fff1b4a2000 	C:\WINDOWS\System32\IMM32.DLL
0x00007fff15550000 - 0x00007fff1555c000 	C:\Program Files\Java\jdk-25\bin\vcruntime140_1.dll
0x00007ffeff050000 - 0x00007ffeff0dd000 	C:\Program Files\Java\jdk-25\bin\msvcp140.dll
0x00007ffe311a0000 - 0x00007ffe31fff000 	C:\Program Files\Java\jdk-25\bin\server\jvm.dll
0x00007fff19db0000 - 0x00007fff19e67000 	C:\WINDOWS\System32\ADVAPI32.dll
0x00007fff19e70000 - 0x00007fff19f1a000 	C:\WINDOWS\System32\sechost.dll
0x00007fff1b4b0000 - 0x00007fff1b5c8000 	C:\WINDOWS\System32\RPCRT4.dll
0x00007fff198e0000 - 0x00007fff19960000 	C:\WINDOWS\System32\WS2_32.dll
0x00007fff18c50000 - 0x00007fff18cae000 	C:\WINDOWS\SYSTEM32\POWRPROF.dll
0x00007fff00730000 - 0x00007fff00766000 	C:\WINDOWS\SYSTEM32\WINMM.dll
0x00007fff10210000 - 0x00007fff1021b000 	C:\WINDOWS\SYSTEM32\VERSION.dll
0x00007fff18c30000 - 0x00007fff18c44000 	C:\WINDOWS\SYSTEM32\UMPDC.dll
0x00007fff17a70000 - 0x00007fff17a8b000 	C:\WINDOWS\SYSTEM32\kernel.appcore.dll
0x00007fff11170000 - 0x00007fff1117a000 	C:\Program Files\Java\jdk-25\bin\jimage.dll
0x00007fff162b0000 - 0x00007fff164f2000 	C:\WINDOWS\SYSTEM32\DBGHELP.DLL
0x00007fff1b7b0000 - 0x00007fff1bb33000 	C:\WINDOWS\System32\combase.dll
0x00007fff1a910000 - 0x00007fff1a9e9000 	C:\WINDOWS\System32\OLEAUT32.dll
0x00007ffef0a80000 - 0x00007ffef0abb000 	C:\WINDOWS\SYSTEM32\dbgcore.DLL
0x00007fff19820000 - 0x00007fff198cc000 	C:\WINDOWS\System32\bcryptPrimitives.dll
0x00007ffeffa40000 - 0x00007ffeffa5f000 	C:\Program Files\Java\jdk-25\bin\java.dll
0x00007fff19c10000 - 0x00007fff19da9000 	C:\WINDOWS\System32\ole32.dll
0x00007fff1ab80000 - 0x00007fff1b312000 	C:\WINDOWS\System32\SHELL32.dll
0x00007fff16850000 - 0x00007fff170e2000 	C:\WINDOWS\SYSTEM32\windows.storage.dll
0x00007fff1b320000 - 0x00007fff1b417000 	C:\WINDOWS\System32\SHCORE.dll
0x00007fff19ba0000 - 0x00007fff19c07000 	C:\WINDOWS\System32\shlwapi.dll
0x00007fff18cf0000 - 0x00007fff18d19000 	C:\WINDOWS\SYSTEM32\profapi.dll
0x00007ffeff880000 - 0x00007ffeff892000 	C:\Program Files\Java\jdk-25\bin\net.dll
0x00007fff18000000 - 0x00007fff1806c000 	C:\WINDOWS\system32\mswsock.dll
0x00007ffeff7b0000 - 0x00007ffeff7c6000 	C:\Program Files\Java\jdk-25\bin\nio.dll
0x00007ffeff340000 - 0x00007ffeff357000 	C:\Program Files\Java\jdk-25\bin\zip.dll
0x00007ffeffb60000 - 0x00007ffeffb6e000 	C:\Program Files\Java\jdk-25\bin\sunmscapi.dll
0x00007fff18e60000 - 0x00007fff18fd8000 	C:\WINDOWS\System32\CRYPT32.dll
0x00007fff185a0000 - 0x00007fff185d0000 	C:\WINDOWS\SYSTEM32\ncrypt.dll
0x00007fff18550000 - 0x00007fff1858f000 	C:\WINDOWS\SYSTEM32\NTASN1.dll
0x00007fff18430000 - 0x00007fff1844b000 	C:\WINDOWS\SYSTEM32\CRYPTSP.dll
0x00007fff179d0000 - 0x00007fff17a09000 	C:\WINDOWS\system32\rsaenh.dll
0x00007fff180c0000 - 0x00007fff180f2000 	C:\WINDOWS\SYSTEM32\USERENV.dll
0x00007fff18cc0000 - 0x00007fff18cea000 	C:\WINDOWS\SYSTEM32\bcrypt.dll
0x00007fff18270000 - 0x00007fff1827c000 	C:\WINDOWS\SYSTEM32\CRYPTBASE.dll
0x00007fff17470000 - 0x00007fff174a3000 	C:\WINDOWS\SYSTEM32\IPHLPAPI.DLL
0x00007fff1a120000 - 0x00007fff1a12a000 	C:\WINDOWS\System32\NSI.dll
0x00007ffeffc40000 - 0x00007ffeffc4a000 	C:\Program Files\Java\jdk-25\bin\management.dll
0x00007ffeff620000 - 0x00007ffeff62c000 	C:\Program Files\Java\jdk-25\bin\management_ext.dll
0x00007fff19b10000 - 0x00007fff19b18000 	C:\WINDOWS\System32\PSAPI.DLL
0x00007ffeffa90000 - 0x00007ffeffaa0000 	C:\Program Files\Java\jdk-25\bin\verify.dll
0x00007fff17510000 - 0x00007fff17665000 	C:\WINDOWS\SYSTEM32\DNSAPI.dll
0x00007fff17e00000 - 0x00007fff17e0d000 	C:\WINDOWS\SYSTEM32\DSPARSE.dll
0x00007fff08b40000 - 0x00007fff08b4b000 	C:\Windows\System32\rasadhlp.dll
0x00007fff0bc80000 - 0x00007fff0bd06000 	C:\WINDOWS\System32\fwpuclnt.dll
0x00007fff00e10000 - 0x00007fff00e19000 	C:\Program Files\Java\jdk-25\bin\extnet.dll

JVMTI agents: none

dbghelp: loaded successfully - version: 4.0.5 - missing functions: none
symbol engine: initialized successfully - sym options: 0x614 - pdb path: .;C:\Program Files\Java\jdk-25\bin;C:\WINDOWS\SYSTEM32;C:\WINDOWS\WinSxS\amd64_microsoft.windows.common-controls_6595b64144ccf1df_6.0.26100.8737_none_3e092eaee333b772;C:\Program Files\Java\jdk-25\bin\server

VM Arguments:
jvm_args: -Dfile.encoding=UTF-8 -Dstdout.encoding=UTF-8 -Dstderr.encoding=UTF-8 -XX:+ShowCodeDetailsInExceptionMessages 
java_command: com.monprojet.PresenceApplication
java_class_path (initial): C:\Users\Utilisateur\eclipse-workspace\mon-presence\target\classes;C:\Users\Utilisateur\.m2\repository\org\springframework\boot\spring-boot-starter-web\3.5.0\spring-boot-starter-web-3.5.0.jar;C:\Users\Utilisateur\.m2\repository\org\springframework\boot\spring-boot-starter\3.5.0\spring-boot-starter-3.5.0.jar;C:\Users\Utilisateur\.m2\repository\org\springframework\boot\spring-boot\3.5.0\spring-boot-3.5.0.jar;C:\Users\Utilisateur\.m2\repository\org\springframework\boot\spring-boot-autoconfigure\3.5.0\spring-boot-autoconfigure-3.5.0.jar;C:\Users\Utilisateur\.m2\repository\org\springframework\boot\spring-boot-starter-logging\3.5.0\spring-boot-starter-logging-3.5.0.jar;C:\Users\Utilisateur\.m2\repository\ch\qos\logback\logback-classic\1.5.18\logback-classic-1.5.18.jar;C:\Users\Utilisateur\.m2\repository\ch\qos\logback\logback-core\1.5.18\logback-core-1.5.18.jar;C:\Users\Utilisateur\.m2\repository\org\apache\logging\log4j\log4j-to-slf4j\2.24.3\log4j-to-slf4j-2.24.3.jar;C:\Users\Utilisateur\.m2\repository\org\apache\logging\log4j\log4j-api\2.24.3\log4j-api-2.24.3.jar;C:\Users\Utilisateur\.m2\repository\org\slf4j\jul-to-slf4j\2.0.17\jul-to-slf4j-2.0.17.jar;C:\Users\Utilisateur\.m2\repository\jakarta\annotation\jakarta.annotation-api\2.1.1\jakarta.annotation-api-2.1.1.jar;C:\Users\Utilisateur\.m2\repository\org\springframework\spring-core\6.2.7\spring-core-6.2.7.jar;C:\Users\Utilisateur\.m2\repository\org\springframework\spring-jcl\6.2.7\spring-jcl-6.2.7.jar;C:\Users\Utilisateur\.m2\repository\org\yaml\snakeyaml\2.4\snakeyaml-2.4.jar;C:\Users\Utilisateur\.m2\repository\org\springframework\boot\spring-boot-starter-json\3.5.0\spring-boot-starter-json-3.5.0.jar;C:\Users\Utilisateur\.m2\repository\com\fasterxml\jackson\datatype\jackson-datatype-jdk8\2.19.0\jackson-datatype-jdk8-2.19.0.jar;C:\Users\Utilisateur\.m2\repository\com\fasterxml\jackson\datatype\jackson-datatype-jsr310\2.19.0\jackson-datatype-jsr310-2.19.0.jar;C:\Users\Utilisateur\.m2\repository\com\fasterxml\jackson\module\jackson-module-parameter-names\2.19.0\jackson-module-parameter-names-2.19.0.jar;C:\Users\Utilisateur\.m2\repository\org\springframework\boot\spring-boot-starter-tomcat\3.5.0\spring-boot-starter-tomcat-3.5.0.jar;C:\Users\Utilisateur\.m2\repository\org\apache\tomcat\embed\tomcat-embed-core\10.1.41\tomcat-embed-core-10.1.41.jar;C:\Users\Utilisateur\.m2\repository\org\apache\tomcat\embed\tomcat-embed-websocket\10.1.41\tomcat-embed-websocket-10.1.41.jar;C:\Users\Utilisateur\.m2\repository\org\springframework\spring-web\6.2.7\spring-web-6.2.7.jar;C:\Users\Utilisateur\.m2\repository\org\springframework\spring-beans\6.2.7\spring-beans-6.2.7.jar;C:\Users\Utilisateur\.m2\repository\io\micrometer\micrometer-observation\1.15.0\micrometer-observation-1.15.0.jar;C:\Users\Utilisateur\.m2\repository\io\micrometer\micrometer-commons\1.15.0\micrometer-commons-1.15.0.jar;C:\Users\Utilisateur\.m2\repository\org\springframework\spring-webmvc\6.2.7\spring-webmvc-6.2.7.jar;C:\Users\Utilisateur\.m2\repository\org\springframework\spring-context\6.2.7\spring-context-6.2.7.jar;C:\Users\Utilisateur\.m2\repository\org\springframework\spring-expression\6.2.7\spring-expression-6.2.7.jar;C:\Users\Utilisateur\.m2\repository\org\springframework\boot\spring-boot-starter-data-jpa\3.5.0\spring-boot-starter-data-jpa-3.5.0.jar;C:\Users\Utilisateur\.m2\repository\org\springframework\boot\spring-boot-starter-jdbc\3.5.0\spring-boot-starter-jdbc-3.5.0.jar;C:\Users\Utilisateur\.m2\repository\com\zaxxer\HikariCP\6.3.0\HikariCP-6.3.0.jar;C:\Users\Utilisateur\.m2\repository\org\springframework\spring-jdbc\6.2.7\spring-jdbc-6.2.7.jar;C:\Users\Utilisateur\.m2\repository\org\hibernate\orm\hibernate-core\6.6.15.Final\hibernate-core-6.6.15.Final.jar;C:\Users\Utilisateur\.m2\repository\jakarta\persistence\jakarta.persistence-api\3.1.0\jakarta.persistence-api-3.1.0.jar;C:\Users\Utilisateur\.m2\repository\jakarta\transaction\jakarta.transaction-api\2.0.1\jakarta.transaction-api-2.0.1.jar;C:\Users\Utilisateur\.m2\repository\org\jboss\logging\jboss-logging\3.6.1.Final\jboss-logging-3.6.1.Final.jar;C:\Users\Utilisateur\.m2\repository\org\hibernate\common\hibernate-commons-annotations\7.0.3.Final\hibernate-commons-annotations-7.0.3.Final.jar;C:\Users\Utilisateur\.m2\repository\io\smallrye\jandex\3.2.0\jandex-3.2.0.jar;C:\Users\Utilisateur\.m2\repository\com\fasterxml\classmate\1.7.0\classmate-1.7.0.jar;C:\Users\Utilisateur\.m2\repository\net\bytebuddy\byte-buddy\1.17.5\byte-buddy-1.17.5.jar;C:\Users\Utilisateur\.m2\repository\jakarta\xml\bind\jakarta.xml.bind-api\4.0.2\jakarta.xml.bind-api-4.0.2.jar;C:\Users\Utilisateur\.m2\repository\org\glassfish\jaxb\jaxb-runtime\4.0.5\jaxb-runtime-4.0.5.jar;C:\Users\Utilisateur\.m2\repository\org\glassfish\jaxb\jaxb-core\4.0.5\jaxb-core-4.0.5.jar;C:\Users\Utilisateur\.m2\repository\org\glassfish\jaxb\txw2\4.0.5\txw2-4.0.5.jar;C:\Users\Utilisateur\.m2\repository\com\sun\istack\istack-commons-runtime\4.1.2\istack-commons-runtime-4.1.2.jar;C:\Users\Utilisateur\.m2\repository\jakarta\inject\jakarta.inject-api\2.0.1\jakarta.inject-api-2.0.1.jar;C:\Users\Utilisateur\.m2\repository\org\antlr\antlr4-runtime\4.13.0\antlr4-runtime-4.13.0.jar;C:\Users\Utilisateur\.m2\repository\org\springframework\data\spring-data-jpa\3.5.0\spring-data-jpa-3.5.0.jar;C:\Users\Utilisateur\.m2\repository\org\springframework\data\spring-data-commons\3.5.0\spring-data-commons-3.5.0.jar;C:\Users\Utilisateur\.m2\repository\org\springframework\spring-orm\6.2.7\spring-orm-6.2.7.jar;C:\Users\Utilisateur\.m2\repository\org\springframework\spring-tx\6.2.7\spring-tx-6.2.7.jar;C:\Users\Utilisateur\.m2\repository\org\slf4j\slf4j-api\2.0.17\slf4j-api-2.0.17.jar;C:\Users\Utilisateur\.m2\repository\org\springframework\spring-aspects\6.2.7\spring-aspects-6.2.7.jar;C:\Users\Utilisateur\.m2\repository\org\aspectj\aspectjweaver\1.9.24\aspectjweaver-1.9.24.jar;C:\Users\Utilisateur\.m2\repository\org\postgresql\postgresql\42.7.5\postgresql-42.7.5.jar;C:\Users\Utilisateur\.m2\repository\org\checkerframework\checker-qual\3.48.3\checker-qual-3.48.3.jar;C:\Users\Utilisateur\.m2\repository\org\springframework\boot\spring-boot-starter-security\3.5.0\spring-boot-starter-security-3.5.0.jar;C:\Users\Utilisateur\.m2\repository\org\springframework\spring-aop\6.2.7\spring-aop-6.2.7.jar;C:\Users\Utilisateur\.m2\repository\org\springframework\security\spring-security-config\6.5.0\spring-security-config-6.5.0.jar;C:\Users\Utilisateur\.m2\repository\org\springframework\security\spring-security-core\6.5.0\spring-security-core-6.5.0.jar;C:\Users\Utilisateur\.m2\repository\org\springframework\security\spring-security-web\6.5.0\spring-security-web-6.5.0.jar;C:\Users\Utilisateur\.m2\repository\org\springframework\security\spring-security-crypto\6.5.0\spring-security-crypto-6.5.0.jar;C:\Users\Utilisateur\.m2\repository\org\springframework\boot\spring-boot-starter-validation\3.5.0\spring-boot-starter-validation-3.5.0.jar;C:\Users\Utilisateur\.m2\repository\org\apache\tomcat\embed\tomcat-embed-el\10.1.41\tomcat-embed-el-10.1.41.jar;C:\Users\Utilisateur\.m2\repository\org\hibernate\validator\hibernate-validator\8.0.2.Final\hibernate-validator-8.0.2.Final.jar;C:\Users\Utilisateur\.m2\repository\jakarta\validation\jakarta.validation-api\3.0.2\jakarta.validation-api-3.0.2.jar;C:\Users\Utilisateur\.m2\repository\org\projectlombok\lombok\1.18.38\lombok-1.18.38.jar;C:\Users\Utilisateur\.m2\repository\io\jsonwebtoken\jjwt-api\0.11.5\jjwt-api-0.11.5.jar;C:\Users\Utilisateur\.m2\repository\io\jsonwebtoken\jjwt-impl\0.11.5\jjwt-impl-0.11.5.jar;C:\Users\Utilisateur\.m2\repository\io\jsonwebtoken\jjwt-jackson\0.11.5\jjwt-jackson-0.11.5.jar;C:\Users\Utilisateur\.m2\repository\com\fasterxml\jackson\core\jackson-databind\2.19.0\jackson-databind-2.19.0.jar;C:\Users\Utilisateur\.m2\repository\com\fasterxml\jackson\core\jackson-annotations\2.19.0\jackson-annotations-2.19.0.jar;C:\Users\Utilisateur\.m2\repository\com\fasterxml\jackson\core\jackson-core\2.19.0\jackson-core-2.19.0.jar;C:\Users\Utilisateur\.m2\repository\org\springframework\boot\spring-boot-starter-mail\3.5.0\spring-boot-starter-mail-3.5.0.jar;C:\Users\Utilisateur\.m2\repository\org\springframework\spring-context-support\6.2.7\spring-context-support-6.2.7.jar;C:\Users\Utilisateur\.m2\repository\org\eclipse\angus\jakarta.mail\2.0.3\jakarta.mail-2.0.3.jar;C:\Users\Utilisateur\.m2\repository\jakarta\activation\jakarta.activation-api\2.1.3\jakarta.activation-api-2.1.3.jar;C:\Users\Utilisateur\.m2\repository\org\eclipse\angus\angus-activation\2.0.2\angus-activation-2.0.2.jar;C:\Users\Utilisateur\.m2\repository\com\itextpdf\itextpdf\5.5.13.3\itextpdf-5.5.13.3.jar
Launcher Type: SUN_STANDARD

[Global flags]
     intx CICompilerCount                          = 4                                         {product} {ergonomic}
     uint ConcGCThreads                            = 2                                         {product} {ergonomic}
     uint G1ConcRefinementThreads                  = 8                                         {product} {ergonomic}
   size_t G1HeapRegionSize                         = 2097152                                   {product} {ergonomic}
   size_t InitialHeapSize                          = 266338304                                 {product} {ergonomic}
   size_t MarkStackSize                            = 4194304                                   {product} {ergonomic}
   size_t MarkStackSizeMax                         = 536870912                                 {product} {ergonomic}
   size_t MaxHeapSize                              = 4236247040                                {product} {ergonomic}
   size_t MaxNewSize                               = 2541748224                                {product} {ergonomic}
   size_t MinHeapDeltaBytes                        = 2097152                                   {product} {ergonomic}
   size_t MinHeapSize                              = 8388608                                   {product} {ergonomic}
    uintx NonNMethodCodeHeapSize                   = 5832704                                {pd product} {ergonomic}
    uintx NonProfiledCodeHeapSize                  = 122945536                              {pd product} {ergonomic}
    uintx ProfiledCodeHeapSize                     = 122880000                              {pd product} {ergonomic}
    uintx ReservedCodeCacheSize                    = 251658240                              {pd product} {ergonomic}
     bool SegmentedCodeCache                       = true                                      {product} {ergonomic}
     bool ShowCodeDetailsInExceptionMessages       = true                                   {manageable} {command line}
   size_t SoftMaxHeapSize                          = 4236247040                             {manageable} {ergonomic}
     bool UseCompressedOops                        = true                           {product lp64_product} {ergonomic}
     bool UseG1GC                                  = true                                      {product} {ergonomic}
     bool UseLargePagesIndividualAllocation        = false                                  {pd product} {ergonomic}

Logging:
Log output configuration:
 #0: stdout all=warning uptime,level,tags foldmultilines=false
 #1: stderr all=off uptime,level,tags foldmultilines=false

Release file:
IMPLEMENTOR="Oracle Corporation" 
JAVA_RUNTIME_VERSION="25+37-LTS-3491" 
JAVA_VERSION="25" 
JAVA_VERSION_DATE="2025-09-16" 
LIBC="default" 
MODULES="java.base java.compiler java.datatransfer java.xml java.prefs java.desktop java.instrument java.logging java.management java.security.sasl java.naming java.rmi java.management.rmi java.net.http java.scripting java.security.jgss java.transaction.xa java.sql java.sql.rowset java.xml.crypto java.se java.smartcardio jdk.accessibility jdk.internal.jvmstat jdk.attach jdk.charsets jdk.internal.opt jdk.zipfs jdk.compiler jdk.crypto.cryptoki jdk.crypto.ec jdk.crypto.mscapi jdk.dynalink jdk.internal.ed jdk.editpad jdk.internal.vm.ci jdk.graal.compiler jdk.graal.compiler.management jdk.hotspot.agent jdk.httpserver jdk.incubator.vector jdk.internal.le jdk.internal.md jdk.jartool jdk.javadoc jdk.jcmd jdk.management jdk.management.agent jdk.jconsole jdk.jdeps jdk.jdwp.agent jdk.jdi jdk.jfr jdk.jlink jdk.jpackage jdk.jshell jdk.jsobject jdk.jstatd jdk.localedata jdk.management.jfr jdk.naming.dns jdk.naming.rmi jdk.net jdk.nio.mapmode jdk.sctp jdk.security.auth jdk.security.jgss jdk.unsupported jdk.unsupported.desktop jdk.xml.dom" 
OS_ARCH="x86_64" 
OS_NAME="Windows" 
SOURCE=".:git:49d6a23b8806 open:git:6c48f4ed707b" 

Environment Variables:
PATH=C:\Users\Utilisateur\AppData\Local\Programs\Python\Python314\Scripts\;C:\Users\Utilisateur\AppData\Local\Programs\Python\Python314\;C:\Program Files\Common Files\Oracle\Java\javapath;C:\Users\Utilisateur\Scripts\;C:\Users\Utilisateur\;C:\WINDOWS\system32;C:\WINDOWS;C:\WINDOWS\System32\Wbem;C:\WINDOWS\System32\WindowsPowerShell\v1.0\;C:\WINDOWS\System32\OpenSSH\;C:\Program Files (x86)\dotnet\;C:\composer;C:\ProgramData\chocolatey\bin;C:\UTC SERVICES\httpd\bin;C:\UTC SERVICES\PHP 8.3;C:\Program Files\nodejs\;C:\Program Files\Git\cmd;C:\Ruby32-x64\bin;C:\Users\Utilisateur\AppData\Local\Programs\Python\Launcher\;C:\Users\Utilisateur\AppData\Local\Microsoft\WindowsApps;C:\Users\Utilisateur\AppData\Local\Programs\Microsoft VS Code\bin;C:\Users\Utilisateur\AppData\Local\GitHubDesktop\bin;C:\xampp\php;C:\Users\Utilisateur\AppData\Roaming\Composer\vendor\bin;C:\FLUTTER\flutter\bin;C:\Users\Utilisateur\AppData\Local\Programs\Antigravity\bin;C:\Program Files\Antigravity\Antigravity.exe;C:\Users\Utilisateur\AppData\Roaming\npm;C:\Users\Utilisateur\AppData\Local\Programs\MiKTeX\miktex\bin\x64\
USERNAME=Utilisateur
OS=Windows_NT
PROCESSOR_IDENTIFIER=Intel64 Family 6 Model 142 Stepping 12, GenuineIntel
TMP=C:\Users\UTILIS~1\AppData\Local\Temp
TEMP=C:\Users\UTILIS~1\AppData\Local\Temp




Compilation memory statistics disabled.

Periodic native trim disabled

---------------  S Y S T E M  ---------------

OS:
 Windows 11 , 64 bit Build 26100 (10.0.26100.8737)
OS uptime: 0 days 22:08 hours
Hyper-V role detected

CPU: total 8 (initial active 8) (4 cores per cpu, 2 threads per core) family 6 model 142 stepping 12 microcode 0xfa, cx8, cmov, fxsr, ht, mmx, 3dnowpref, sse, sse2, sse3, ssse3, sse4.1, sse4.2, popcnt, lzcnt, tsc, tscinvbit, avx, avx2, aes, erms, clmul, bmi1, bmi2, adx, fma, vzeroupper, clflush, clflushopt, hv, rdtscp, f16c
Processor Information for processor 0
  Max Mhz: 1896, Current Mhz: 1596, Mhz Limit: 1592
Processor Information for processor 1
  Max Mhz: 1896, Current Mhz: 1496, Mhz Limit: 1592
Processor Information for processor 2
  Max Mhz: 1896, Current Mhz: 1496, Mhz Limit: 1592
Processor Information for processor 3
  Max Mhz: 1896, Current Mhz: 1496, Mhz Limit: 1592
Processor Information for processor 4
  Max Mhz: 1896, Current Mhz: 1496, Mhz Limit: 1592
Processor Information for processor 5
  Max Mhz: 1896, Current Mhz: 1596, Mhz Limit: 1592
Processor Information for processor 6
  Max Mhz: 1896, Current Mhz: 1596, Mhz Limit: 1592
Processor Information for processor 7
  Max Mhz: 1896, Current Mhz: 1596, Mhz Limit: 1592

Memory: 4k page, system-wide physical 16158M (2371M free)
TotalPageFile size 25609M (AvailPageFile size 17M)
current process WorkingSet (physical memory assigned to process): 386M, peak: 388M
current process commit charge ("private bytes"): 420M, peak: 431M

vm_info: Java HotSpot(TM) 64-Bit Server VM (25+37-LTS-3491) for windows-amd64 JRE (25+37-LTS-3491), built on 2025-08-14T21:13:00Z with unknown MS VC++:1943

END.
